<html>
<body>
<pre>
<h1>µVision Build Log</h1>
<h2>Tool Versions:</h2>
IDE-Version: ¦ÌVision V5.41.0.0
Copyright (C) 2024 ARM Ltd and ARM Germany GmbH. All rights reserved.
License Information: vbdg fsd, jkkld, LIC=WHYH9-4127N-01KP1-CWD30-I2FW0-4ULN9
 
Tool Versions:
Toolchain:       MDK-ARM Plus  Version: 5.41.0.0
Toolchain Path:  C:\Keil_v5\ARM\ARMCLANG\Bin
C Compiler:      ArmClang.exe V6.22
Assembler:       Armasm.exe V6.22
Linker/Locator:  ArmLink.exe V6.22
Library Manager: ArmAr.exe V6.22
Hex Converter:   FromElf.exe V6.22
CPU DLL:         SARMCM3.DLL V5.41.0.0
Dialog DLL:      DCM.DLL V1.17.5.0
Target DLL:      CMSIS_AGDI.dll V1.33.21.0
Dialog DLL:      TCM.DLL V1.56.4.0
 
<h2>Project:</h2>
C:\Users\gulu\Desktop\dm_motor_project\MDK-ARM\end.uvprojx
Project File Date:  06/25/2025

<h2>Output:</h2>
*** Using Compiler 'V6.22', folder: 'C:\Keil_v5\ARM\ARMCLANG\Bin'
Build target 'end'
../Core/Src/main.c(370): warning: passing 'volatile float[20]' to parameter of type 'float *' discards qualifiers [-Wincompatible-pointer-types-discards-qualifiers]
  370 |         test_flag = openmv_data_process_float(rx_buffer, strlen((const char*)rx_buffer), target_len, tar_buffer);
      |                                                                                                      ^~~~~~~~~~
../Core/Src/main.c(312): note: passing argument to parameter 'target_data' here
  312 | uint8_t openmv_data_process_float(uint8_t* rx_data, uint8_t len, uint8_t target_len, float* target_data)
      |                                                                                             ^
1 warning generated.
compiling main.c...
linking...
Program Size: Code=47080 RO-data=972 RW-data=256 ZI-data=9996  
FromELF: creating hex file...
"end\end.axf" - 0 Error(s), 1 Warning(s).

<h2>Software Packages used:</h2>

Package Vendor: ARM
                https://www.keil.com/pack/ARM.CMSIS.6.1.0.pack
                ARM::CMSIS@6.1.0
                CMSIS (Common Microcontroller Software Interface Standard)
   * Component: CORE Version: 6.1.0

Package Vendor: Keil
                https://www.keil.com/pack/Keil.STM32H7xx_DFP.3.1.1.pack
                Keil::STM32H7xx_DFP@3.1.1
                STMicroelectronics STM32H7 Series Device Support and Examples

<h2>Collection of Component include folders:</h2>
  ./RTE/_end
  C:/Users/gulu/AppData/Local/Arm/Packs/ARM/CMSIS/6.1.0/CMSIS/Core/Include
  C:/Users/gulu/AppData/Local/Arm/Packs/Keil/STM32H7xx_DFP/3.1.1/Drivers/CMSIS/Device/ST/STM32H7xx/Include

<h2>Collection of Component Files used:</h2>

   * Component: ARM::CMSIS:CORE@6.1.0
      Include file:  CMSIS/Core/Include/tz_context.h
Build Time Elapsed:  00:00:01
</pre>
</body>
</html>
