Component: ARM Compiler 5.06 update 7 (build 960) Tool: armlink [4d3601]

==============================================================================

Section Cross References

    startup_stm32h723xx.o(STACK) refers (Special) to heapauxi.o(.text) for __use_two_region_memory
    startup_stm32h723xx.o(HEAP) refers (Special) to heapauxi.o(.text) for __use_two_region_memory
    startup_stm32h723xx.o(RESET) refers (Special) to heapauxi.o(.text) for __use_two_region_memory
    startup_stm32h723xx.o(RESET) refers to startup_stm32h723xx.o(STACK) for __initial_sp
    startup_stm32h723xx.o(RESET) refers to startup_stm32h723xx.o(.text) for Reset_Handler
    startup_stm32h723xx.o(RESET) refers to stm32h7xx_it.o(i.NMI_Handler) for NMI_Handler
    startup_stm32h723xx.o(RESET) refers to stm32h7xx_it.o(i.HardFault_Handler) for HardFault_Handler
    startup_stm32h723xx.o(RESET) refers to stm32h7xx_it.o(i.MemManage_Handler) for MemManage_Handler
    startup_stm32h723xx.o(RESET) refers to stm32h7xx_it.o(i.BusFault_Handler) for BusFault_Handler
    startup_stm32h723xx.o(RESET) refers to stm32h7xx_it.o(i.UsageFault_Handler) for UsageFault_Handler
    startup_stm32h723xx.o(RESET) refers to stm32h7xx_it.o(i.SVC_Handler) for SVC_Handler
    startup_stm32h723xx.o(RESET) refers to stm32h7xx_it.o(i.DebugMon_Handler) for DebugMon_Handler
    startup_stm32h723xx.o(RESET) refers to stm32h7xx_it.o(i.PendSV_Handler) for PendSV_Handler
    startup_stm32h723xx.o(RESET) refers to stm32h7xx_it.o(i.SysTick_Handler) for SysTick_Handler
    startup_stm32h723xx.o(RESET) refers to stm32h7xx_it.o(i.DMA1_Stream0_IRQHandler) for DMA1_Stream0_IRQHandler
    startup_stm32h723xx.o(RESET) refers to stm32h7xx_it.o(i.DMA1_Stream1_IRQHandler) for DMA1_Stream1_IRQHandler
    startup_stm32h723xx.o(RESET) refers to stm32h7xx_it.o(i.FDCAN1_IT0_IRQHandler) for FDCAN1_IT0_IRQHandler
    startup_stm32h723xx.o(RESET) refers to stm32h7xx_it.o(i.FDCAN1_IT1_IRQHandler) for FDCAN1_IT1_IRQHandler
    startup_stm32h723xx.o(RESET) refers to stm32h7xx_it.o(i.TIM3_IRQHandler) for TIM3_IRQHandler
    startup_stm32h723xx.o(RESET) refers to stm32h7xx_it.o(i.OTG_HS_IRQHandler) for OTG_HS_IRQHandler
    startup_stm32h723xx.o(RESET) refers to stm32h7xx_it.o(i.UART7_IRQHandler) for UART7_IRQHandler
    startup_stm32h723xx.o(.text) refers (Special) to heapauxi.o(.text) for __use_two_region_memory
    startup_stm32h723xx.o(.text) refers to system_stm32h7xx.o(i.SystemInit) for SystemInit
    startup_stm32h723xx.o(.text) refers to __main.o(!!!main) for __main
    startup_stm32h723xx.o(.text) refers to startup_stm32h723xx.o(HEAP) for Heap_Mem
    startup_stm32h723xx.o(.text) refers to startup_stm32h723xx.o(STACK) for Stack_Mem
    can_bsp.o(i.HAL_FDCAN_RxFifo0Callback) refers to can_bsp.o(i.fdcan1_rx_callback) for fdcan1_rx_callback
    can_bsp.o(i.HAL_FDCAN_RxFifo0Callback) refers to fdcan.o(.bss) for hfdcan1
    can_bsp.o(i.can_bsp_init) refers to can_bsp.o(i.can_filter_init) for can_filter_init
    can_bsp.o(i.can_bsp_init) refers to stm32h7xx_hal_fdcan.o(i.HAL_FDCAN_Start) for HAL_FDCAN_Start
    can_bsp.o(i.can_bsp_init) refers to stm32h7xx_hal_fdcan.o(i.HAL_FDCAN_ActivateNotification) for HAL_FDCAN_ActivateNotification
    can_bsp.o(i.can_bsp_init) refers to fdcan.o(.bss) for hfdcan1
    can_bsp.o(i.can_filter_init) refers to stm32h7xx_hal_fdcan.o(i.HAL_FDCAN_ConfigFilter) for HAL_FDCAN_ConfigFilter
    can_bsp.o(i.can_filter_init) refers to stm32h7xx_hal_fdcan.o(i.HAL_FDCAN_ConfigGlobalFilter) for HAL_FDCAN_ConfigGlobalFilter
    can_bsp.o(i.can_filter_init) refers to stm32h7xx_hal_fdcan.o(i.HAL_FDCAN_ConfigFifoWatermark) for HAL_FDCAN_ConfigFifoWatermark
    can_bsp.o(i.can_filter_init) refers to fdcan.o(.bss) for hfdcan1
    can_bsp.o(i.fdcan1_rx_callback) refers to can_bsp.o(i.fdcanx_receive) for fdcanx_receive
    can_bsp.o(i.fdcan1_rx_callback) refers to can_bsp.o(i.uint_to_float) for uint_to_float
    can_bsp.o(i.fdcan1_rx_callback) refers to fdcan.o(.bss) for hfdcan1
    can_bsp.o(i.fdcan1_rx_callback) refers to can_bsp.o(.data) for .data
    can_bsp.o(i.fdcan1_rx_callback) refers to can_bsp.o(.bss) for .bss
    can_bsp.o(i.fdcanx_receive) refers to stm32h7xx_hal_fdcan.o(i.HAL_FDCAN_GetRxMessage) for HAL_FDCAN_GetRxMessage
    can_bsp.o(i.fdcanx_send_data) refers to stm32h7xx_hal_fdcan.o(i.HAL_FDCAN_AddMessageToTxFifoQ) for HAL_FDCAN_AddMessageToTxFifoQ
    can_bsp.o(i.pos_speed_ctrl) refers to can_bsp.o(i.fdcanx_send_data) for fdcanx_send_data
    can_bsp.o(i.speed_ctrl) refers to can_bsp.o(i.fdcanx_send_data) for fdcanx_send_data
    delay.o(i.HAL_Delay) refers to delay.o(i.delay_ms) for delay_ms
    delay.o(i.delay_init) refers to stm32h7xx_hal_cortex.o(i.HAL_SYSTICK_CLKSourceConfig) for HAL_SYSTICK_CLKSourceConfig
    delay.o(i.delay_init) refers to delay.o(.data) for .data
    delay.o(i.delay_ms) refers to delay.o(i.delay_us) for delay_us
    delay.o(i.delay_us) refers to delay.o(.data) for .data
[...]
    TIM6_DAC_IRQHandler                      0x080003e3   Thumb Code     0  startup_stm32h723xx.o(.text)
    TIM7_IRQHandler                          0x080003e3   Thumb Code     0  startup_stm32h723xx.o(.text)
    TIM8_BRK_TIM12_IRQHandler                0x080003e3   Thumb Code     0  startup_stm32h723xx.o(.text)
    TIM8_CC_IRQHandler                       0x080003e3   Thumb Code     0  startup_stm32h723xx.o(.text)
    TIM8_TRG_COM_TIM14_IRQHandler            0x080003e3   Thumb Code     0  startup_stm32h723xx.o(.text)
    TIM8_UP_TIM13_IRQHandler                 0x080003e3   Thumb Code     0  startup_stm32h723xx.o(.text)
    UART4_IRQHandler                         0x080003e3   Thumb Code     0  startup_stm32h723xx.o(.text)
    UART5_IRQHandler                         0x080003e3   Thumb Code     0  startup_stm32h723xx.o(.text)
    UART8_IRQHandler                         0x080003e3   Thumb Code     0  startup_stm32h723xx.o(.text)
    UART9_IRQHandler                         0x080003e3   Thumb Code     0  startup_stm32h723xx.o(.text)
    USART10_IRQHandler                       0x080003e3   Thumb Code     0  startup_stm32h723xx.o(.text)
    USART1_IRQHandler                        0x080003e3   Thumb Code     0  startup_stm32h723xx.o(.text)
    USART2_IRQHandler                        0x080003e3   Thumb Code     0  startup_stm32h723xx.o(.text)
    USART3_IRQHandler                        0x080003e3   Thumb Code     0  startup_stm32h723xx.o(.text)
    USART6_IRQHandler                        0x080003e3   Thumb Code     0  startup_stm32h723xx.o(.text)
    WAKEUP_PIN_IRQHandler                    0x080003e3   Thumb Code     0  startup_stm32h723xx.o(.text)
    WWDG_IRQHandler                          0x080003e3   Thumb Code     0  startup_stm32h723xx.o(.text)
    __user_initial_stackheap                 0x080003e5   Thumb Code     0  startup_stm32h723xx.o(.text)
    __aeabi_uldivmod                         0x08000409   Thumb Code     0  lludivv7m.o(.text)
    _ll_udiv                                 0x08000409   Thumb Code   238  lludivv7m.o(.text)
    __aeabi_memcpy4                          0x080004f7   Thumb Code     0  rt_memcpy_w.o(.text)
    __aeabi_memcpy8                          0x080004f7   Thumb Code     0  rt_memcpy_w.o(.text)
    __rt_memcpy_w                            0x080004f7   Thumb Code   100  rt_memcpy_w.o(.text)
    _memcpy_lastbytes_aligned                0x0800053f   Thumb Code     0  rt_memcpy_w.o(.text)
    __aeabi_memclr4                          0x0800055b   Thumb Code     0  rt_memclr_w.o(.text)
    __aeabi_memclr8                          0x0800055b   Thumb Code     0  rt_memclr_w.o(.text)
    __rt_memclr_w                            0x0800055b   Thumb Code    78  rt_memclr_w.o(.text)
    _memset_w                                0x0800055f   Thumb Code     0  rt_memclr_w.o(.text)
    __use_two_region_memory                  0x080005a9   Thumb Code     2  heapauxi.o(.text)
    __rt_heap_escrow$2region                 0x080005ab   Thumb Code     2  heapauxi.o(.text)
    __rt_heap_expand$2region                 0x080005ad   Thumb Code     2  heapauxi.o(.text)
    __user_libspace                          0x080005b1   Thumb Code     8  libspace.o(.text)
    __user_perproc_libspace                  0x080005b1   Thumb Code     0  libspace.o(.text)
    __user_perthread_libspace                0x080005b1   Thumb Code     0  libspace.o(.text)
    __user_setup_stackheap                   0x080005b9   Thumb Code    74  sys_stackheap_outer.o(.text)
    exit                                     0x08000603   Thumb Code    18  exit.o(.text)
    _sys_exit                                0x08000615   Thumb Code     8  sys_exit.o(.text)
    __I$use$semihosting                      0x08000621   Thumb Code     0  use_no_semi.o(.text)
    __use_no_semihosting_swi                 0x08000621   Thumb Code     2  use_no_semi.o(.text)
    __semihosting_library_function           0x08000623   Thumb Code     0  indicate_semi.o(.text)
    ADC_ConfigureBoostMode                   0x08000625   Thumb Code   204  stm32h7xx_hal_adc.o(i.ADC_ConfigureBoostMode)
    BusFault_Handler                         0x08000709   Thumb Code     2  stm32h7xx_it.o(i.BusFault_Handler)
    DMA1_Stream0_IRQHandler                  0x08000755   Thumb Code     6  stm32h7xx_it.o(i.DMA1_Stream0_IRQHandler)
    DMA1_Stream1_IRQHandler                  0x08000761   Thumb Code     6  stm32h7xx_it.o(i.DMA1_Stream1_IRQHandler)
    DebugMon_Handler                         0x08000985   Thumb Code     2  stm32h7xx_it.o(i.DebugMon_Handler)
    Error_Handler                            0x08000987   Thumb Code     4  main.o(i.Error_Handler)
    FDCAN1_IT0_IRQHandler                    0x0800098d   Thumb Code     6  stm32h7xx_it.o(i.FDCAN1_IT0_IRQHandler)
    FDCAN1_IT1_IRQHandler                    0x08000999   Thumb Code     6  stm32h7xx_it.o(i.FDCAN1_IT1_IRQHandler)
    HAL_ADCEx_MultiModeConfigChannel         0x08000bed   Thumb Code   274  stm32h7xx_hal_adc_ex.o(i.HAL_ADCEx_MultiModeConfigChannel)
    HAL_ADC_ConfigChannel                    0x08000d15   Thumb Code  1394  stm32h7xx_hal_adc.o(i.HAL_ADC_ConfigChannel)
    HAL_ADC_Init                             0x080012ad   Thumb Code   622  stm32h7xx_hal_adc.o(i.HAL_ADC_Init)
    HAL_ADC_MspInit                          0x08001555   Thumb Code   188  adc.o(i.HAL_ADC_MspInit)
    HAL_DMA_Abort                            0x08001625   Thumb Code   836  stm32h7xx_hal_dma.o(i.HAL_DMA_Abort)
    HAL_DMA_Abort_IT                         0x08001985   Thumb Code   602  stm32h7xx_hal_dma.o(i.HAL_DMA_Abort_IT)
    HAL_DMA_IRQHandler                       0x08001c09   Thumb Code  1756  stm32h7xx_hal_dma.o(i.HAL_DMA_IRQHandler)
    HAL_DMA_Init                             0x080022f1   Thumb Code   922  stm32h7xx_hal_dma.o(i.HAL_DMA_Init)
    HAL_Delay                                0x080026ad   Thumb Code     6  delay.o(i.HAL_Delay)
    HAL_FDCAN_ActivateNotification           0x080026b5   Thumb Code   126  stm32h7xx_hal_fdcan.o(i.HAL_FDCAN_ActivateNotification)
    HAL_FDCAN_AddMessageToTxFifoQ            0x0800273d   Thumb Code   102  stm32h7xx_hal_fdcan.o(i.HAL_FDCAN_AddMessageToTxFifoQ)
    HAL_FDCAN_ClockCalibrationCallback       0x080027a3   Thumb Code     2  stm32h7xx_hal_fdcan.o(i.HAL_FDCAN_ClockCalibrationCallback)
    HAL_FDCAN_ConfigFifoWatermark            0x080027a5   Thumb Code    90  stm32h7xx_hal_fdcan.o(i.HAL_FDCAN_ConfigFifoWatermark)
    HAL_FDCAN_ConfigFilter                   0x080027ff   Thumb Code   126  stm32h7xx_hal_fdcan.o(i.HAL_FDCAN_ConfigFilter)
    HAL_FDCAN_ConfigGlobalFilter             0x0800287d   Thumb Code    50  stm32h7xx_hal_fdcan.o(i.HAL_FDCAN_ConfigGlobalFilter)
    HAL_FDCAN_ErrorCallback                  0x080028af   Thumb Code     2  stm32h7xx_hal_fdcan.o(i.HAL_FDCAN_ErrorCallback)
    HAL_FDCAN_ErrorStatusCallback            0x080028b1   Thumb Code     2  stm32h7xx_hal_fdcan.o(i.HAL_FDCAN_ErrorStatusCallback)
    HAL_FDCAN_GetRxMessage                   0x080028b5   Thumb Code   400  stm32h7xx_hal_fdcan.o(i.HAL_FDCAN_GetRxMessage)
    HAL_FDCAN_HighPriorityMessageCallback    0x08002a49   Thumb Code     2  stm32h7xx_hal_fdcan.o(i.HAL_FDCAN_HighPriorityMessageCallback)
    HAL_FDCAN_IRQHandler                     0x08002a4d   Thumb Code   788  stm32h7xx_hal_fdcan.o(i.HAL_FDCAN_IRQHandler)
    HAL_FDCAN_Init                           0x08002d6d   Thumb Code   572  stm32h7xx_hal_fdcan.o(i.HAL_FDCAN_Init)
    HAL_FDCAN_MspInit                        0x08002fb1   Thumb Code   156  fdcan.o(i.HAL_FDCAN_MspInit)
    HAL_FDCAN_RxBufferNewMessageCallback     0x08003059   Thumb Code     2  stm32h7xx_hal_fdcan.o(i.HAL_FDCAN_RxBufferNewMessageCallback)
    HAL_FDCAN_RxFifo0Callback                0x0800305d   Thumb Code    16  can_bsp.o(i.HAL_FDCAN_RxFifo0Callback)
    HAL_FDCAN_RxFifo1Callback                0x08003071   Thumb Code     2  stm32h7xx_hal_fdcan.o(i.HAL_FDCAN_RxFifo1Callback)
    HAL_FDCAN_Start                          0x08003073   Thumb Code    50  stm32h7xx_hal_fdcan.o(i.HAL_FDCAN_Start)
    HAL_FDCAN_TT_GlobalTimeCallback          0x080030a5   Thumb Code     2  stm32h7xx_hal_fdcan.o(i.HAL_FDCAN_TT_GlobalTimeCallback)
    HAL_FDCAN_TT_ScheduleSyncCallback        0x080030a7   Thumb Code     2  stm32h7xx_hal_fdcan.o(i.HAL_FDCAN_TT_ScheduleSyncCallback)
    HAL_FDCAN_TT_StopWatchCallback           0x080030a9   Thumb Code     2  stm32h7xx_hal_fdcan.o(i.HAL_FDCAN_TT_StopWatchCallback)
    HAL_FDCAN_TT_TimeMarkCallback            0x080030ab   Thumb Code     2  stm32h7xx_hal_fdcan.o(i.HAL_FDCAN_TT_TimeMarkCallback)
    HAL_FDCAN_TimeoutOccurredCallback        0x080030ad   Thumb Code     2  stm32h7xx_hal_fdcan.o(i.HAL_FDCAN_TimeoutOccurredCallback)
    HAL_FDCAN_TimestampWraparoundCallback    0x080030af   Thumb Code     2  stm32h7xx_hal_fdcan.o(i.HAL_FDCAN_TimestampWraparoundCallback)
    HAL_FDCAN_TxBufferAbortCallback          0x080030b1   Thumb Code     2  stm32h7xx_hal_fdcan.o(i.HAL_FDCAN_TxBufferAbortCallback)
    HAL_FDCAN_TxBufferCompleteCallback       0x080030b3   Thumb Code     2  stm32h7xx_hal_fdcan.o(i.HAL_FDCAN_TxBufferCompleteCallback)
    HAL_FDCAN_TxEventFifoCallback            0x080030b5   Thumb Code     2  stm32h7xx_hal_fdcan.o(i.HAL_FDCAN_TxEventFifoCallback)
    HAL_FDCAN_TxFifoEmptyCallback            0x080030b7   Thumb Code     2  stm32h7xx_hal_fdcan.o(i.HAL_FDCAN_TxFifoEmptyCallback)
    HAL_GPIO_Init                            0x080030b9   Thumb Code   496  stm32h7xx_hal_gpio.o(i.HAL_GPIO_Init)
    HAL_GPIO_WritePin                        0x080032d5   Thumb Code    10  stm32h7xx_hal_gpio.o(i.HAL_GPIO_WritePin)
    HAL_GetTick                              0x080032e1   Thumb Code     6  stm32h7xx_hal.o(i.HAL_GetTick)
    HAL_IncTick                              0x080032ed   Thumb Code    12  stm32h7xx_hal.o(i.HAL_IncTick)
    HAL_Init                                 0x080032fd   Thumb Code    74  stm32h7xx_hal.o(i.HAL_Init)
    HAL_InitTick                             0x08003359   Thumb Code    56  stm32h7xx_hal.o(i.HAL_InitTick)
    HAL_MPU_ConfigRegion                     0x08003399   Thumb Code    86  stm32h7xx_hal_cortex.o(i.HAL_MPU_ConfigRegion)
    HAL_MPU_Disable                          0x080033f5   Thumb Code    24  stm32h7xx_hal_cortex.o(i.HAL_MPU_Disable)
    HAL_MPU_Enable                           0x08003411   Thumb Code    30  stm32h7xx_hal_cortex.o(i.HAL_MPU_Enable)
    HAL_MspInit                              0x08003435   Thumb Code    22  stm32h7xx_hal_msp.o(i.HAL_MspInit)
    HAL_NVIC_EnableIRQ                       0x08003451   Thumb Code    26  stm32h7xx_hal_cortex.o(i.HAL_NVIC_EnableIRQ)
    HAL_NVIC_SetPriority                     0x0800346d   Thumb Code    60  stm32h7xx_hal_cortex.o(i.HAL_NVIC_SetPriority)
    HAL_NVIC_SetPriorityGrouping             0x080034ad   Thumb Code    28  stm32h7xx_hal_cortex.o(i.HAL_NVIC_SetPriorityGrouping)
    HAL_PCDEx_ActivateLPM                    0x080034d1   Thumb Code    34  stm32h7xx_hal_pcd_ex.o(i.HAL_PCDEx_ActivateLPM)
    HAL_PCDEx_LPM_Callback                   0x080034f9   Thumb Code     2  stm32h7xx_hal_pcd_ex.o(i.HAL_PCDEx_LPM_Callback)
    HAL_PCDEx_SetRxFiFo                      0x080034fb   Thumb Code     8  stm32h7xx_hal_pcd_ex.o(i.HAL_PCDEx_SetRxFiFo)
    HAL_PCDEx_SetTxFiFo                      0x08003503   Thumb Code    70  stm32h7xx_hal_pcd_ex.o(i.HAL_PCDEx_SetTxFiFo)
    HAL_PCD_ConnectCallback                  0x08003549   Thumb Code     8  usbd_conf.o(i.HAL_PCD_ConnectCallback)
    HAL_PCD_DataInStageCallback              0x08003551   Thumb Code    18  usbd_conf.o(i.HAL_PCD_DataInStageCallback)
    HAL_PCD_DataOutStageCallback             0x08003563   Thumb Code    20  usbd_conf.o(i.HAL_PCD_DataOutStageCallback)
    HAL_PCD_DisconnectCallback               0x08003577   Thumb Code     8  usbd_conf.o(i.HAL_PCD_DisconnectCallback)
    HAL_PCD_EP_Abort                         0x0800357f   Thumb Code    30  stm32h7xx_hal_pcd.o(i.HAL_PCD_EP_Abort)
    HAL_PCD_EP_Close                         0x0800359d   Thumb Code    76  stm32h7xx_hal_pcd.o(i.HAL_PCD_EP_Close)
    HAL_PCD_EP_ClrStall                      0x080035e9   Thumb Code    92  stm32h7xx_hal_pcd.o(i.HAL_PCD_EP_ClrStall)
    HAL_PCD_EP_GetRxCount                    0x08003645   Thumb Code    18  stm32h7xx_hal_pcd.o(i.HAL_PCD_EP_GetRxCount)
    HAL_PCD_EP_Open                          0x08003657   Thumb Code    96  stm32h7xx_hal_pcd.o(i.HAL_PCD_EP_Open)
    HAL_PCD_EP_Receive                       0x080036b7   Thumb Code    52  stm32h7xx_hal_pcd.o(i.HAL_PCD_EP_Receive)
    HAL_PCD_EP_SetStall                      0x080036eb   Thumb Code   116  stm32h7xx_hal_pcd.o(i.HAL_PCD_EP_SetStall)
    HAL_PCD_EP_Transmit                      0x0800375f   Thumb Code    52  stm32h7xx_hal_pcd.o(i.HAL_PCD_EP_Transmit)
    HAL_PCD_IRQHandler                       0x08003795   Thumb Code  1436  stm32h7xx_hal_pcd.o(i.HAL_PCD_IRQHandler)
    HAL_PCD_ISOINIncompleteCallback          0x08003d31   Thumb Code     8  usbd_conf.o(i.HAL_PCD_ISOINIncompleteCallback)
    HAL_PCD_ISOOUTIncompleteCallback         0x08003d39   Thumb Code     8  usbd_conf.o(i.HAL_PCD_ISOOUTIncompleteCallback)
    HAL_PCD_Init                             0x08003d41   Thumb Code   242  stm32h7xx_hal_pcd.o(i.HAL_PCD_Init)
    HAL_PCD_MspInit                          0x08003e35   Thumb Code    92  usbd_conf.o(i.HAL_PCD_MspInit)
    HAL_PCD_ResetCallback                    0x08003e99   Thumb Code    44  usbd_conf.o(i.HAL_PCD_ResetCallback)
    HAL_PCD_ResumeCallback                   0x08003ec5   Thumb Code     8  usbd_conf.o(i.HAL_PCD_ResumeCallback)
    HAL_PCD_SOFCallback                      0x08003ecd   Thumb Code     8  usbd_conf.o(i.HAL_PCD_SOFCallback)
    HAL_PCD_SetAddress                       0x08003ed5   Thumb Code    40  stm32h7xx_hal_pcd.o(i.HAL_PCD_SetAddress)
    HAL_PCD_SetupStageCallback               0x08003efd   Thumb Code    14  usbd_conf.o(i.HAL_PCD_SetupStageCallback)
    HAL_PCD_Start                            0x08003f0b   Thumb Code    66  stm32h7xx_hal_pcd.o(i.HAL_PCD_Start)
    HAL_PCD_SuspendCallback                  0x08003f4d   Thumb Code    44  usbd_conf.o(i.HAL_PCD_SuspendCallback)
    HAL_PWREx_ConfigSupply                   0x08003f7d   Thumb Code    78  stm32h7xx_hal_pwr_ex.o(i.HAL_PWREx_ConfigSupply)
    HAL_PWREx_EnableUSBVoltageDetector       0x08003fd1   Thumb Code    12  stm32h7xx_hal_pwr_ex.o(i.HAL_PWREx_EnableUSBVoltageDetector)
    HAL_RCCEx_GetD3PCLK1Freq                 0x08003fe1   Thumb Code    26  stm32h7xx_hal_rcc_ex.o(i.HAL_RCCEx_GetD3PCLK1Freq)
    HAL_RCCEx_GetPLL1ClockFreq               0x08004005   Thumb Code   298  stm32h7xx_hal_rcc_ex.o(i.HAL_RCCEx_GetPLL1ClockFreq)
    HAL_RCCEx_GetPLL2ClockFreq               0x0800414d   Thumb Code   296  stm32h7xx_hal_rcc_ex.o(i.HAL_RCCEx_GetPLL2ClockFreq)
    HAL_RCCEx_GetPLL3ClockFreq               0x08004291   Thumb Code   296  stm32h7xx_hal_rcc_ex.o(i.HAL_RCCEx_GetPLL3ClockFreq)
    HAL_RCCEx_GetPeriphCLKFreq               0x080043d5   Thumb Code   648  stm32h7xx_hal_rcc_ex.o(i.HAL_RCCEx_GetPeriphCLKFreq)
    HAL_RCCEx_PeriphCLKConfig                0x08004671   Thumb Code  2362  stm32h7xx_hal_rcc_ex.o(i.HAL_RCCEx_PeriphCLKConfig)
    HAL_RCC_ClockConfig                      0x08004fad   Thumb Code   580  stm32h7xx_hal_rcc.o(i.HAL_RCC_ClockConfig)
    HAL_RCC_GetHCLKFreq                      0x08005209   Thumb Code    52  stm32h7xx_hal_rcc.o(i.HAL_RCC_GetHCLKFreq)
    HAL_RCC_GetPCLK1Freq                     0x0800524d   Thumb Code    26  stm32h7xx_hal_rcc.o(i.HAL_RCC_GetPCLK1Freq)
    HAL_RCC_GetPCLK2Freq                     0x08005271   Thumb Code    26  stm32h7xx_hal_rcc.o(i.HAL_RCC_GetPCLK2Freq)
    HAL_RCC_GetSysClockFreq                  0x08005295   Thumb Code   278  stm32h7xx_hal_rcc.o(i.HAL_RCC_GetSysClockFreq)
    HAL_RCC_OscConfig                        0x080053cd   Thumb Code  1318  stm32h7xx_hal_rcc.o(i.HAL_RCC_OscConfig)
    HAL_SPI_Init                             0x080058f5   Thumb Code   366  stm32h7xx_hal_spi.o(i.HAL_SPI_Init)
    HAL_SPI_MspInit                          0x08005a71   Thumb Code   156  spi.o(i.HAL_SPI_MspInit)
    HAL_SYSTICK_CLKSourceConfig              0x08005b1d   Thumb Code    24  stm32h7xx_hal_cortex.o(i.HAL_SYSTICK_CLKSourceConfig)
    HAL_SYSTICK_Config                       0x08005b35   Thumb Code    38  stm32h7xx_hal_cortex.o(i.HAL_SYSTICK_Config)
    HAL_TIMEx_Break2Callback                 0x08005b5b   Thumb Code     2  stm32h7xx_hal_tim_ex.o(i.HAL_TIMEx_Break2Callback)
    HAL_TIMEx_BreakCallback                  0x08005b5d   Thumb Code     2  stm32h7xx_hal_tim_ex.o(i.HAL_TIMEx_BreakCallback)
    HAL_TIMEx_CommutCallback                 0x08005b5f   Thumb Code     2  stm32h7xx_hal_tim_ex.o(i.HAL_TIMEx_CommutCallback)
    HAL_TIMEx_MasterConfigSynchronization    0x08005b61   Thumb Code   146  stm32h7xx_hal_tim_ex.o(i.HAL_TIMEx_MasterConfigSynchronization)
    HAL_TIM_Base_Init                        0x08005c19   Thumb Code    98  stm32h7xx_hal_tim.o(i.HAL_TIM_Base_Init)
    HAL_TIM_Base_MspInit                     0x08005c7d   Thumb Code    50  tim.o(i.HAL_TIM_Base_MspInit)
    HAL_TIM_ConfigClockSource                0x08005cb9   Thumb Code   248  stm32h7xx_hal_tim.o(i.HAL_TIM_ConfigClockSource)
    HAL_TIM_IC_CaptureCallback               0x08005db5   Thumb Code     2  stm32h7xx_hal_tim.o(i.HAL_TIM_IC_CaptureCallback)
    HAL_TIM_IRQHandler                       0x08005db7   Thumb Code   386  stm32h7xx_hal_tim.o(i.HAL_TIM_IRQHandler)
    HAL_TIM_OC_DelayElapsedCallback          0x08005f39   Thumb Code     2  stm32h7xx_hal_tim.o(i.HAL_TIM_OC_DelayElapsedCallback)
    HAL_TIM_PWM_PulseFinishedCallback        0x08005f3b   Thumb Code     2  stm32h7xx_hal_tim.o(i.HAL_TIM_PWM_PulseFinishedCallback)
    HAL_TIM_PeriodElapsedCallback            0x08005f3d   Thumb Code     2  stm32h7xx_hal_tim.o(i.HAL_TIM_PeriodElapsedCallback)
    HAL_TIM_TriggerCallback                  0x08005f3f   Thumb Code     2  stm32h7xx_hal_tim.o(i.HAL_TIM_TriggerCallback)
    HAL_UARTEx_DisableFifoMode               0x08005f41   Thumb Code    64  stm32h7xx_hal_uart_ex.o(i.HAL_UARTEx_DisableFifoMode)
    HAL_UARTEx_RxEventCallback               0x08005f81   Thumb Code     2  stm32h7xx_hal_uart.o(i.HAL_UARTEx_RxEventCallback)
    HAL_UARTEx_RxFifoFullCallback            0x08005f83   Thumb Code     2  stm32h7xx_hal_uart_ex.o(i.HAL_UARTEx_RxFifoFullCallback)
    HAL_UARTEx_SetRxFifoThreshold            0x08005f85   Thumb Code    76  stm32h7xx_hal_uart_ex.o(i.HAL_UARTEx_SetRxFifoThreshold)
    HAL_UARTEx_SetTxFifoThreshold            0x08005fd1   Thumb Code    76  stm32h7xx_hal_uart_ex.o(i.HAL_UARTEx_SetTxFifoThreshold)
    HAL_UARTEx_TxFifoEmptyCallback           0x0800601d   Thumb Code     2  stm32h7xx_hal_uart_ex.o(i.HAL_UARTEx_TxFifoEmptyCallback)
    HAL_UARTEx_WakeupCallback                0x0800601f   Thumb Code     2  stm32h7xx_hal_uart_ex.o(i.HAL_UARTEx_WakeupCallback)
    HAL_UART_ErrorCallback                   0x08006021   Thumb Code     2  stm32h7xx_hal_uart.o(i.HAL_UART_ErrorCallback)
    HAL_UART_IRQHandler                      0x08006025   Thumb Code   878  stm32h7xx_hal_uart.o(i.HAL_UART_IRQHandler)
    HAL_UART_Init                            0x080063ad   Thumb Code   106  stm32h7xx_hal_uart.o(i.HAL_UART_Init)
    HAL_UART_MspInit                         0x08006419   Thumb Code   182  usart.o(i.HAL_UART_MspInit)
    HAL_UART_TxCpltCallback                  0x080064e5   Thumb Code     2  stm32h7xx_hal_uart.o(i.HAL_UART_TxCpltCallback)
    HardFault_Handler                        0x080064e7   Thumb Code     2  stm32h7xx_it.o(i.HardFault_Handler)
    MX_ADC1_Init                             0x0800657d   Thumb Code   136  adc.o(i.MX_ADC1_Init)
    MX_DMA_Init                              0x08006611   Thumb Code    56  dma.o(i.MX_DMA_Init)
    MX_FDCAN1_Init                           0x0800664d   Thumb Code    92  fdcan.o(i.MX_FDCAN1_Init)
    MX_GPIO_Init                             0x080066b1   Thumb Code   270  gpio.o(i.MX_GPIO_Init)
    MX_SPI1_Init                             0x080067d5   Thumb Code    86  spi.o(i.MX_SPI1_Init)
    MX_TIM3_Init                             0x08006835   Thumb Code    96  tim.o(i.MX_TIM3_Init)
    MX_UART7_Init                            0x0800689d   Thumb Code    94  usart.o(i.MX_UART7_Init)
    MX_USB_DEVICE_Init                       0x08006905   Thumb Code    66  usb_device.o(i.MX_USB_DEVICE_Init)
    MemManage_Handler                        0x08006959   Thumb Code     2  stm32h7xx_it.o(i.MemManage_Handler)
    NMI_Handler                              0x0800695b   Thumb Code     2  stm32h7xx_it.o(i.NMI_Handler)
    OTG_HS_IRQHandler                        0x0800695d   Thumb Code     6  stm32h7xx_it.o(i.OTG_HS_IRQHandler)
    PendSV_Handler                           0x08006ad7   Thumb Code     2  stm32h7xx_it.o(i.PendSV_Handler)
    SVC_Handler                              0x08006d19   Thumb Code     2  stm32h7xx_it.o(i.SVC_Handler)
    SysTick_Handler                          0x08006d25   Thumb Code     4  stm32h7xx_it.o(i.SysTick_Handler)
    SystemClock_Config                       0x08006d29   Thumb Code   150  main.o(i.SystemClock_Config)
    SystemInit                               0x08006dc5   Thumb Code   158  system_stm32h7xx.o(i.SystemInit)
    TIM3_IRQHandler                          0x08006e85   Thumb Code     6  stm32h7xx_it.o(i.TIM3_IRQHandler)
    TIM_Base_SetConfig                       0x08006e91   Thumb Code   174  stm32h7xx_hal_tim.o(i.TIM_Base_SetConfig)
    TIM_ETR_SetConfig                        0x08006f69   Thumb Code    18  stm32h7xx_hal_tim.o(i.TIM_ETR_SetConfig)
    UART7_IRQHandler                         0x08006fd9   Thumb Code     6  stm32h7xx_it.o(i.UART7_IRQHandler)
    UART_AdvFeatureConfig                    0x08007029   Thumb Code   200  stm32h7xx_hal_uart.o(i.UART_AdvFeatureConfig)
    UART_CheckIdleState                      0x080070f1   Thumb Code   170  stm32h7xx_hal_uart.o(i.UART_CheckIdleState)
    UART_SetConfig                           0x08007205   Thumb Code   914  stm32h7xx_hal_uart.o(i.UART_SetConfig)
    UART_WaitOnFlagUntilTimeout              0x080075e1   Thumb Code   140  stm32h7xx_hal_uart.o(i.UART_WaitOnFlagUntilTimeout)
    USBD_CDC_GetDeviceQualifierDescriptor    0x080077e9   Thumb Code     8  usbd_cdc.o(i.USBD_CDC_GetDeviceQualifierDescriptor)
    USBD_CDC_ReceivePacket                   0x080079d1   Thumb Code    50  usbd_cdc.o(i.USBD_CDC_ReceivePacket)
    USBD_CDC_RegisterInterface               0x08007a09   Thumb Code    22  usbd_cdc.o(i.USBD_CDC_RegisterInterface)
    USBD_CDC_SetRxBuffer                     0x08007a1f   Thumb Code    26  usbd_cdc.o(i.USBD_CDC_SetRxBuffer)
    USBD_CDC_SetTxBuffer                     0x08007a39   Thumb Code    30  usbd_cdc.o(i.USBD_CDC_SetTxBuffer)
    USBD_ClrClassConfig                      0x08007b25   Thumb Code    20  usbd_core.o(i.USBD_ClrClassConfig)
    USBD_CoreFindEP                          0x08007b39   Thumb Code     4  usbd_core.o(i.USBD_CoreFindEP)
    USBD_CoreFindIF                          0x08007b3d   Thumb Code     4  usbd_core.o(i.USBD_CoreFindIF)
    USBD_CtlContinueRx                       0x08007b41   Thumb Code    16  usbd_ioreq.o(i.USBD_CtlContinueRx)
    USBD_CtlContinueSendData                 0x08007b51   Thumb Code    16  usbd_ioreq.o(i.USBD_CtlContinueSendData)
    USBD_CtlError                            0x08007b61   Thumb Code    22  usbd_ctlreq.o(i.USBD_CtlError)
    USBD_CtlPrepareRx                        0x08007b77   Thumb Code    30  usbd_ioreq.o(i.USBD_CtlPrepareRx)
    USBD_CtlReceiveStatus                    0x08007b95   Thumb Code    22  usbd_ioreq.o(i.USBD_CtlReceiveStatus)
    USBD_CtlSendData                         0x08007bab   Thumb Code    26  usbd_ioreq.o(i.USBD_CtlSendData)
    USBD_CtlSendStatus                       0x08007bc5   Thumb Code    22  usbd_ioreq.o(i.USBD_CtlSendStatus)
    USBD_GetEpDesc                           0x08007cd5   Thumb Code    58  usbd_core.o(i.USBD_GetEpDesc)
    USBD_GetNextDesc                         0x08007d0f   Thumb Code    14  usbd_core.o(i.USBD_GetNextDesc)
    USBD_GetString                           0x08007d1d   Thumb Code    74  usbd_ctlreq.o(i.USBD_GetString)
    USBD_Get_USB_Status                      0x08007d67   Thumb Code    24  usbd_conf.o(i.USBD_Get_USB_Status)
    USBD_HS_ConfigStrDescriptor              0x08007d81   Thumb Code    16  usbd_desc.o(i.USBD_HS_ConfigStrDescriptor)
    USBD_HS_DeviceDescriptor                 0x08007da1   Thumb Code     8  usbd_desc.o(i.USBD_HS_DeviceDescriptor)
    USBD_HS_InterfaceStrDescriptor           0x08007dad   Thumb Code    16  usbd_desc.o(i.USBD_HS_InterfaceStrDescriptor)
    USBD_HS_LangIDStrDescriptor              0x08007dd1   Thumb Code     8  usbd_desc.o(i.USBD_HS_LangIDStrDescriptor)
    USBD_HS_ManufacturerStrDescriptor        0x08007ddd   Thumb Code    16  usbd_desc.o(i.USBD_HS_ManufacturerStrDescriptor)
    USBD_HS_ProductStrDescriptor             0x08007e05   Thumb Code    16  usbd_desc.o(i.USBD_HS_ProductStrDescriptor)
    USBD_HS_SerialStrDescriptor              0x08007e31   Thumb Code    50  usbd_desc.o(i.USBD_HS_SerialStrDescriptor)
    USBD_Init                                0x08007e6d   Thumb Code    38  usbd_core.o(i.USBD_Init)
    USBD_LL_ClearStallEP                     0x08007e93   Thumb Code    18  usbd_conf.o(i.USBD_LL_ClearStallEP)
    USBD_LL_CloseEP                          0x08007ea5   Thumb Code    18  usbd_conf.o(i.USBD_LL_CloseEP)
    USBD_LL_DataInStage                      0x08007eb7   Thumb Code   184  usbd_core.o(i.USBD_LL_DataInStage)
    USBD_LL_DataOutStage                     0x08007f6f   Thumb Code   144  usbd_core.o(i.USBD_LL_DataOutStage)
    USBD_LL_DevConnected                     0x08007fff   Thumb Code     4  usbd_core.o(i.USBD_LL_DevConnected)
    USBD_LL_DevDisconnected                  0x08008003   Thumb Code    32  usbd_core.o(i.USBD_LL_DevDisconnected)
    USBD_LL_GetRxDataSize                    0x08008023   Thumb Code     8  usbd_conf.o(i.USBD_LL_GetRxDataSize)
    USBD_LL_Init                             0x0800802d   Thumb Code    96  usbd_conf.o(i.USBD_LL_Init)
    USBD_LL_IsStallEP                        0x08008095   Thumb Code    32  usbd_conf.o(i.USBD_LL_IsStallEP)
    USBD_LL_IsoINIncomplete                  0x080080b5   Thumb Code    40  usbd_core.o(i.USBD_LL_IsoINIncomplete)
    USBD_LL_IsoOUTIncomplete                 0x080080dd   Thumb Code    40  usbd_core.o(i.USBD_LL_IsoOUTIncomplete)
    USBD_LL_OpenEP                           0x08008105   Thumb Code    24  usbd_conf.o(i.USBD_LL_OpenEP)
    USBD_LL_PrepareReceive                   0x0800811d   Thumb Code    18  usbd_conf.o(i.USBD_LL_PrepareReceive)
    USBD_LL_Reset                            0x0800812f   Thumb Code    94  usbd_core.o(i.USBD_LL_Reset)
    USBD_LL_Resume                           0x0800818d   Thumb Code    20  usbd_core.o(i.USBD_LL_Resume)
    USBD_LL_SOF                              0x080081a1   Thumb Code    26  usbd_core.o(i.USBD_LL_SOF)
    USBD_LL_SetSpeed                         0x080081bb   Thumb Code     6  usbd_core.o(i.USBD_LL_SetSpeed)
    USBD_LL_SetUSBAddress                    0x080081c1   Thumb Code    18  usbd_conf.o(i.USBD_LL_SetUSBAddress)
    USBD_LL_SetupStage                       0x080081d3   Thumb Code    96  usbd_core.o(i.USBD_LL_SetupStage)
    USBD_LL_StallEP                          0x08008233   Thumb Code    18  usbd_conf.o(i.USBD_LL_StallEP)
    USBD_LL_Start                            0x08008245   Thumb Code    18  usbd_conf.o(i.USBD_LL_Start)
    USBD_LL_Suspend                          0x08008257   Thumb Code    26  usbd_core.o(i.USBD_LL_Suspend)
    USBD_LL_Transmit                         0x08008271   Thumb Code    18  usbd_conf.o(i.USBD_LL_Transmit)
    USBD_ParseSetupRequest                   0x08008283   Thumb Code    42  usbd_ctlreq.o(i.USBD_ParseSetupRequest)
    USBD_RegisterClass                       0x080082ad   Thumb Code    58  usbd_core.o(i.USBD_RegisterClass)
    USBD_SetClassConfig                      0x080082e7   Thumb Code    20  usbd_core.o(i.USBD_SetClassConfig)
    USBD_Start                               0x080083b9   Thumb Code     4  usbd_core.o(i.USBD_Start)
    USBD_StdDevReq                           0x080083bd   Thumb Code   302  usbd_ctlreq.o(i.USBD_StdDevReq)
    USBD_StdEPReq                            0x080084eb   Thumb Code   356  usbd_ctlreq.o(i.USBD_StdEPReq)
    USBD_StdItfReq                           0x0800864f   Thumb Code   116  usbd_ctlreq.o(i.USBD_StdItfReq)
    USBD_static_free                         0x080086c3   Thumb Code     2  usbd_conf.o(i.USBD_static_free)
    USBD_static_malloc                       0x080086c5   Thumb Code     4  usbd_conf.o(i.USBD_static_malloc)
    USB_ActivateEndpoint                     0x080086cd   Thumb Code   124  stm32h7xx_ll_usb.o(i.USB_ActivateEndpoint)
    USB_ActivateSetup                        0x0800874d   Thumb Code    28  stm32h7xx_ll_usb.o(i.USB_ActivateSetup)
    USB_CoreInit                             0x08008769   Thumb Code   128  stm32h7xx_ll_usb.o(i.USB_CoreInit)
    USB_DeactivateEndpoint                   0x08008831   Thumb Code   194  stm32h7xx_ll_usb.o(i.USB_DeactivateEndpoint)
    USB_DevConnect                           0x080088fd   Thumb Code    28  stm32h7xx_ll_usb.o(i.USB_DevConnect)
    USB_DevDisconnect                        0x08008919   Thumb Code    28  stm32h7xx_ll_usb.o(i.USB_DevDisconnect)
    USB_DevInit                              0x08008935   Thumb Code   366  stm32h7xx_ll_usb.o(i.USB_DevInit)
    USB_DisableGlobalInt                     0x08008aad   Thumb Code    12  stm32h7xx_ll_usb.o(i.USB_DisableGlobalInt)
    USB_EP0_OutStart                         0x08008ab9   Thumb Code    84  stm32h7xx_ll_usb.o(i.USB_EP0_OutStart)
    USB_EPClearStall                         0x08008b11   Thumb Code    88  stm32h7xx_ll_usb.o(i.USB_EPClearStall)
    USB_EPSetStall                           0x08008b69   Thumb Code    88  stm32h7xx_ll_usb.o(i.USB_EPSetStall)
    USB_EPStartXfer                          0x08008bc1   Thumb Code   562  stm32h7xx_ll_usb.o(i.USB_EPStartXfer)
    USB_EPStopXfer                           0x08008df9   Thumb Code   158  stm32h7xx_ll_usb.o(i.USB_EPStopXfer)
    USB_EnableGlobalInt                      0x08008e97   Thumb Code    12  stm32h7xx_ll_usb.o(i.USB_EnableGlobalInt)
    USB_FlushRxFifo                          0x08008ea5   Thumb Code    54  stm32h7xx_ll_usb.o(i.USB_FlushRxFifo)
    USB_FlushTxFifo                          0x08008ee1   Thumb Code    58  stm32h7xx_ll_usb.o(i.USB_FlushTxFifo)
    USB_GetDevSpeed                          0x08008f21   Thumb Code    26  stm32h7xx_ll_usb.o(i.USB_GetDevSpeed)
    USB_GetMode                              0x08008f3b   Thumb Code     8  stm32h7xx_ll_usb.o(i.USB_GetMode)
    USB_ReadDevAllInEpInterrupt              0x08008f43   Thumb Code    14  stm32h7xx_ll_usb.o(i.USB_ReadDevAllInEpInterrupt)
    USB_ReadDevAllOutEpInterrupt             0x08008f51   Thumb Code    14  stm32h7xx_ll_usb.o(i.USB_ReadDevAllOutEpInterrupt)
    USB_ReadDevInEPInterrupt                 0x08008f5f   Thumb Code    36  stm32h7xx_ll_usb.o(i.USB_ReadDevInEPInterrupt)
    USB_ReadDevOutEPInterrupt                0x08008f83   Thumb Code    16  stm32h7xx_ll_usb.o(i.USB_ReadDevOutEPInterrupt)
    USB_ReadInterrupts                       0x08008f93   Thumb Code     8  stm32h7xx_ll_usb.o(i.USB_ReadInterrupts)
    USB_ReadPacket                           0x08008f9b   Thumb Code    64  stm32h7xx_ll_usb.o(i.USB_ReadPacket)
    USB_SetCurrentMode                       0x08008fdb   Thumb Code    94  stm32h7xx_ll_usb.o(i.USB_SetCurrentMode)
    USB_SetDevAddress                        0x08009039   Thumb Code    34  stm32h7xx_ll_usb.o(i.USB_SetDevAddress)
    USB_SetTurnaroundTime                    0x0800905d   Thumb Code   158  stm32h7xx_ll_usb.o(i.USB_SetTurnaroundTime)
    USB_WritePacket                          0x08009145   Thumb Code    40  stm32h7xx_ll_usb.o(i.USB_WritePacket)
    UsageFault_Handler                       0x0800916d   Thumb Code     2  stm32h7xx_it.o(i.UsageFault_Handler)
    can_bsp_init                             0x08009191   Thumb Code    26  can_bsp.o(i.can_bsp_init)
    can_filter_init                          0x080091b1   Thumb Code    58  can_bsp.o(i.can_filter_init)
    delay_init                               0x080091f1   Thumb Code    16  delay.o(i.delay_init)
    delay_ms                                 0x08009205   Thumb Code    54  delay.o(i.delay_ms)
    delay_us                                 0x0800923d   Thumb Code    52  delay.o(i.delay_us)
    fdcan1_rx_callback                       0x08009275   Thumb Code   392  can_bsp.o(i.fdcan1_rx_callback)
    fdcanx_receive                           0x08009411   Thumb Code    36  can_bsp.o(i.fdcanx_receive)
    fdcanx_send_data                         0x08009435   Thumb Code    42  can_bsp.o(i.fdcanx_send_data)
    main                                     0x08009461   Thumb Code   846  main.o(i.main)
    pos_speed_ctrl                           0x080097c5   Thumb Code    76  can_bsp.o(i.pos_speed_ctrl)
    uint_to_float                            0x08009811   Thumb Code    40  can_bsp.o(i.uint_to_float)
    _fp_init                                 0x08009839   Thumb Code    10  fpinit.o(x$fpl$fpinit)
    __fplib_config_fpu_vfp                   0x08009841   Thumb Code     0  fpinit.o(x$fpl$fpinit)
    __fplib_config_pureend_doubles           0x08009841   Thumb Code     0  fpinit.o(x$fpl$fpinit)
    UARTPrescTable                           0x080098a8   Data          24  stm32h7xx_hal_uart.o(.constdata)
    D1CorePrescTable                         0x080098d0   Data          16  system_stm32h7xx.o(.constdata)
    Region$$Table$$Base                      0x080098e0   Number         0  anon$$obj.o(Region$$Table)
    Region$$Table$$Limit                     0x08009920   Number         0  anon$$obj.o(Region$$Table)
    v_int                                    0x20000000   Data           2  can_bsp.o(.data)
    t_int                                    0x20000002   Data           2  can_bsp.o(.data)
    pos_int                                  0x20000004   Data           2  can_bsp.o(.data)
    motor2_state                             0x20000008   Data           4  can_bsp.o(.data)
    motor2_vel                               0x2000000c   Data           4  can_bsp.o(.data)
    motor2_tor                               0x20000010   Data           4  can_bsp.o(.data)
    motor2_Tmos                              0x20000014   Data           4  can_bsp.o(.data)
    motor2_Tcoil                             0x20000018   Data           4  can_bsp.o(.data)
    pos                                      0x2000001c   Data           4  can_bsp.o(.data)
    reload_debug                             0x20000024   Data           4  delay.o(.data)
    SystemCoreClock                          0x20000028   Data           4  system_stm32h7xx.o(.data)
    SystemD2Clock                            0x2000002c   Data           4  system_stm32h7xx.o(.data)
    USBD_CDC                                 0x20000030   Data          56  usbd_cdc.o(.data)
    jxb_motor_pos                            0x20000068   Data          28  can_bsp.o(.bss)
    hadc1                                    0x20000084   Data         112  adc.o(.bss)
    hdma_adc1                                0x200000f4   Data         120  adc.o(.bss)
    hspi1                                    0x2000016c   Data         136  spi.o(.bss)
    htim3                                    0x200001f4   Data          76  tim.o(.bss)
    USBD_StrDesc                             0x20000240   Data         512  usbd_desc.o(.bss)
    UserRxBufferHS                           0x20000440   Data        2048  usbd_cdc_if.o(.bss)
    UserTxBufferHS                           0x20000c40   Data        2048  usbd_cdc_if.o(.bss)
    uart_count                               0x24000000   Data           1  main.o(.data)
    test_flag                                0x24000001   Data           1  main.o(.data)
    test_motor7                              0x24000004   Data           4  main.o(.data)
    count                                    0x24000008   Data           4  main.o(.data)
    X_IN                                     0x2400000c   Data           4  main.o(.data)
    Y_IN                                     0x24000010   Data           4  main.o(.data)
    A1                                       0x24000014   Data           4  main.o(.data)
    A2                                       0x24000018   Data           4  main.o(.data)
    A3                                       0x2400001c   Data           4  main.o(.data)
    A4                                       0x24000020   Data           4  main.o(.data)
    A5                                       0x24000024   Data           4  main.o(.data)
    A6                                       0x24000028   Data           4  main.o(.data)
    P                                        0x2400002c   Data           4  main.o(.data)
    J1                                       0x24000030   Data           4  main.o(.data)
    J2                                       0x24000034   Data           4  main.o(.data)
    J3                                       0x24000038   Data           4  main.o(.data)
    J4                                       0x2400003c   Data           4  main.o(.data)
    J5                                       0x24000040   Data           4  main.o(.data)
    J6                                       0x24000044   Data           4  main.o(.data)
    test_fuzhi                               0x24000048   Data           4  main.o(.data)
    tolerance                                0x2400004c   Data           4  main.o(.data)
    bu_chang                                 0x24000050   Data           4  main.o(.data)
    test_motor1                              0x24000054   Data           4  main.o(.data)
    test_motor2                              0x24000058   Data           4  main.o(.data)
    test_motor3                              0x2400005c   Data           4  main.o(.data)
    test_motor4                              0x24000060   Data           4  main.o(.data)
    test_motor5                              0x24000064   Data           4  main.o(.data)
    test_motor6                              0x24000068   Data           4  main.o(.data)
    Z                                        0x2400006c   Data           4  main.o(.data)
    high                                     0x24000070   Data           4  main.o(.data)
    len                                      0x24000074   Data           4  main.o(.data)
    cur_high                                 0x24000078   Data           4  main.o(.data)
    cur_len                                  0x2400007c   Data           4  main.o(.data)
    dsp_sqrt_in                              0x24000080   Data           4  main.o(.data)
    c2                                       0x24000084   Data           4  main.o(.data)
    c23                                      0x24000088   Data           4  main.o(.data)
    c234                                     0x2400008c   Data           4  main.o(.data)
    c2345                                    0x24000090   Data           4  main.o(.data)
    c23456                                   0x24000094   Data           4  main.o(.data)
    s2                                       0x24000098   Data           4  main.o(.data)
    s23                                      0x2400009c   Data           4  main.o(.data)
    s234                                     0x240000a0   Data           4  main.o(.data)
    s2345                                    0x240000a4   Data           4  main.o(.data)
    s23456                                   0x240000a8   Data           4  main.o(.data)
    forward_count                            0x240000b0   Data           8  main.o(.data)
    backward_count                           0x240000b8   Data           8  main.o(.data)
    total_iterations                         0x240000c0   Data           8  main.o(.data)
    youxiao_count                            0x240000c8   Data           8  main.o(.data)
    error_314_count                          0x240000d0   Data           8  main.o(.data)
    jxb_709                                  0x24000100   Data          84  main.o(.data)
    HS_Desc                                  0x24000154   Data          32  usbd_desc.o(.data)
    USBD_LangIDDesc                          0x24000174   Data           4  usbd_desc.o(.data)
    USBD_HS_DeviceDesc                       0x24000178   Data          18  usbd_desc.o(.data)
    USBD_HS_BOSDesc                          0x2400018c   Data          12  usbd_desc.o(.data)
    USBD_StringSerial                        0x24000198   Data          26  usbd_desc.o(.data)
    USBD_Interface_fops_HS                   0x240001b4   Data          20  usbd_cdc_if.o(.data)
    uwTickFreq                               0x240001c8   Data           1  stm32h7xx_hal.o(.data)
    uwTickPrio                               0x240001cc   Data           4  stm32h7xx_hal.o(.data)
    uwTick                                   0x240001d0   Data           4  stm32h7xx_hal.o(.data)
    hfdcan1                                  0x2400022c   Data         160  fdcan.o(.bss)
    huart7                                   0x240002cc   Data         148  usart.o(.bss)
    hdma_uart7_tx                            0x24000360   Data         120  usart.o(.bss)
    hUsbDeviceHS                             0x240003d8   Data         732  usb_device.o(.bss)
    hpcd_USB_OTG_HS                          0x240008d4   Data        1292  usbd_conf.o(.bss)
    __libspace_start                         0x24000de0   Data          96  libspace.o(.bss)
    __temporary_stack_top$libspace           0x24000e40   Data           0  libspace.o(.bss)



==============================================================================

Memory Map of the image

  Image Entry point : 0x080002cd

  Load Region LR_IROM1 (Base: 0x08000000, Size: 0x00009bb4, Max: 0x00100000, ABSOLUTE, COMPRESSED[0x00009a74])

    Execution Region ER_IROM1 (Exec base: 0x08000000, Load base: 0x08000000, Size: 0x00009920, Max: 0x00100000, ABSOLUTE)

    Exec Addr    Load Addr    Size         Type   Attr      Idx    E Section Name        Object

    0x08000000   0x08000000   0x000002cc   Data   RO            3    RESET               startup_stm32h723xx.o
    0x080002cc   0x080002cc   0x00000008   Code   RO         8015  * !!!main             c_w.l(__main.o)
    0x080002d4   0x080002d4   0x00000034   Code   RO         8384    !!!scatter          c_w.l(__scatter.o)
    0x08000308   0x08000308   0x0000005a   Code   RO         8382    !!dczerorl2         c_w.l(__dczerorl2.o)
    0x08000362   0x08000362   0x00000002   PAD
    0x08000364   0x08000364   0x0000001a   Code   RO         8386    !!handler_copy      c_w.l(__scatter_copy.o)
    0x0800037e   0x0800037e   0x00000002   PAD
    0x08000380   0x08000380   0x0000001c   Code   RO         8388    !!handler_zi        c_w.l(__scatter_zi.o)
    0x0800039c   0x0800039c   0x00000002   Code   RO         8191    .ARM.Collect$$libinit$$00000000  c_w.l(libinit.o)
    0x0800039e   0x0800039e   0x00000004   Code   RO         8229    .ARM.Collect$$libinit$$00000001  c_w.l(libinit2.o)
    0x080003a2   0x080003a2   0x00000000   Code   RO         8232    .ARM.Collect$$libinit$$00000004  c_w.l(libinit2.o)
    0x080003a2   0x080003a2   0x00000000   Code   RO         8235    .ARM.Collect$$libinit$$0000000A  c_w.l(libinit2.o)
    0x080003a2   0x080003a2   0x00000000   Code   RO         8237    .ARM.Collect$$libinit$$0000000C  c_w.l(libinit2.o)
    0x080003a2   0x080003a2   0x00000000   Code   RO         8239    .ARM.Collect$$libinit$$0000000E  c_w.l(libinit2.o)
    0x080003a2   0x080003a2   0x00000000   Code   RO         8242    .ARM.Collect$$libinit$$00000011  c_w.l(libinit2.o)
    0x080003a2   0x080003a2   0x00000000   Code   RO         8244    .ARM.Collect$$libinit$$00000013  c_w.l(libinit2.o)
    0x080003a2   0x080003a2   0x00000000   Code   RO         8246    .ARM.Collect$$libinit$$00000015  c_w.l(libinit2.o)
    0x080003a2   0x080003a2   0x00000000   Code   RO         8248    .ARM.Collect$$libinit$$00000017  c_w.l(libinit2.o)
    0x080003a2   0x080003a2   0x00000000   Code   RO         8250    .ARM.Collect$$libinit$$00000019  c_w.l(libinit2.o)
    0x080003a2   0x080003a2   0x00000000   Code   RO         8252    .ARM.Collect$$libinit$$0000001B  c_w.l(libinit2.o)
    0x080003a2   0x080003a2   0x00000000   Code   RO         8254    .ARM.Collect$$libinit$$0000001D  c_w.l(libinit2.o)
    0x080003a2   0x080003a2   0x00000000   Code   RO         8256    .ARM.Collect$$libinit$$0000001F  c_w.l(libinit2.o)
    0x080003a2   0x080003a2   0x00000000   Code   RO         8258    .ARM.Collect$$libinit$$00000021  c_w.l(libinit2.o)
    0x080003a2   0x080003a2   0x00000000   Code   RO         8260    .ARM.Collect$$libinit$$00000023  c_w.l(libinit2.o)
    0x080003a2   0x080003a2   0x00000000   Code   RO         8262    .ARM.Collect$$libinit$$00000025  c_w.l(libinit2.o)
    0x080003a2   0x080003a2   0x00000000   Code   RO         8266    .ARM.Collect$$libinit$$0000002C  c_w.l(libinit2.o)
    0x080003a2   0x080003a2   0x00000000   Code   RO         8268    .ARM.Collect$$libinit$$0000002E  c_w.l(libinit2.o)
    0x080003a2   0x080003a2   0x00000000   Code   RO         8270    .ARM.Collect$$libinit$$00000030  c_w.l(libinit2.o)
    0x080003a2   0x080003a2   0x00000000   Code   RO         8272    .ARM.Collect$$libinit$$00000032  c_w.l(libinit2.o)
    0x080003a2   0x080003a2   0x00000002   Code   RO         8273    .ARM.Collect$$libinit$$00000033  c_w.l(libinit2.o)
    0x080003a4   0x080003a4   0x00000002   Code   RO         8328    .ARM.Collect$$libshutdown$$00000000  c_w.l(libshutdown.o)
    0x080003a6   0x080003a6   0x00000000   Code   RO         8357    .ARM.Collect$$libshutdown$$00000002  c_w.l(libshutdown2.o)
    0x080003a6   0x080003a6   0x00000000   Code   RO         8359    .ARM.Collect$$libshutdown$$00000004  c_w.l(libshutdown2.o)
    0x080003a6   0x080003a6   0x00000000   Code   RO         8361    .ARM.Collect$$libshutdown$$00000006  c_w.l(libshutdown2.o)
    0x080003a6   0x080003a6   0x00000000   Code   RO         8364    .ARM.Collect$$libshutdown$$00000009  c_w.l(libshutdown2.o)
    0x080003a6   0x080003a6   0x00000000   Code   RO         8367    .ARM.Collect$$libshutdown$$0000000C  c_w.l(libshutdown2.o)
    0x080003a6   0x080003a6   0x00000000   Code   RO         8369    .ARM.Collect$$libshutdown$$0000000E  c_w.l(libshutdown2.o)
    0x080003a6   0x080003a6   0x00000000   Code   RO         8372    .ARM.Collect$$libshutdown$$00000011  c_w.l(libshutdown2.o)
    0x080003a6   0x080003a6   0x00000002   Code   RO         8373    .ARM.Collect$$libshutdown$$00000012  c_w.l(libshutdown2.o)
    0x080003a8   0x080003a8   0x00000000   Code   RO         8043    .ARM.Collect$$rtentry$$00000000  c_w.l(__rtentry.o)
    0x080003a8   0x080003a8   0x00000000   Code   RO         8103    .ARM.Collect$$rtentry$$00000002  c_w.l(__rtentry2.o)
    0x080003a8   0x080003a8   0x00000006   Code   RO         8115    .ARM.Collect$$rtentry$$00000004  c_w.l(__rtentry4.o)
    0x080003ae   0x080003ae   0x00000000   Code   RO         8105    .ARM.Collect$$rtentry$$00000009  c_w.l(__rtentry2.o)
    0x080003ae   0x080003ae   0x00000004   Code   RO         8106    .ARM.Collect$$rtentry$$0000000A  c_w.l(__rtentry2.o)
    0x080003b2   0x080003b2   0x00000000   Code   RO         8108    .ARM.Collect$$rtentry$$0000000C  c_w.l(__rtentry2.o)
    0x080003b2   0x080003b2   0x00000008   Code   RO         8109    .ARM.Collect$$rtentry$$0000000D  c_w.l(__rtentry2.o)
    0x080003ba   0x080003ba   0x00000002   Code   RO         8212    .ARM.Collect$$rtexit$$00000000  c_w.l(rtexit.o)
    0x080003bc   0x080003bc   0x00000000   Code   RO         8283    .ARM.Collect$$rtexit$$00000002  c_w.l(rtexit2.o)
    0x080003bc   0x080003bc   0x00000004   Code   RO         8284    .ARM.Collect$$rtexit$$00000003  c_w.l(rtexit2.o)
    0x080003c0   0x080003c0   0x00000006   Code   RO         8285    .ARM.Collect$$rtexit$$00000004  c_w.l(rtexit2.o)
    0x080003c6   0x080003c6   0x00000002   PAD
    0x080003c8   0x080003c8   0x00000040   Code   RO            4    .text               startup_stm32h723xx.o
    0x08000408   0x08000408   0x000000ee   Code   RO         7969    .text               c_w.l(lludivv7m.o)
    0x080004f6   0x080004f6   0x00000064   Code   RO         8009    .text               c_w.l(rt_memcpy_w.o)
    0x0800055a   0x0800055a   0x0000004e   Code   RO         8011    .text               c_w.l(rt_memclr_w.o)
    0x080005a8   0x080005a8   0x00000006   Code   RO         8013    .text               c_w.l(heapauxi.o)
    0x080005ae   0x080005ae   0x00000002   PAD
    0x080005b0   0x080005b0   0x00000008   Code   RO         8140    .text               c_w.l(libspace.o)
    0x080005b8   0x080005b8   0x0000004a   Code   RO         8143    .text               c_w.l(sys_stackheap_outer.o)
    0x08000602   0x08000602   0x00000012   Code   RO         8180    .text               c_w.l(exit.o)
    0x08000614   0x08000614   0x0000000c   Code   RO         8280    .text               c_w.l(sys_exit.o)
    0x08000620   0x08000620   0x00000002   Code   RO         8317    .text               c_w.l(use_no_semi.o)
    0x08000622   0x08000622   0x00000000   Code   RO         8319    .text               c_w.l(indicate_semi.o)
    0x08000622   0x08000622   0x00000002   PAD
    0x08000624   0x08000624   0x000000e4   Code   RO         4444    i.ADC_ConfigureBoostMode  stm32h7xx_hal_adc.o
    0x08000708   0x08000708   0x00000002   Code   RO          875    i.BusFault_Handler  stm32h7xx_it.o
    0x0800070a   0x0800070a   0x00000004   Code   RO         1161    i.CDC_Control_HS    usbd_cdc_if.o
    0x0800070e   0x0800070e   0x00000004   Code   RO         1162    i.CDC_DeInit_HS     usbd_cdc_if.o
    0x08000712   0x08000712   0x00000002   PAD
    0x08000714   0x08000714   0x00000024   Code   RO         1163    i.CDC_Init_HS       usbd_cdc_if.o
    0x08000738   0x08000738   0x00000018   Code   RO         1164    i.CDC_Receive_HS    usbd_cdc_if.o
    0x08000750   0x08000750   0x00000004   Code   RO         1165    i.CDC_TransmitCplt_HS  usbd_cdc_if.o
    0x08000754   0x08000754   0x0000000c   Code   RO          876    i.DMA1_Stream0_IRQHandler  stm32h7xx_it.o
    0x08000760   0x08000760   0x0000000c   Code   RO          877    i.DMA1_Stream1_IRQHandler  stm32h7xx_it.o
    0x0800076c   0x0800076c   0x000000b4   Code   RO         2662    i.DMA_CalcBaseAndBitshift  stm32h7xx_hal_dma.o
    0x08000820   0x08000820   0x0000009c   Code   RO         2663    i.DMA_CalcDMAMUXChannelBaseAndMask  stm32h7xx_hal_dma.o
    0x080008bc   0x080008bc   0x00000074   Code   RO         2664    i.DMA_CalcDMAMUXRequestGenBaseAndMask  stm32h7xx_hal_dma.o
    0x08000930   0x08000930   0x00000054   Code   RO         2665    i.DMA_CheckFifoParam  stm32h7xx_hal_dma.o
    0x08000984   0x08000984   0x00000002   Code   RO          878    i.DebugMon_Handler  stm32h7xx_it.o
    0x08000986   0x08000986   0x00000004   Code   RO          461    i.Error_Handler     main.o
    0x0800098a   0x0800098a   0x00000002   PAD
    0x0800098c   0x0800098c   0x0000000c   Code   RO          879    i.FDCAN1_IT0_IRQHandler  stm32h7xx_it.o
    0x08000998   0x08000998   0x0000000c   Code   RO          880    i.FDCAN1_IT1_IRQHandler  stm32h7xx_it.o
    0x080009a4   0x080009a4   0x000001c8   Code   RO         4910    i.FDCAN_CalcultateRamBlockAddresses  stm32h7xx_hal_fdcan.o
    0x08000b6c   0x08000b6c   0x00000080   Code   RO         4911    i.FDCAN_CopyMessageToRAM  stm32h7xx_hal_fdcan.o
    0x08000bec   0x08000bec   0x00000128   Code   RO         4696    i.HAL_ADCEx_MultiModeConfigChannel  stm32h7xx_hal_adc_ex.o
    0x08000d14   0x08000d14   0x00000598   Code   RO         4452    i.HAL_ADC_ConfigChannel  stm32h7xx_hal_adc.o
    0x080012ac   0x080012ac   0x000002a8   Code   RO         4461    i.HAL_ADC_Init      stm32h7xx_hal_adc.o
    0x08001554   0x08001554   0x000000d0   Code   RO          624    i.HAL_ADC_MspInit   adc.o
    0x08001624   0x08001624   0x00000360   Code   RO         2667    i.HAL_DMA_Abort     stm32h7xx_hal_dma.o
    0x08001984   0x08001984   0x00000284   Code   RO         2668    i.HAL_DMA_Abort_IT  stm32h7xx_hal_dma.o
    0x08001c08   0x08001c08   0x000006e8   Code   RO         2672    i.HAL_DMA_IRQHandler  stm32h7xx_hal_dma.o
    0x080022f0   0x080022f0   0x000003bc   Code   RO         2673    i.HAL_DMA_Init      stm32h7xx_hal_dma.o
    0x080026ac   0x080026ac   0x00000006   Code   RO          246    i.HAL_Delay         delay.o
    0x080026b2   0x080026b2   0x00000002   PAD
    0x080026b4   0x080026b4   0x00000088   Code   RO         4913    i.HAL_FDCAN_ActivateNotification  stm32h7xx_hal_fdcan.o
    0x0800273c   0x0800273c   0x00000066   Code   RO         4915    i.HAL_FDCAN_AddMessageToTxFifoQ  stm32h7xx_hal_fdcan.o
    0x080027a2   0x080027a2   0x00000002   Code   RO         4916    i.HAL_FDCAN_ClockCalibrationCallback  stm32h7xx_hal_fdcan.o
    0x080027a4   0x080027a4   0x0000005a   Code   RO         4919    i.HAL_FDCAN_ConfigFifoWatermark  stm32h7xx_hal_fdcan.o
    0x080027fe   0x080027fe   0x0000007e   Code   RO         4920    i.HAL_FDCAN_ConfigFilter  stm32h7xx_hal_fdcan.o
    0x0800287c   0x0800287c   0x00000032   Code   RO         4921    i.HAL_FDCAN_ConfigGlobalFilter  stm32h7xx_hal_fdcan.o
    0x080028ae   0x080028ae   0x00000002   Code   RO         4942    i.HAL_FDCAN_ErrorCallback  stm32h7xx_hal_fdcan.o
    0x080028b0   0x080028b0   0x00000002   Code   RO         4943    i.HAL_FDCAN_ErrorStatusCallback  stm32h7xx_hal_fdcan.o
    0x080028b2   0x080028b2   0x00000002   PAD
    0x080028b4   0x080028b4   0x00000194   Code   RO         4954    i.HAL_FDCAN_GetRxMessage  stm32h7xx_hal_fdcan.o
    0x08002a48   0x08002a48   0x00000002   Code   RO         4960    i.HAL_FDCAN_HighPriorityMessageCallback  stm32h7xx_hal_fdcan.o
    0x08002a4a   0x08002a4a   0x00000002   PAD
    0x08002a4c   0x08002a4c   0x00000320   Code   RO         4961    i.HAL_FDCAN_IRQHandler  stm32h7xx_hal_fdcan.o
    0x08002d6c   0x08002d6c   0x00000244   Code   RO         4962    i.HAL_FDCAN_Init    stm32h7xx_hal_fdcan.o
    0x08002fb0   0x08002fb0   0x000000a8   Code   RO          690    i.HAL_FDCAN_MspInit  fdcan.o
    0x08003058   0x08003058   0x00000002   Code   RO         4971    i.HAL_FDCAN_RxBufferNewMessageCallback  stm32h7xx_hal_fdcan.o
    0x0800305a   0x0800305a   0x00000002   PAD
    0x0800305c   0x0800305c   0x00000014   Code   RO           13    i.HAL_FDCAN_RxFifo0Callback  can_bsp.o
    0x08003070   0x08003070   0x00000002   Code   RO         4973    i.HAL_FDCAN_RxFifo1Callback  stm32h7xx_hal_fdcan.o
    0x08003072   0x08003072   0x00000032   Code   RO         4974    i.HAL_FDCAN_Start   stm32h7xx_hal_fdcan.o
    0x080030a4   0x080030a4   0x00000002   Code   RO         4996    i.HAL_FDCAN_TT_GlobalTimeCallback  stm32h7xx_hal_fdcan.o
    0x080030a6   0x080030a6   0x00000002   Code   RO         4997    i.HAL_FDCAN_TT_ScheduleSyncCallback  stm32h7xx_hal_fdcan.o
    0x080030a8   0x080030a8   0x00000002   Code   RO         5002    i.HAL_FDCAN_TT_StopWatchCallback  stm32h7xx_hal_fdcan.o
    0x080030aa   0x080030aa   0x00000002   Code   RO         5003    i.HAL_FDCAN_TT_TimeMarkCallback  stm32h7xx_hal_fdcan.o
    0x080030ac   0x080030ac   0x00000002   Code   RO         5004    i.HAL_FDCAN_TimeoutOccurredCallback  stm32h7xx_hal_fdcan.o
    0x080030ae   0x080030ae   0x00000002   Code   RO         5005    i.HAL_FDCAN_TimestampWraparoundCallback  stm32h7xx_hal_fdcan.o
    0x080030b0   0x080030b0   0x00000002   Code   RO         5006    i.HAL_FDCAN_TxBufferAbortCallback  stm32h7xx_hal_fdcan.o
    0x080030b2   0x080030b2   0x00000002   Code   RO         5007    i.HAL_FDCAN_TxBufferCompleteCallback  stm32h7xx_hal_fdcan.o
    0x080030b4   0x080030b4   0x00000002   Code   RO         5008    i.HAL_FDCAN_TxEventFifoCallback  stm32h7xx_hal_fdcan.o
    0x080030b6   0x080030b6   0x00000002   Code   RO         5009    i.HAL_FDCAN_TxFifoEmptyCallback  stm32h7xx_hal_fdcan.o
    0x080030b8   0x080030b8   0x0000021c   Code   RO         2515    i.HAL_GPIO_Init     stm32h7xx_hal_gpio.o
    0x080032d4   0x080032d4   0x0000000a   Code   RO         2519    i.HAL_GPIO_WritePin  stm32h7xx_hal_gpio.o
    0x080032de   0x080032de   0x00000002   PAD
    0x080032e0   0x080032e0   0x0000000c   Code   RO         3521    i.HAL_GetTick       stm32h7xx_hal.o
    0x080032ec   0x080032ec   0x00000010   Code   RO         3527    i.HAL_IncTick       stm32h7xx_hal.o
    0x080032fc   0x080032fc   0x0000005c   Code   RO         3528    i.HAL_Init          stm32h7xx_hal.o
    0x08003358   0x08003358   0x00000040   Code   RO         3529    i.HAL_InitTick      stm32h7xx_hal.o
    0x08003398   0x08003398   0x0000005c   Code   RO         3358    i.HAL_MPU_ConfigRegion  stm32h7xx_hal_cortex.o
    0x080033f4   0x080033f4   0x0000001c   Code   RO         3359    i.HAL_MPU_Disable   stm32h7xx_hal_cortex.o
    0x08003410   0x08003410   0x00000024   Code   RO         3360    i.HAL_MPU_Enable    stm32h7xx_hal_cortex.o
    0x08003434   0x08003434   0x0000001c   Code   RO          993    i.HAL_MspInit       stm32h7xx_hal_msp.o
    0x08003450   0x08003450   0x0000001a   Code   RO         3363    i.HAL_NVIC_EnableIRQ  stm32h7xx_hal_cortex.o
    0x0800346a   0x0800346a   0x00000002   PAD
    0x0800346c   0x0800346c   0x00000040   Code   RO         3369    i.HAL_NVIC_SetPriority  stm32h7xx_hal_cortex.o
    0x080034ac   0x080034ac   0x00000024   Code   RO         3370    i.HAL_NVIC_SetPriorityGrouping  stm32h7xx_hal_cortex.o
    0x080034d0   0x080034d0   0x00000028   Code   RO         1666    i.HAL_PCDEx_ActivateLPM  stm32h7xx_hal_pcd_ex.o
    0x080034f8   0x080034f8   0x00000002   Code   RO         1671    i.HAL_PCDEx_LPM_Callback  stm32h7xx_hal_pcd_ex.o
    0x080034fa   0x080034fa   0x00000008   Code   RO         1672    i.HAL_PCDEx_SetRxFiFo  stm32h7xx_hal_pcd_ex.o
    0x08003502   0x08003502   0x00000046   Code   RO         1673    i.HAL_PCDEx_SetTxFiFo  stm32h7xx_hal_pcd_ex.o
    0x08003548   0x08003548   0x00000008   Code   RO         1222    i.HAL_PCD_ConnectCallback  usbd_conf.o
    0x08003550   0x08003550   0x00000012   Code   RO         1223    i.HAL_PCD_DataInStageCallback  usbd_conf.o
    0x08003562   0x08003562   0x00000014   Code   RO         1224    i.HAL_PCD_DataOutStageCallback  usbd_conf.o
    0x08003576   0x08003576   0x00000008   Code   RO         1225    i.HAL_PCD_DisconnectCallback  usbd_conf.o
    0x0800357e   0x0800357e   0x0000001e   Code   RO         1442    i.HAL_PCD_EP_Abort  stm32h7xx_hal_pcd.o
    0x0800359c   0x0800359c   0x0000004c   Code   RO         1443    i.HAL_PCD_EP_Close  stm32h7xx_hal_pcd.o
    0x080035e8   0x080035e8   0x0000005c   Code   RO         1444    i.HAL_PCD_EP_ClrStall  stm32h7xx_hal_pcd.o
    0x08003644   0x08003644   0x00000012   Code   RO         1446    i.HAL_PCD_EP_GetRxCount  stm32h7xx_hal_pcd.o
    0x08003656   0x08003656   0x00000060   Code   RO         1447    i.HAL_PCD_EP_Open   stm32h7xx_hal_pcd.o
    0x080036b6   0x080036b6   0x00000034   Code   RO         1448    i.HAL_PCD_EP_Receive  stm32h7xx_hal_pcd.o
    0x080036ea   0x080036ea   0x00000074   Code   RO         1449    i.HAL_PCD_EP_SetStall  stm32h7xx_hal_pcd.o
    0x0800375e   0x0800375e   0x00000034   Code   RO         1450    i.HAL_PCD_EP_Transmit  stm32h7xx_hal_pcd.o
    0x08003792   0x08003792   0x00000002   PAD
    0x08003794   0x08003794   0x0000059c   Code   RO         1452    i.HAL_PCD_IRQHandler  stm32h7xx_hal_pcd.o
    0x08003d30   0x08003d30   0x00000008   Code   RO         1226    i.HAL_PCD_ISOINIncompleteCallback  usbd_conf.o
    0x08003d38   0x08003d38   0x00000008   Code   RO         1227    i.HAL_PCD_ISOOUTIncompleteCallback  usbd_conf.o
    0x08003d40   0x08003d40   0x000000f2   Code   RO         1455    i.HAL_PCD_Init      stm32h7xx_hal_pcd.o
    0x08003e32   0x08003e32   0x00000002   PAD
    0x08003e34   0x08003e34   0x00000064   Code   RO         1229    i.HAL_PCD_MspInit   usbd_conf.o
    0x08003e98   0x08003e98   0x0000002c   Code   RO         1230    i.HAL_PCD_ResetCallback  usbd_conf.o
    0x08003ec4   0x08003ec4   0x00000008   Code   RO         1231    i.HAL_PCD_ResumeCallback  usbd_conf.o
    0x08003ecc   0x08003ecc   0x00000008   Code   RO         1232    i.HAL_PCD_SOFCallback  usbd_conf.o
    0x08003ed4   0x08003ed4   0x00000028   Code   RO         1461    i.HAL_PCD_SetAddress  stm32h7xx_hal_pcd.o
    0x08003efc   0x08003efc   0x0000000e   Code   RO         1233    i.HAL_PCD_SetupStageCallback  usbd_conf.o
    0x08003f0a   0x08003f0a   0x00000042   Code   RO         1464    i.HAL_PCD_Start     stm32h7xx_hal_pcd.o
    0x08003f4c   0x08003f4c   0x00000030   Code   RO         1234    i.HAL_PCD_SuspendCallback  usbd_conf.o
    0x08003f7c   0x08003f7c   0x00000054   Code   RO         3116    i.HAL_PWREx_ConfigSupply  stm32h7xx_hal_pwr_ex.o
    0x08003fd0   0x08003fd0   0x00000010   Code   RO         3133    i.HAL_PWREx_EnableUSBVoltageDetector  stm32h7xx_hal_pwr_ex.o
    0x08003fe0   0x08003fe0   0x00000024   Code   RO         2158    i.HAL_RCCEx_GetD3PCLK1Freq  stm32h7xx_hal_rcc_ex.o
    0x08004004   0x08004004   0x00000148   Code   RO         2159    i.HAL_RCCEx_GetPLL1ClockFreq  stm32h7xx_hal_rcc_ex.o
    0x0800414c   0x0800414c   0x00000144   Code   RO         2160    i.HAL_RCCEx_GetPLL2ClockFreq  stm32h7xx_hal_rcc_ex.o
    0x08004290   0x08004290   0x00000144   Code   RO         2161    i.HAL_RCCEx_GetPLL3ClockFreq  stm32h7xx_hal_rcc_ex.o
    0x080043d4   0x080043d4   0x0000029c   Code   RO         2163    i.HAL_RCCEx_GetPeriphCLKFreq  stm32h7xx_hal_rcc_ex.o
    0x08004670   0x08004670   0x0000093a   Code   RO         2167    i.HAL_RCCEx_PeriphCLKConfig  stm32h7xx_hal_rcc_ex.o
    0x08004faa   0x08004faa   0x00000002   PAD
    0x08004fac   0x08004fac   0x0000025c   Code   RO         2043    i.HAL_RCC_ClockConfig  stm32h7xx_hal_rcc.o
    0x08005208   0x08005208   0x00000044   Code   RO         2048    i.HAL_RCC_GetHCLKFreq  stm32h7xx_hal_rcc.o
    0x0800524c   0x0800524c   0x00000024   Code   RO         2050    i.HAL_RCC_GetPCLK1Freq  stm32h7xx_hal_rcc.o
    0x08005270   0x08005270   0x00000024   Code   RO         2051    i.HAL_RCC_GetPCLK2Freq  stm32h7xx_hal_rcc.o
    0x08005294   0x08005294   0x00000138   Code   RO         2052    i.HAL_RCC_GetSysClockFreq  stm32h7xx_hal_rcc.o
    0x080053cc   0x080053cc   0x00000526   Code   RO         2055    i.HAL_RCC_OscConfig  stm32h7xx_hal_rcc.o
    0x080058f2   0x080058f2   0x00000002   PAD
    0x080058f4   0x080058f4   0x0000017c   Code   RO         5539    i.HAL_SPI_Init      stm32h7xx_hal_spi.o
    0x08005a70   0x08005a70   0x000000ac   Code   RO          750    i.HAL_SPI_MspInit   spi.o
    0x08005b1c   0x08005b1c   0x00000018   Code   RO         3372    i.HAL_SYSTICK_CLKSourceConfig  stm32h7xx_hal_cortex.o
    0x08005b34   0x08005b34   0x00000026   Code   RO         3374    i.HAL_SYSTICK_Config  stm32h7xx_hal_cortex.o
    0x08005b5a   0x08005b5a   0x00000002   Code   RO         6573    i.HAL_TIMEx_Break2Callback  stm32h7xx_hal_tim_ex.o
    0x08005b5c   0x08005b5c   0x00000002   Code   RO         6574    i.HAL_TIMEx_BreakCallback  stm32h7xx_hal_tim_ex.o
    0x08005b5e   0x08005b5e   0x00000002   Code   RO         6575    i.HAL_TIMEx_CommutCallback  stm32h7xx_hal_tim_ex.o
    0x08005b60   0x08005b60   0x000000b8   Code   RO         6596    i.HAL_TIMEx_MasterConfigSynchronization  stm32h7xx_hal_tim_ex.o
    0x08005c18   0x08005c18   0x00000062   Code   RO         5859    i.HAL_TIM_Base_Init  stm32h7xx_hal_tim.o
    0x08005c7a   0x08005c7a   0x00000002   PAD
    0x08005c7c   0x08005c7c   0x0000003c   Code   RO          792    i.HAL_TIM_Base_MspInit  tim.o
    0x08005cb8   0x08005cb8   0x000000fc   Code   RO         5868    i.HAL_TIM_ConfigClockSource  stm32h7xx_hal_tim.o
    0x08005db4   0x08005db4   0x00000002   Code   RO         5893    i.HAL_TIM_IC_CaptureCallback  stm32h7xx_hal_tim.o
    0x08005db6   0x08005db6   0x00000182   Code   RO         5907    i.HAL_TIM_IRQHandler  stm32h7xx_hal_tim.o
    0x08005f38   0x08005f38   0x00000002   Code   RO         5910    i.HAL_TIM_OC_DelayElapsedCallback  stm32h7xx_hal_tim.o
    0x08005f3a   0x08005f3a   0x00000002   Code   RO         5937    i.HAL_TIM_PWM_PulseFinishedCallback  stm32h7xx_hal_tim.o
    0x08005f3c   0x08005f3c   0x00000002   Code   RO         5945    i.HAL_TIM_PeriodElapsedCallback  stm32h7xx_hal_tim.o
    0x08005f3e   0x08005f3e   0x00000002   Code   RO         5950    i.HAL_TIM_TriggerCallback  stm32h7xx_hal_tim.o
    0x08005f40   0x08005f40   0x00000040   Code   RO         7296    i.HAL_UARTEx_DisableFifoMode  stm32h7xx_hal_uart_ex.o
    0x08005f80   0x08005f80   0x00000002   Code   RO         6885    i.HAL_UARTEx_RxEventCallback  stm32h7xx_hal_uart.o
    0x08005f82   0x08005f82   0x00000002   Code   RO         7304    i.HAL_UARTEx_RxFifoFullCallback  stm32h7xx_hal_uart_ex.o
    0x08005f84   0x08005f84   0x0000004c   Code   RO         7305    i.HAL_UARTEx_SetRxFifoThreshold  stm32h7xx_hal_uart_ex.o
    0x08005fd0   0x08005fd0   0x0000004c   Code   RO         7306    i.HAL_UARTEx_SetTxFifoThreshold  stm32h7xx_hal_uart_ex.o
    0x0800601c   0x0800601c   0x00000002   Code   RO         7308    i.HAL_UARTEx_TxFifoEmptyCallback  stm32h7xx_hal_uart_ex.o
    0x0800601e   0x0800601e   0x00000002   Code   RO         7309    i.HAL_UARTEx_WakeupCallback  stm32h7xx_hal_uart_ex.o
    0x08006020   0x08006020   0x00000002   Code   RO         6901    i.HAL_UART_ErrorCallback  stm32h7xx_hal_uart.o
    0x08006022   0x08006022   0x00000002   PAD
    0x08006024   0x08006024   0x00000388   Code   RO         6904    i.HAL_UART_IRQHandler  stm32h7xx_hal_uart.o
    0x080063ac   0x080063ac   0x0000006a   Code   RO         6905    i.HAL_UART_Init     stm32h7xx_hal_uart.o
    0x08006416   0x08006416   0x00000002   PAD
    0x08006418   0x08006418   0x000000cc   Code   RO          834    i.HAL_UART_MspInit  usart.o
    0x080064e4   0x080064e4   0x00000002   Code   RO         6917    i.HAL_UART_TxCpltCallback  stm32h7xx_hal_uart.o
    0x080064e6   0x080064e6   0x00000002   Code   RO          881    i.HardFault_Handler  stm32h7xx_it.o
    0x080064e8   0x080064e8   0x00000038   Code   RO         1069    i.IntToUnicode      usbd_desc.o
    0x08006520   0x08006520   0x0000000c   Code   RO         4473    i.LL_ADC_GetOffsetChannel  stm32h7xx_hal_adc.o
    0x0800652c   0x0800652c   0x00000008   Code   RO         4474    i.LL_ADC_INJ_IsConversionOngoing  stm32h7xx_hal_adc.o
    0x08006534   0x08006534   0x00000008   Code   RO         4475    i.LL_ADC_REG_IsConversionOngoing  stm32h7xx_hal_adc.o
    0x0800653c   0x0800653c   0x00000008   Code   RO         4706    i.LL_ADC_REG_IsConversionOngoing  stm32h7xx_hal_adc_ex.o
    0x08006544   0x08006544   0x0000001e   Code   RO         4478    i.LL_ADC_SetChannelSamplingTime  stm32h7xx_hal_adc.o
    0x08006562   0x08006562   0x00000002   PAD
    0x08006564   0x08006564   0x00000018   Code   RO         4479    i.LL_ADC_SetOffsetState  stm32h7xx_hal_adc.o
    0x0800657c   0x0800657c   0x00000094   Code   RO          625    i.MX_ADC1_Init      adc.o
    0x08006610   0x08006610   0x0000003c   Code   RO          665    i.MX_DMA_Init       dma.o
    0x0800664c   0x0800664c   0x00000064   Code   RO          691    i.MX_FDCAN1_Init    fdcan.o
    0x080066b0   0x080066b0   0x00000124   Code   RO          599    i.MX_GPIO_Init      gpio.o
    0x080067d4   0x080067d4   0x00000060   Code   RO          751    i.MX_SPI1_Init      spi.o
    0x08006834   0x08006834   0x00000068   Code   RO          793    i.MX_TIM3_Init      tim.o
    0x0800689c   0x0800689c   0x00000068   Code   RO          835    i.MX_UART7_Init     usart.o
    0x08006904   0x08006904   0x00000054   Code   RO         1017    i.MX_USB_DEVICE_Init  usb_device.o
    0x08006958   0x08006958   0x00000002   Code   RO          882    i.MemManage_Handler  stm32h7xx_it.o
    0x0800695a   0x0800695a   0x00000002   Code   RO          883    i.NMI_Handler       stm32h7xx_it.o
    0x0800695c   0x0800695c   0x0000000c   Code   RO          884    i.OTG_HS_IRQHandler  stm32h7xx_it.o
    0x08006968   0x08006968   0x000000cc   Code   RO         1467    i.PCD_EP_OutXfrComplete_int  stm32h7xx_hal_pcd.o
    0x08006a34   0x08006a34   0x000000a2   Code   RO         1468    i.PCD_WriteEmptyTxFifo  stm32h7xx_hal_pcd.o
    0x08006ad6   0x08006ad6   0x00000002   Code   RO          885    i.PendSV_Handler    stm32h7xx_it.o
    0x08006ad8   0x08006ad8   0x00000120   Code   RO         2170    i.RCCEx_PLL2_Config  stm32h7xx_hal_rcc_ex.o
    0x08006bf8   0x08006bf8   0x00000120   Code   RO         2171    i.RCCEx_PLL3_Config  stm32h7xx_hal_rcc_ex.o
    0x08006d18   0x08006d18   0x00000002   Code   RO          886    i.SVC_Handler       stm32h7xx_it.o
    0x08006d1a   0x08006d1a   0x0000000a   Code   RO         7614    i.SWAPBYTE          usbd_ctlreq.o
    0x08006d24   0x08006d24   0x00000004   Code   RO          887    i.SysTick_Handler   stm32h7xx_it.o
    0x08006d28   0x08006d28   0x0000009c   Code   RO          463    i.SystemClock_Config  main.o
    0x08006dc4   0x08006dc4   0x000000c0   Code   RO         7415    i.SystemInit        system_stm32h7xx.o
    0x08006e84   0x08006e84   0x0000000c   Code   RO          888    i.TIM3_IRQHandler   stm32h7xx_it.o
    0x08006e90   0x08006e90   0x000000d8   Code   RO         5952    i.TIM_Base_SetConfig  stm32h7xx_hal_tim.o
    0x08006f68   0x08006f68   0x00000012   Code   RO         5963    i.TIM_ETR_SetConfig  stm32h7xx_hal_tim.o
    0x08006f7a   0x08006f7a   0x00000002   PAD
    0x08006f7c   0x08006f7c   0x00000014   Code   RO         5964    i.TIM_ITRx_SetConfig  stm32h7xx_hal_tim.o
    0x08006f90   0x08006f90   0x00000022   Code   RO         5972    i.TIM_TI1_ConfigInputStage  stm32h7xx_hal_tim.o
    0x08006fb2   0x08006fb2   0x00000024   Code   RO         5974    i.TIM_TI2_ConfigInputStage  stm32h7xx_hal_tim.o
    0x08006fd6   0x08006fd6   0x00000002   PAD
    0x08006fd8   0x08006fd8   0x0000000c   Code   RO          889    i.UART7_IRQHandler  stm32h7xx_it.o
    0x08006fe4   0x08006fe4   0x00000044   Code   RO         7310    i.UARTEx_SetNbDataToProcess  stm32h7xx_hal_uart_ex.o
    0x08007028   0x08007028   0x000000c8   Code   RO         6919    i.UART_AdvFeatureConfig  stm32h7xx_hal_uart.o
    0x080070f0   0x080070f0   0x000000aa   Code   RO         6920    i.UART_CheckIdleState  stm32h7xx_hal_uart.o
    0x0800719a   0x0800719a   0x00000014   Code   RO         6921    i.UART_DMAAbortOnError  stm32h7xx_hal_uart.o
    0x080071ae   0x080071ae   0x00000002   PAD
    0x080071b0   0x080071b0   0x00000054   Code   RO         6931    i.UART_EndRxTransfer  stm32h7xx_hal_uart.o
    0x08007204   0x08007204   0x000003dc   Code   RO         6937    i.UART_SetConfig    stm32h7xx_hal_uart.o
    0x080075e0   0x080075e0   0x0000008c   Code   RO         6944    i.UART_WaitOnFlagUntilTimeout  stm32h7xx_hal_uart.o
    0x0800766c   0x0800766c   0x00000076   Code   RO         7755    i.USBD_CDC_DataIn   usbd_cdc.o
    0x080076e2   0x080076e2   0x0000003c   Code   RO         7756    i.USBD_CDC_DataOut  usbd_cdc.o
    0x0800771e   0x0800771e   0x00000002   PAD
    0x08007720   0x08007720   0x00000090   Code   RO         7757    i.USBD_CDC_DeInit   usbd_cdc.o
    0x080077b0   0x080077b0   0x00000036   Code   RO         7758    i.USBD_CDC_EP0_RxReady  usbd_cdc.o
    0x080077e6   0x080077e6   0x00000002   PAD
    0x080077e8   0x080077e8   0x0000000c   Code   RO         7759    i.USBD_CDC_GetDeviceQualifierDescriptor  usbd_cdc.o
    0x080077f4   0x080077f4   0x00000040   Code   RO         7760    i.USBD_CDC_GetFSCfgDesc  usbd_cdc.o
    0x08007834   0x08007834   0x00000040   Code   RO         7761    i.USBD_CDC_GetHSCfgDesc  usbd_cdc.o
    0x08007874   0x08007874   0x00000040   Code   RO         7762    i.USBD_CDC_GetOtherSpeedCfgDesc  usbd_cdc.o
    0x080078b4   0x080078b4   0x0000011c   Code   RO         7763    i.USBD_CDC_Init     usbd_cdc.o
    0x080079d0   0x080079d0   0x00000038   Code   RO         7764    i.USBD_CDC_ReceivePacket  usbd_cdc.o
    0x08007a08   0x08007a08   0x00000016   Code   RO         7765    i.USBD_CDC_RegisterInterface  usbd_cdc.o
    0x08007a1e   0x08007a1e   0x0000001a   Code   RO         7766    i.USBD_CDC_SetRxBuffer  usbd_cdc.o
    0x08007a38   0x08007a38   0x0000001e   Code   RO         7767    i.USBD_CDC_SetTxBuffer  usbd_cdc.o
    0x08007a56   0x08007a56   0x000000ce   Code   RO         7768    i.USBD_CDC_Setup    usbd_cdc.o
    0x08007b24   0x08007b24   0x00000014   Code   RO         7451    i.USBD_ClrClassConfig  usbd_core.o
    0x08007b38   0x08007b38   0x00000004   Code   RO         7452    i.USBD_CoreFindEP   usbd_core.o
    0x08007b3c   0x08007b3c   0x00000004   Code   RO         7453    i.USBD_CoreFindIF   usbd_core.o
    0x08007b40   0x08007b40   0x00000010   Code   RO         7691    i.USBD_CtlContinueRx  usbd_ioreq.o
    0x08007b50   0x08007b50   0x00000010   Code   RO         7692    i.USBD_CtlContinueSendData  usbd_ioreq.o
    0x08007b60   0x08007b60   0x00000016   Code   RO         7615    i.USBD_CtlError     usbd_ctlreq.o
    0x08007b76   0x08007b76   0x0000001e   Code   RO         7693    i.USBD_CtlPrepareRx  usbd_ioreq.o
    0x08007b94   0x08007b94   0x00000016   Code   RO         7694    i.USBD_CtlReceiveStatus  usbd_ioreq.o
    0x08007baa   0x08007baa   0x0000001a   Code   RO         7695    i.USBD_CtlSendData  usbd_ioreq.o
    0x08007bc4   0x08007bc4   0x00000016   Code   RO         7696    i.USBD_CtlSendStatus  usbd_ioreq.o
    0x08007bda   0x08007bda   0x000000fa   Code   RO         7616    i.USBD_GetDescriptor  usbd_ctlreq.o
    0x08007cd4   0x08007cd4   0x0000003a   Code   RO         7455    i.USBD_GetEpDesc    usbd_core.o
    0x08007d0e   0x08007d0e   0x0000000e   Code   RO         7456    i.USBD_GetNextDesc  usbd_core.o
    0x08007d1c   0x08007d1c   0x0000004a   Code   RO         7617    i.USBD_GetString    usbd_ctlreq.o
    0x08007d66   0x08007d66   0x00000018   Code   RO         1235    i.USBD_Get_USB_Status  usbd_conf.o
    0x08007d7e   0x08007d7e   0x00000002   PAD
    0x08007d80   0x08007d80   0x00000020   Code   RO         1070    i.USBD_HS_ConfigStrDescriptor  usbd_desc.o
    0x08007da0   0x08007da0   0x0000000c   Code   RO         1071    i.USBD_HS_DeviceDescriptor  usbd_desc.o
    0x08007dac   0x08007dac   0x00000024   Code   RO         1072    i.USBD_HS_InterfaceStrDescriptor  usbd_desc.o
    0x08007dd0   0x08007dd0   0x0000000c   Code   RO         1073    i.USBD_HS_LangIDStrDescriptor  usbd_desc.o
    0x08007ddc   0x08007ddc   0x00000028   Code   RO         1074    i.USBD_HS_ManufacturerStrDescriptor  usbd_desc.o
    0x08007e04   0x08007e04   0x0000002c   Code   RO         1075    i.USBD_HS_ProductStrDescriptor  usbd_desc.o
    0x08007e30   0x08007e30   0x0000003c   Code   RO         1076    i.USBD_HS_SerialStrDescriptor  usbd_desc.o
    0x08007e6c   0x08007e6c   0x00000026   Code   RO         7457    i.USBD_Init         usbd_core.o
    0x08007e92   0x08007e92   0x00000012   Code   RO         1236    i.USBD_LL_ClearStallEP  usbd_conf.o
    0x08007ea4   0x08007ea4   0x00000012   Code   RO         1237    i.USBD_LL_CloseEP   usbd_conf.o
    0x08007eb6   0x08007eb6   0x000000b8   Code   RO         7458    i.USBD_LL_DataInStage  usbd_core.o
    0x08007f6e   0x08007f6e   0x00000090   Code   RO         7459    i.USBD_LL_DataOutStage  usbd_core.o
    0x08007ffe   0x08007ffe   0x00000004   Code   RO         7460    i.USBD_LL_DevConnected  usbd_core.o
    0x08008002   0x08008002   0x00000020   Code   RO         7461    i.USBD_LL_DevDisconnected  usbd_core.o
    0x08008022   0x08008022   0x00000008   Code   RO         1241    i.USBD_LL_GetRxDataSize  usbd_conf.o
    0x0800802a   0x0800802a   0x00000002   PAD
    0x0800802c   0x0800802c   0x00000068   Code   RO         1242    i.USBD_LL_Init      usbd_conf.o
    0x08008094   0x08008094   0x00000020   Code   RO         1243    i.USBD_LL_IsStallEP  usbd_conf.o
    0x080080b4   0x080080b4   0x00000028   Code   RO         7462    i.USBD_LL_IsoINIncomplete  usbd_core.o
    0x080080dc   0x080080dc   0x00000028   Code   RO         7463    i.USBD_LL_IsoOUTIncomplete  usbd_core.o
    0x08008104   0x08008104   0x00000018   Code   RO         1244    i.USBD_LL_OpenEP    usbd_conf.o
    0x0800811c   0x0800811c   0x00000012   Code   RO         1245    i.USBD_LL_PrepareReceive  usbd_conf.o
    0x0800812e   0x0800812e   0x0000005e   Code   RO         7464    i.USBD_LL_Reset     usbd_core.o
    0x0800818c   0x0800818c   0x00000014   Code   RO         7465    i.USBD_LL_Resume    usbd_core.o
    0x080081a0   0x080081a0   0x0000001a   Code   RO         7466    i.USBD_LL_SOF       usbd_core.o
    0x080081ba   0x080081ba   0x00000006   Code   RO         7467    i.USBD_LL_SetSpeed  usbd_core.o
    0x080081c0   0x080081c0   0x00000012   Code   RO         1246    i.USBD_LL_SetUSBAddress  usbd_conf.o
    0x080081d2   0x080081d2   0x00000060   Code   RO         7468    i.USBD_LL_SetupStage  usbd_core.o
    0x08008232   0x08008232   0x00000012   Code   RO         1247    i.USBD_LL_StallEP   usbd_conf.o
    0x08008244   0x08008244   0x00000012   Code   RO         1248    i.USBD_LL_Start     usbd_conf.o
    0x08008256   0x08008256   0x0000001a   Code   RO         7469    i.USBD_LL_Suspend   usbd_core.o
    0x08008270   0x08008270   0x00000012   Code   RO         1250    i.USBD_LL_Transmit  usbd_conf.o
    0x08008282   0x08008282   0x0000002a   Code   RO         7618    i.USBD_ParseSetupRequest  usbd_ctlreq.o
    0x080082ac   0x080082ac   0x0000003a   Code   RO         7470    i.USBD_RegisterClass  usbd_core.o
    0x080082e6   0x080082e6   0x00000014   Code   RO         7472    i.USBD_SetClassConfig  usbd_core.o
    0x080082fa   0x080082fa   0x00000002   PAD
    0x080082fc   0x080082fc   0x000000bc   Code   RO         7619    i.USBD_SetConfig    usbd_ctlreq.o
    0x080083b8   0x080083b8   0x00000004   Code   RO         7473    i.USBD_Start        usbd_core.o
    0x080083bc   0x080083bc   0x0000012e   Code   RO         7620    i.USBD_StdDevReq    usbd_ctlreq.o
    0x080084ea   0x080084ea   0x00000164   Code   RO         7621    i.USBD_StdEPReq     usbd_ctlreq.o
    0x0800864e   0x0800864e   0x00000074   Code   RO         7622    i.USBD_StdItfReq    usbd_ctlreq.o
    0x080086c2   0x080086c2   0x00000002   Code   RO         1251    i.USBD_static_free  usbd_conf.o
    0x080086c4   0x080086c4   0x00000008   Code   RO         1252    i.USBD_static_malloc  usbd_conf.o
    0x080086cc   0x080086cc   0x00000080   Code   RO         1738    i.USB_ActivateEndpoint  stm32h7xx_ll_usb.o
    0x0800874c   0x0800874c   0x0000001c   Code   RO         1740    i.USB_ActivateSetup  stm32h7xx_ll_usb.o
    0x08008768   0x08008768   0x00000088   Code   RO         1742    i.USB_CoreInit      stm32h7xx_ll_usb.o
    0x080087f0   0x080087f0   0x00000040   Code   RO         1743    i.USB_CoreReset     stm32h7xx_ll_usb.o
    0x08008830   0x08008830   0x000000cc   Code   RO         1746    i.USB_DeactivateEndpoint  stm32h7xx_ll_usb.o
    0x080088fc   0x080088fc   0x0000001c   Code   RO         1747    i.USB_DevConnect    stm32h7xx_ll_usb.o
    0x08008918   0x08008918   0x0000001c   Code   RO         1748    i.USB_DevDisconnect  stm32h7xx_ll_usb.o
    0x08008934   0x08008934   0x00000178   Code   RO         1749    i.USB_DevInit       stm32h7xx_ll_usb.o
    0x08008aac   0x08008aac   0x0000000c   Code   RO         1750    i.USB_DisableGlobalInt  stm32h7xx_ll_usb.o
    0x08008ab8   0x08008ab8   0x00000058   Code   RO         1753    i.USB_EP0_OutStart  stm32h7xx_ll_usb.o
    0x08008b10   0x08008b10   0x00000058   Code   RO         1754    i.USB_EPClearStall  stm32h7xx_ll_usb.o
    0x08008b68   0x08008b68   0x00000058   Code   RO         1755    i.USB_EPSetStall    stm32h7xx_ll_usb.o
    0x08008bc0   0x08008bc0   0x00000238   Code   RO         1756    i.USB_EPStartXfer   stm32h7xx_ll_usb.o
    0x08008df8   0x08008df8   0x0000009e   Code   RO         1757    i.USB_EPStopXfer    stm32h7xx_ll_usb.o
    0x08008e96   0x08008e96   0x0000000c   Code   RO         1758    i.USB_EnableGlobalInt  stm32h7xx_ll_usb.o
    0x08008ea2   0x08008ea2   0x00000002   PAD
    0x08008ea4   0x08008ea4   0x0000003c   Code   RO         1759    i.USB_FlushRxFifo   stm32h7xx_ll_usb.o
    0x08008ee0   0x08008ee0   0x00000040   Code   RO         1760    i.USB_FlushTxFifo   stm32h7xx_ll_usb.o
    0x08008f20   0x08008f20   0x0000001a   Code   RO         1762    i.USB_GetDevSpeed   stm32h7xx_ll_usb.o
    0x08008f3a   0x08008f3a   0x00000008   Code   RO         1764    i.USB_GetMode       stm32h7xx_ll_usb.o
    0x08008f42   0x08008f42   0x0000000e   Code   RO         1772    i.USB_ReadDevAllInEpInterrupt  stm32h7xx_ll_usb.o
    0x08008f50   0x08008f50   0x0000000e   Code   RO         1773    i.USB_ReadDevAllOutEpInterrupt  stm32h7xx_ll_usb.o
    0x08008f5e   0x08008f5e   0x00000024   Code   RO         1774    i.USB_ReadDevInEPInterrupt  stm32h7xx_ll_usb.o
    0x08008f82   0x08008f82   0x00000010   Code   RO         1775    i.USB_ReadDevOutEPInterrupt  stm32h7xx_ll_usb.o
    0x08008f92   0x08008f92   0x00000008   Code   RO         1776    i.USB_ReadInterrupts  stm32h7xx_ll_usb.o
    0x08008f9a   0x08008f9a   0x00000040   Code   RO         1777    i.USB_ReadPacket    stm32h7xx_ll_usb.o
    0x08008fda   0x08008fda   0x0000005e   Code   RO         1779    i.USB_SetCurrentMode  stm32h7xx_ll_usb.o
    0x08009038   0x08009038   0x00000022   Code   RO         1780    i.USB_SetDevAddress  stm32h7xx_ll_usb.o
    0x0800905a   0x0800905a   0x00000002   PAD
    0x0800905c   0x0800905c   0x000000e8   Code   RO         1782    i.USB_SetTurnaroundTime  stm32h7xx_ll_usb.o
    0x08009144   0x08009144   0x00000028   Code   RO         1785    i.USB_WritePacket   stm32h7xx_ll_usb.o
    0x0800916c   0x0800916c   0x00000002   Code   RO          890    i.UsageFault_Handler  stm32h7xx_it.o
    0x0800916e   0x0800916e   0x00000022   Code   RO         3376    i.__NVIC_SetPriority  stm32h7xx_hal_cortex.o
    0x08009190   0x08009190   0x00000020   Code   RO           14    i.can_bsp_init      can_bsp.o
    0x080091b0   0x080091b0   0x00000040   Code   RO           15    i.can_filter_init   can_bsp.o
    0x080091f0   0x080091f0   0x00000014   Code   RO          247    i.delay_init        delay.o
    0x08009204   0x08009204   0x00000036   Code   RO          248    i.delay_ms          delay.o
    0x0800923a   0x0800923a   0x00000002   PAD
    0x0800923c   0x0800923c   0x00000038   Code   RO          249    i.delay_us          delay.o
    0x08009274   0x08009274   0x0000019c   Code   RO           16    i.fdcan1_rx_callback  can_bsp.o
    0x08009410   0x08009410   0x00000024   Code   RO           17    i.fdcanx_receive    can_bsp.o
    0x08009434   0x08009434   0x0000002a   Code   RO           18    i.fdcanx_send_data  can_bsp.o
    0x0800945e   0x0800945e   0x00000002   PAD
    0x08009460   0x08009460   0x00000364   Code   RO          464    i.main              main.o
    0x080097c4   0x080097c4   0x0000004c   Code   RO           20    i.pos_speed_ctrl    can_bsp.o
    0x08009810   0x08009810   0x00000028   Code   RO           22    i.uint_to_float     can_bsp.o
    0x08009838   0x08009838   0x0000000a   Code   RO         8297    x$fpl$fpinit        fz_wv.l(fpinit.o)
    0x08009842   0x08009842   0x00000008   Data   RO         2679    .constdata          stm32h7xx_hal_dma.o
    0x0800984a   0x0800984a   0x00000002   PAD
    0x0800984c   0x0800984c   0x0000005c   Data   RO         5010    .constdata          stm32h7xx_hal_fdcan.o
    0x080098a8   0x080098a8   0x00000018   Data   RO         6945    .constdata          stm32h7xx_hal_uart.o
    0x080098c0   0x080098c0   0x00000010   Data   RO         7311    .constdata          stm32h7xx_hal_uart_ex.o
    0x080098d0   0x080098d0   0x00000010   Data   RO         7416    .constdata          system_stm32h7xx.o
    0x080098e0   0x080098e0   0x00000040   Data   RO         8380    Region$$Table       anon$$obj.o


    Execution Region RW_IRAM1 (Exec base: 0x20000000, Load base: 0x08009920, Size: 0x00001440, Max: 0x00020000, ABSOLUTE)

    Exec Addr    Load Addr    Size         Type   Attr      Idx    E Section Name        Object

    0x20000000   0x08009920   0x00000020   Data   RW           24    .data               can_bsp.o
    0x20000020   0x08009940   0x00000008   Data   RW          250    .data               delay.o
    0x20000028   0x08009948   0x00000008   Data   RW         7417    .data               system_stm32h7xx.o
    0x20000030   0x08009950   0x00000038   Data   RW         7771    .data               usbd_cdc.o
    0x20000068        -       0x0000001c   Zero   RW           23    .bss                can_bsp.o
    0x20000084        -       0x000000e8   Zero   RW          626    .bss                adc.o
    0x2000016c        -       0x00000088   Zero   RW          752    .bss                spi.o
    0x200001f4        -       0x0000004c   Zero   RW          794    .bss                tim.o
    0x20000240        -       0x00000200   Zero   RW         1078    .bss                usbd_desc.o
    0x20000440        -       0x00001000   Zero   RW         1167    .bss                usbd_cdc_if.o


    Execution Region RW_IRAM2 (Exec base: 0x24000000, Load base: 0x08009988, Size: 0x00001440, Max: 0x00020000, ABSOLUTE, COMPRESSED[0x000000ec])

    Exec Addr    Load Addr    Size         Type   Attr      Idx    E Section Name        Object

    0x24000000   COMPRESSED   0x00000154   Data   RW          475    .data               main.o
    0x24000154   COMPRESSED   0x00000020   Data   RW         1079    .data               usbd_desc.o
    0x24000174   COMPRESSED   0x0000003e   Data   RW         1080    .data               usbd_desc.o
    0x240001b2   COMPRESSED   0x00000002   PAD
    0x240001b4   COMPRESSED   0x00000014   Data   RW         1168    .data               usbd_cdc_if.o
    0x240001c8   COMPRESSED   0x0000000c   Data   RW         3552    .data               stm32h7xx_hal.o
    0x240001d4   COMPRESSED   0x00000001   Data   RW         7623    .data               usbd_ctlreq.o
    0x240001d5   COMPRESSED   0x00000003   PAD
    0x240001d8   COMPRESSED   0x00000053   Data   RW         7770    .data               usbd_cdc.o
    0x2400022b   COMPRESSED   0x00000001   PAD
    0x2400022c        -       0x000000a0   Zero   RW          692    .bss                fdcan.o
    0x240002cc        -       0x0000010c   Zero   RW          836    .bss                usart.o
    0x240003d8        -       0x000002dc   Zero   RW         1018    .bss                usb_device.o
    0x240006b4        -       0x0000072c   Zero   RW         1253    .bss                usbd_conf.o
    0x24000de0        -       0x00000060   Zero   RW         8141    .bss                c_w.l(libspace.o)
    0x24000e40        -       0x00000200   Zero   RW            2    HEAP                startup_stm32h723xx.o
    0x24001040        -       0x00000400   Zero   RW            1    STACK               startup_stm32h723xx.o


==============================================================================

Image component sizes


      Code (inc. data)   RO Data    RW Data    ZI Data      Debug   Object Name

       356         32          0          0        232       2091   adc.o
       722         48          0         32         28    1294761   can_bsp.o
       136          8          0          8          0       2554   delay.o
        60          4          0          0          0        906   dma.o
       268         20          0          0        160       1931   fdcan.o
       292         22          0          0          0       1191   gpio.o
      1028         28          0        340          0      11925   main.o
       268         26          0          0        136       1925   spi.o
        64         26        716          0       1536        844   startup_stm32h723xx.o
       184         36          0         12          0      23049   stm32h7xx_hal.o
      2422        156          0          0          0      74968   stm32h7xx_hal_adc.o
       304         22          0          0          0      67467   stm32h7xx_hal_adc_ex.o
       378         28          0          0          0      42507   stm32h7xx_hal_cortex.o
      4768        176          8          0          0       9915   stm32h7xx_hal_dma.o
      2954         50         92          0          0      23240   stm32h7xx_hal_fdcan.o
       550         44          0          0          0       2312   stm32h7xx_hal_gpio.o
        28          6          0          0          0        934   stm32h7xx_hal_msp.o
      2682         16          0          0          0      13868   stm32h7xx_hal_pcd.o
       120          6          0          0          0       3295   stm32h7xx_hal_pcd_ex.o
       100         10          0          0          0       1358   stm32h7xx_hal_pwr_ex.o
      2374        102          0          0          0       7128   stm32h7xx_hal_rcc.o
      4618        168          0          0          0      10475   stm32h7xx_hal_rcc_ex.o
       380         14          0          0          0       1739   stm32h7xx_hal_spi.o
      1070         58          0          0          0      10225   stm32h7xx_hal_tim.o
       190         38          0          0          0       3268   stm32h7xx_hal_tim_ex.o
      2618        148         24          0          0      30004   stm32h7xx_hal_uart.o
       290          6         16          0          0       5514   stm32h7xx_hal_uart_ex.o
       104         42          0          0          0       7487   stm32h7xx_it.o
      2716        134          0          0          0      23236   stm32h7xx_ll_usb.o
       192         34         16          8          0       1490   system_stm32h7xx.o
       164         18          0          0         76       1814   tim.o
       308         32          0          0        268       2030   usart.o
        84         18          0          0        732       2611   usb_device.o
      1204         36          0        139          0      13787   usbd_cdc.o
        72         16          0         20       4096       3358   usbd_cdc_if.o
       620         24          0          0       1836      16868   usbd_conf.o
       932          0          0          0          0      15567   usbd_core.o
      1360         22          0          1          0      15180   usbd_ctlreq.o
       292        106          0         94        512       6397   usbd_desc.o
       132          0          0          0          0       4660   usbd_ioreq.o

    ----------------------------------------------------------------------
     37460       1780        938        660       9612    1763879   Object Totals
         0          0         64          0          0          0   (incl. Generated)
        56          0          2          6          0          0   (incl. Padding)

    ----------------------------------------------------------------------

      Code (inc. data)   RO Data    RW Data    ZI Data      Debug   Library Member Name

        90          0          0          0          0          0   __dczerorl2.o
         8          0          0          0          0         68   __main.o
         0          0          0          0          0          0   __rtentry.o
        12          0          0          0          0          0   __rtentry2.o
         6          0          0          0          0          0   __rtentry4.o
        52          8          0          0          0          0   __scatter.o
        26          0          0          0          0          0   __scatter_copy.o
        28          0          0          0          0          0   __scatter_zi.o
        18          0          0          0          0         80   exit.o
         6          0          0          0          0        152   heapauxi.o
         0          0          0          0          0          0   indicate_semi.o
         2          0          0          0          0          0   libinit.o
         6          0          0          0          0          0   libinit2.o
         2          0          0          0          0          0   libshutdown.o
         2          0          0          0          0          0   libshutdown2.o
         8          4          0          0         96         68   libspace.o
       238          0          0          0          0        100   lludivv7m.o
        78          0          0          0          0         80   rt_memclr_w.o
       100          0          0          0          0         80   rt_memcpy_w.o
         2          0          0          0          0          0   rtexit.o
        10          0          0          0          0          0   rtexit2.o
        12          4          0          0          0         68   sys_exit.o
        74          0          0          0          0         80   sys_stackheap_outer.o
         2          0          0          0          0         68   use_no_semi.o
        10          0          0          0          0        116   fpinit.o

    ----------------------------------------------------------------------
       802         16          0          0         96        960   Library Totals
        10          0          0          0          0          0   (incl. Padding)

    ----------------------------------------------------------------------

      Code (inc. data)   RO Data    RW Data    ZI Data      Debug   Library Name

       782         16          0          0         96        844   c_w.l
        10          0          0          0          0        116   fz_wv.l

    ----------------------------------------------------------------------
       802         16          0          0         96        960   Library Totals

    ----------------------------------------------------------------------

==============================================================================


      Code (inc. data)   RO Data    RW Data    ZI Data      Debug   

     38262       1796        938        660       9708    1736295   Grand Totals
     38262       1796        938        340       9708    1736295   ELF Image Totals (compressed)
     38262       1796        938        340          0          0   ROM Totals

==============================================================================

    Total RO  Size (Code + RO Data)                39200 (  38.28kB)
    Total RW  Size (RW Data + ZI Data)             10368 (  10.13kB)
    Total ROM Size (Code + RO Data + RW Data)      39540 (  38.61kB)

==============================================================================

