Component: Arm Compiler for Embedded 6.22 Tool: armlink [5ee90200]

==============================================================================

Section Cross References

    startup_stm32h723xx.o(RESET) refers to startup_stm32h723xx.o(STACK) for __initial_sp
    startup_stm32h723xx.o(RESET) refers to startup_stm32h723xx.o(.text) for Reset_Handler
    startup_stm32h723xx.o(RESET) refers to stm32h7xx_it.o(.text.NMI_Handler) for NMI_Handler
    startup_stm32h723xx.o(RESET) refers to stm32h7xx_it.o(.text.HardFault_Handler) for HardFault_Handler
    startup_stm32h723xx.o(RESET) refers to stm32h7xx_it.o(.text.MemManage_Handler) for MemManage_Handler
    startup_stm32h723xx.o(RESET) refers to stm32h7xx_it.o(.text.BusFault_Handler) for BusFault_Handler
    startup_stm32h723xx.o(RESET) refers to stm32h7xx_it.o(.text.UsageFault_Handler) for UsageFault_Handler
    startup_stm32h723xx.o(RESET) refers to stm32h7xx_it.o(.text.SVC_Handler) for SVC_Handler
    startup_stm32h723xx.o(RESET) refers to stm32h7xx_it.o(.text.DebugMon_Handler) for DebugMon_Handler
    startup_stm32h723xx.o(RESET) refers to stm32h7xx_it.o(.text.PendSV_Handler) for PendSV_Handler
    startup_stm32h723xx.o(RESET) refers to stm32h7xx_it.o(.text.SysTick_Handler) for SysTick_Handler
    startup_stm32h723xx.o(RESET) refers to stm32h7xx_it.o(.text.DMA1_Stream0_IRQHandler) for DMA1_Stream0_IRQHandler
    startup_stm32h723xx.o(RESET) refers to stm32h7xx_it.o(.text.DMA1_Stream1_IRQHandler) for DMA1_Stream1_IRQHandler
    startup_stm32h723xx.o(RESET) refers to stm32h7xx_it.o(.text.FDCAN1_IT0_IRQHandler) for FDCAN1_IT0_IRQHandler
    startup_stm32h723xx.o(RESET) refers to stm32h7xx_it.o(.text.FDCAN1_IT1_IRQHandler) for FDCAN1_IT1_IRQHandler
    startup_stm32h723xx.o(RESET) refers to stm32h7xx_it.o(.text.TIM3_IRQHandler) for TIM3_IRQHandler
    startup_stm32h723xx.o(RESET) refers to stm32h7xx_it.o(.text.OTG_HS_IRQHandler) for OTG_HS_IRQHandler
    startup_stm32h723xx.o(RESET) refers to main.o(.text.UART7_IRQHandler) for UART7_IRQHandler
    startup_stm32h723xx.o(RESET) refers to main.o(.text.USART10_IRQHandler) for USART10_IRQHandler
    startup_stm32h723xx.o(.text) refers to system_stm32h7xx.o(.text.SystemInit) for SystemInit
    startup_stm32h723xx.o(.text) refers to entry.o(.ARM.Collect$$$$00000000) for __main
    main.o(.text.main) refers to main.o(.text.MPU_Config) for MPU_Config
    main.o(.text.main) refers to stm32h7xx_hal.o(.text.HAL_Init) for HAL_Init
    main.o(.text.main) refers to main.o(.text.SystemClock_Config) for SystemClock_Config
    main.o(.text.main) refers to gpio.o(.text.MX_GPIO_Init) for MX_GPIO_Init
    main.o(.text.main) refers to dma.o(.text.MX_DMA_Init) for MX_DMA_Init
    main.o(.text.main) refers to fdcan.o(.text.MX_FDCAN1_Init) for MX_FDCAN1_Init
    main.o(.text.main) refers to usb_device.o(.text.MX_USB_DEVICE_Init) for MX_USB_DEVICE_Init
    main.o(.text.main) refers to tim.o(.text.MX_TIM3_Init) for MX_TIM3_Init
    main.o(.text.main) refers to adc.o(.text.MX_ADC1_Init) for MX_ADC1_Init
    main.o(.text.main) refers to spi.o(.text.MX_SPI1_Init) for MX_SPI1_Init
    main.o(.text.main) refers to usart.o(.text.MX_UART7_Init) for MX_UART7_Init
    main.o(.text.main) refers to usart.o(.text.MX_USART10_UART_Init) for MX_USART10_UART_Init
    main.o(.text.main) refers to delay.o(.text.delay_init) for delay_init
    main.o(.text.main) refers to can_bsp.o(.text.can_bsp_init) for can_bsp_init
    main.o(.text.main) refers to stm32h7xx_hal_gpio.o(.text.HAL_GPIO_WritePin) for HAL_GPIO_WritePin
    main.o(.text.main) refers to delay.o(.text.delay_ms) for delay_ms
    main.o(.text.main) refers to mc.o(.text.mc_init) for mc_init
    main.o(.text.main) refers to main.o(.bss.pid_x) for pid_x
    main.o(.text.main) refers to pid.o(.text.Pid_Init) for Pid_Init
    main.o(.text.main) refers to main.o(.bss.pid_y) for pid_y
    main.o(.text.main) refers to usart.o(.bss.huart7) for huart7
    main.o(.text.main) refers to main.o(.bss.rx_cmd) for rx_cmd
    main.o(.text.main) refers to stm32h7xx_hal_uart.o(.text.HAL_UART_Receive_IT) for HAL_UART_Receive_IT
    main.o(.text.main) refers to usart.o(.bss.huart10) for huart10
    main.o(.text.main) refers to main.o(.bss.rx_buffer) for rx_buffer
    main.o(.text.main) refers to main.o(.bss.task_cmd) for task_cmd
    main.o(.text.main) refers to main.o(.data.enable_flag) for enable_flag
    main.o(.text.main) refers to fdcan.o(.bss.hfdcan1) for hfdcan1
    main.o(.text.main) refers to dmotor.o(.text.motor_disable) for motor_disable
    main.o(.text.main) refers to can_bsp.o(.bss.motor_pos) for motor_pos
    main.o(.text.main) refers to main.o(.bss.first_point_one) for first_point_one
    main.o(.text.main) refers to dmotor.o(.text.motor_enable) for motor_enable
    main.o(.text.main) refers to dmotor.o(.text.pos_speed_ctrl) for pos_speed_ctrl
    main.o(.text.main) refers to main.o(.bss.second_point_index) for second_point_index
[...]
    USBD_CoreFindIF                          0x08011c01   Thumb Code    14  usbd_core.o(.text.USBD_CoreFindIF)
    USBD_CtlContinueRx                       0x08011c11   Thumb Code    30  usbd_ioreq.o(.text.USBD_CtlContinueRx)
    USBD_CtlContinueSendData                 0x08011c31   Thumb Code    30  usbd_ioreq.o(.text.USBD_CtlContinueSendData)
    USBD_CtlError                            0x08011c51   Thumb Code    28  usbd_ctlreq.o(.text.USBD_CtlError)
    USBD_CtlPrepareRx                        0x08011c71   Thumb Code    54  usbd_ioreq.o(.text.USBD_CtlPrepareRx)
    USBD_CtlReceiveStatus                    0x08011ca9   Thumb Code    34  usbd_ioreq.o(.text.USBD_CtlReceiveStatus)
    USBD_CtlSendData                         0x08011cd1   Thumb Code    50  usbd_ioreq.o(.text.USBD_CtlSendData)
    USBD_CtlSendStatus                       0x08011d09   Thumb Code    34  usbd_ioreq.o(.text.USBD_CtlSendStatus)
    USBD_GetEpDesc                           0x080120b9   Thumb Code   118  usbd_core.o(.text.USBD_GetEpDesc)
    USBD_GetNextDesc                         0x08012169   Thumb Code    38  usbd_core.o(.text.USBD_GetNextDesc)
    USBD_GetString                           0x080121f9   Thumb Code   152  usbd_ctlreq.o(.text.USBD_GetString)
    USBD_Get_USB_Status                      0x08012291   Thumb Code    82  usbd_conf.o(.text.USBD_Get_USB_Status)
    USBD_HS_ConfigStrDescriptor              0x080122e9   Thumb Code    78  usbd_desc.o(.text.USBD_HS_ConfigStrDescriptor)
    USBD_HS_DeviceDescriptor                 0x08012339   Thumb Code    26  usbd_desc.o(.text.USBD_HS_DeviceDescriptor)
    USBD_HS_InterfaceStrDescriptor           0x08012359   Thumb Code    78  usbd_desc.o(.text.USBD_HS_InterfaceStrDescriptor)
    USBD_HS_LangIDStrDescriptor              0x080123a9   Thumb Code    26  usbd_desc.o(.text.USBD_HS_LangIDStrDescriptor)
    USBD_HS_ManufacturerStrDescriptor        0x080123c9   Thumb Code    40  usbd_desc.o(.text.USBD_HS_ManufacturerStrDescriptor)
    USBD_HS_ProductStrDescriptor             0x080123f1   Thumb Code    78  usbd_desc.o(.text.USBD_HS_ProductStrDescriptor)
    USBD_HS_SerialStrDescriptor              0x08012441   Thumb Code    32  usbd_desc.o(.text.USBD_HS_SerialStrDescriptor)
    USBD_Init                                0x08012461   Thumb Code   106  usbd_core.o(.text.USBD_Init)
    USBD_LL_ClearStallEP                     0x080124d1   Thumb Code    58  usbd_conf.o(.text.USBD_LL_ClearStallEP)
    USBD_LL_CloseEP                          0x08012511   Thumb Code    58  usbd_conf.o(.text.USBD_LL_CloseEP)
    USBD_LL_DataInStage                      0x08012551   Thumb Code   400  usbd_core.o(.text.USBD_LL_DataInStage)
    USBD_LL_DataOutStage                     0x080126e1   Thumb Code   434  usbd_core.o(.text.USBD_LL_DataOutStage)
    USBD_LL_DevConnected                     0x08012899   Thumb Code    10  usbd_core.o(.text.USBD_LL_DevConnected)
    USBD_LL_DevDisconnected                  0x080128a9   Thumb Code    64  usbd_core.o(.text.USBD_LL_DevDisconnected)
    USBD_LL_GetRxDataSize                    0x080128e9   Thumb Code    28  usbd_conf.o(.text.USBD_LL_GetRxDataSize)
    USBD_LL_Init                             0x08012909   Thumb Code   134  usbd_conf.o(.text.USBD_LL_Init)
    USBD_LL_IsStallEP                        0x08012991   Thumb Code    92  usbd_conf.o(.text.USBD_LL_IsStallEP)
    USBD_LL_IsoINIncomplete                  0x080129f1   Thumb Code   110  usbd_core.o(.text.USBD_LL_IsoINIncomplete)
    USBD_LL_IsoOUTIncomplete                 0x08012a61   Thumb Code   110  usbd_core.o(.text.USBD_LL_IsoOUTIncomplete)
    USBD_LL_OpenEP                           0x08012ad1   Thumb Code    74  usbd_conf.o(.text.USBD_LL_OpenEP)
    USBD_LL_PrepareReceive                   0x08012b21   Thumb Code    66  usbd_conf.o(.text.USBD_LL_PrepareReceive)
    USBD_LL_Reset                            0x08012b69   Thumb Code   156  usbd_core.o(.text.USBD_LL_Reset)
    USBD_LL_Resume                           0x08012c09   Thumb Code    36  usbd_core.o(.text.USBD_LL_Resume)
    USBD_LL_SOF                              0x08012c31   Thumb Code    62  usbd_core.o(.text.USBD_LL_SOF)
    USBD_LL_SetSpeed                         0x08012c71   Thumb Code    22  usbd_core.o(.text.USBD_LL_SetSpeed)
    USBD_LL_SetUSBAddress                    0x08012c89   Thumb Code    58  usbd_conf.o(.text.USBD_LL_SetUSBAddress)
    USBD_LL_SetupStage                       0x08012cc9   Thumb Code   148  usbd_core.o(.text.USBD_LL_SetupStage)
    USBD_LL_StallEP                          0x08012d61   Thumb Code    58  usbd_conf.o(.text.USBD_LL_StallEP)
    USBD_LL_Start                            0x08012da1   Thumb Code    50  usbd_conf.o(.text.USBD_LL_Start)
    USBD_LL_Suspend                          0x08012dd9   Thumb Code    44  usbd_core.o(.text.USBD_LL_Suspend)
    USBD_LL_Transmit                         0x08012e09   Thumb Code    66  usbd_conf.o(.text.USBD_LL_Transmit)
    USBD_ParseSetupRequest                   0x08012e51   Thumb Code    98  usbd_ctlreq.o(.text.USBD_ParseSetupRequest)
    USBD_RegisterClass                       0x08012eb9   Thumb Code   114  usbd_core.o(.text.USBD_RegisterClass)
    USBD_RunTestMode                         0x08012f31   Thumb Code    10  usbd_core.o(.text.USBD_RunTestMode)
    USBD_SetClassConfig                      0x08012fd1   Thumb Code    54  usbd_core.o(.text.USBD_SetClassConfig)
    USBD_Start                               0x080131d9   Thumb Code    16  usbd_core.o(.text.USBD_Start)
    USBD_StdDevReq                           0x080131e9   Thumb Code   204  usbd_ctlreq.o(.text.USBD_StdDevReq)
    USBD_StdEPReq                            0x080132b9   Thumb Code   940  usbd_ctlreq.o(.text.USBD_StdEPReq)
    USBD_StdItfReq                           0x08013669   Thumb Code   244  usbd_ctlreq.o(.text.USBD_StdItfReq)
    USBD_static_free                         0x08013761   Thumb Code     8  usbd_conf.o(.text.USBD_static_free)
    USBD_static_malloc                       0x08013769   Thumb Code    16  usbd_conf.o(.text.USBD_static_malloc)
    USB_ActivateEndpoint                     0x08013779   Thumb Code   222  stm32h7xx_ll_usb.o(.text.USB_ActivateEndpoint)
    USB_ActivateSetup                        0x08013859   Thumb Code    44  stm32h7xx_ll_usb.o(.text.USB_ActivateSetup)
    USB_CoreInit                             0x08013889   Thumb Code   274  stm32h7xx_ll_usb.o(.text.USB_CoreInit)
    USB_DeactivateEndpoint                   0x08013a29   Thumb Code   312  stm32h7xx_ll_usb.o(.text.USB_DeactivateEndpoint)
    USB_DevConnect                           0x08013b61   Thumb Code    42  stm32h7xx_ll_usb.o(.text.USB_DevConnect)
    USB_DevDisconnect                        0x08013b91   Thumb Code    42  stm32h7xx_ll_usb.o(.text.USB_DevDisconnect)
    USB_DevInit                              0x08013bc1   Thumb Code   696  stm32h7xx_ll_usb.o(.text.USB_DevInit)
    USB_DisableGlobalInt                     0x08013e79   Thumb Code    20  stm32h7xx_ll_usb.o(.text.USB_DisableGlobalInt)
    USB_EP0_OutStart                         0x08013e91   Thumb Code   158  stm32h7xx_ll_usb.o(.text.USB_EP0_OutStart)
    USB_EPClearStall                         0x08013f31   Thumb Code   160  stm32h7xx_ll_usb.o(.text.USB_EPClearStall)
    USB_EPSetStall                           0x08013fd1   Thumb Code   168  stm32h7xx_ll_usb.o(.text.USB_EPSetStall)
    USB_EPStartXfer                          0x08014079   Thumb Code  1000  stm32h7xx_ll_usb.o(.text.USB_EPStartXfer)
    USB_EPStopXfer                           0x08014461   Thumb Code   284  stm32h7xx_ll_usb.o(.text.USB_EPStopXfer)
    USB_EnableGlobalInt                      0x08014581   Thumb Code    20  stm32h7xx_ll_usb.o(.text.USB_EnableGlobalInt)
    USB_FlushRxFifo                          0x08014599   Thumb Code   128  stm32h7xx_ll_usb.o(.text.USB_FlushRxFifo)
    USB_FlushTxFifo                          0x08014619   Thumb Code   134  stm32h7xx_ll_usb.o(.text.USB_FlushTxFifo)
    USB_GetDevSpeed                          0x080146a1   Thumb Code    76  stm32h7xx_ll_usb.o(.text.USB_GetDevSpeed)
    USB_GetMode                              0x080146f1   Thumb Code    16  stm32h7xx_ll_usb.o(.text.USB_GetMode)
    USB_ReadDevAllInEpInterrupt              0x08014701   Thumb Code    36  stm32h7xx_ll_usb.o(.text.USB_ReadDevAllInEpInterrupt)
    USB_ReadDevAllOutEpInterrupt             0x08014729   Thumb Code    36  stm32h7xx_ll_usb.o(.text.USB_ReadDevAllOutEpInterrupt)
    USB_ReadDevInEPInterrupt                 0x08014751   Thumb Code    78  stm32h7xx_ll_usb.o(.text.USB_ReadDevInEPInterrupt)
    USB_ReadDevOutEPInterrupt                0x080147a1   Thumb Code    46  stm32h7xx_ll_usb.o(.text.USB_ReadDevOutEPInterrupt)
    USB_ReadInterrupts                       0x080147d1   Thumb Code    26  stm32h7xx_ll_usb.o(.text.USB_ReadInterrupts)
    USB_ReadPacket                           0x080147f1   Thumb Code   180  stm32h7xx_ll_usb.o(.text.USB_ReadPacket)
    USB_SetCurrentMode                       0x080148a9   Thumb Code   222  stm32h7xx_ll_usb.o(.text.USB_SetCurrentMode)
    USB_SetDevAddress                        0x08014989   Thumb Code    54  stm32h7xx_ll_usb.o(.text.USB_SetDevAddress)
    USB_SetDevSpeed                          0x080149c1   Thumb Code    34  stm32h7xx_ll_usb.o(.text.USB_SetDevSpeed)
    USB_SetTurnaroundTime                    0x080149e9   Thumb Code   442  stm32h7xx_ll_usb.o(.text.USB_SetTurnaroundTime)
    USB_WritePacket                          0x08014ba9   Thumb Code   130  stm32h7xx_ll_usb.o(.text.USB_WritePacket)
    UsageFault_Handler                       0x08014c31   Thumb Code     4  stm32h7xx_it.o(.text.UsageFault_Handler)
    all_motors_disable                       0x08014d01   Thumb Code    52  dmotor.o(.text.all_motors_disable)
    all_motors_enable                        0x08014d39   Thumb Code    52  dmotor.o(.text.all_motors_enable)
    analysis_data                            0x08014d71   Thumb Code   256  can_bsp.o(.text.analysis_data)
    can_bsp_init                             0x08014e79   Thumb Code    36  can_bsp.o(.text.can_bsp_init)
    can_filter_init                          0x08014ea1   Thumb Code    74  can_bsp.o(.text.can_filter_init)
    can_motor_data_handler                   0x08014ef1   Thumb Code    80  can_bsp.o(.text.can_motor_data_handler)
    delay_init                               0x08014f41   Thumb Code    32  delay.o(.text.delay_init)
    delay_ms                                 0x08014f61   Thumb Code    92  delay.o(.text.delay_ms)
    delay_us                                 0x08014fc1   Thumb Code   150  delay.o(.text.delay_us)
    fdcan1_rx_callback                       0x08015059   Thumb Code    44  can_bsp.o(.text.fdcan1_rx_callback)
    fdcanx_receive                           0x08015089   Thumb Code    58  can_bsp.o(.text.fdcanx_receive)
    fdcanx_send_data                         0x080150c9   Thumb Code   176  can_bsp.o(.text.fdcanx_send_data)
    is_motor_index_valid_for_control         0x08015179   Thumb Code    22  dmotor.o(.text.is_motor_index_valid_for_control)
    main                                     0x08015191   Thumb Code   904  main.o(.text.main)
    mc_init                                  0x08015531   Thumb Code    62  mc.o(.text.mc_init)
    mc_run                                   0x08015571   Thumb Code    64  mc.o(.text.mc_run)
    motor_disable                            0x080155b1   Thumb Code    70  dmotor.o(.text.motor_disable)
    motor_enable                             0x080155f9   Thumb Code    70  dmotor.o(.text.motor_enable)
    openmv_data_process_float                0x08015641   Thumb Code   468  openmv.o(.text.openmv_data_process_float)
    pos_speed_ctrl                           0x08015819   Thumb Code   148  dmotor.o(.text.pos_speed_ctrl)
    uint_to_float                            0x080158b1   Thumb Code    82  can_bsp.o(.text.uint_to_float)
    __0snprintf                              0x08015905   Thumb Code    48  printfa.o(i.__0snprintf)
    __1snprintf                              0x08015905   Thumb Code     0  printfa.o(i.__0snprintf)
    __2snprintf                              0x08015905   Thumb Code     0  printfa.o(i.__0snprintf)
    __c89snprintf                            0x08015905   Thumb Code     0  printfa.o(i.__0snprintf)
    snprintf                                 0x08015905   Thumb Code     0  printfa.o(i.__0snprintf)
    __scatterload_copy                       0x08015939   Thumb Code    14  handlers.o(i.__scatterload_copy)
    __scatterload_null                       0x08015947   Thumb Code     2  handlers.o(i.__scatterload_null)
    __scatterload_zeroinit                   0x08015949   Thumb Code    14  handlers.o(i.__scatterload_zeroinit)
    _is_digit                                0x08015add   Thumb Code    14  scanf_fp.o(i._is_digit)
    __ctype_categories                       0x08016230   Data          64  ctype_c.o(.constdata)
    D1CorePrescTable                         0x080162bc   Data          16  system_stm32h7xx.o(.rodata.D1CorePrescTable)
    MOTOR_CAN_ID_MAP                         0x080162e4   Data           4  dmotor.o(.rodata.MOTOR_CAN_ID_MAP)
    MOTOR_DISABLE_DATA                       0x080162e8   Data           8  dmotor.o(.rodata.MOTOR_DISABLE_DATA)
    MOTOR_ENABLE_DATA                        0x080162f0   Data           8  dmotor.o(.rodata.MOTOR_ENABLE_DATA)
    MOTOR_ID_MAP                             0x080162f8   Data           2  can_bsp.o(.rodata.MOTOR_ID_MAP)
    UARTPrescTable                           0x0801630a   Data          24  stm32h7xx_hal_uart.o(.rodata.UARTPrescTable)
    Region$$Table$$Base                      0x08016370   Number         0  anon$$obj.o(Region$$Table)
    Region$$Table$$Limit                     0x080163b0   Number         0  anon$$obj.o(Region$$Table)
    SystemD2Clock                            0x20000004   Data           4  system_stm32h7xx.o(.data.SystemD2Clock)
    USBD_Interface_fops_HS                   0x20000008   Data          20  usbd_cdc_if.o(.data.USBD_Interface_fops_HS)
    USBD_LangIDDesc                          0x2000001c   Data           4  usbd_desc.o(.data.USBD_LangIDDesc)
    USBD_StringSerial                        0x20000020   Data          26  usbd_desc.o(.data.USBD_StringSerial)
    UserRxBufferHS                           0x20000260   Data        2048  usbd_cdc_if.o(.bss.UserRxBufferHS)
    first_point_one                          0x20000a60   Data           8  main.o(.bss.first_point_one)
    four_add_pos                             0x20000a68   Data           8  main.o(.bss.four_add_pos)
    four_tar_pos                             0x20000a70   Data           8  main.o(.bss.four_tar_pos)
    hadc1                                    0x20000a78   Data         112  adc.o(.bss.hadc1)
    hdma_adc1                                0x20000ae8   Data         120  adc.o(.bss.hdma_adc1)
    hfdcan1                                  0x20000b60   Data         160  fdcan.o(.bss.hfdcan1)
    hpcd_USB_OTG_HS                          0x20000c00   Data        1292  usbd_conf.o(.bss.hpcd_USB_OTG_HS)
    huart10                                  0x2000110c   Data         148  usart.o(.bss.huart10)
    huart7                                   0x200011a0   Data         148  usart.o(.bss.huart7)
    motor_Tcoil                              0x20001234   Data          40  can_bsp.o(.bss.motor_Tcoil)
    motor_tor                                0x2000125c   Data          40  can_bsp.o(.bss.motor_tor)
    pid_y                                    0x20001284   Data          32  main.o(.bss.pid_y)
    reload_debug                             0x200012a4   Data           4  delay.o(.bss.reload_debug)
    rx_buffer                                0x200012a8   Data          50  main.o(.bss.rx_buffer)
    rx_cmd                                   0x200012da   Data          50  main.o(.bss.rx_cmd)
    second_point_count                       0x2000130c   Data           1  main.o(.bss.second_point_count)
    second_point_index                       0x2000130d   Data           1  main.o(.bss.second_point_index)
    second_points                            0x20001310   Data          64  main.o(.bss.second_points)
    tar_buffer                               0x20001350   Data          80  main.o(.bss.tar_buffer)
    task_cmd                                 0x200013a0   Data           1  main.o(.bss.task_cmd)
    test_flag                                0x200013a1   Data           1  main.o(.bss.test_flag)
    uwTick                                   0x200013a4   Data           4  stm32h7xx_hal.o(.bss.uwTick)
    HS_Desc                                  0x24000004   Data          32  usbd_desc.o(.data.HS_Desc)
    SystemCoreClock                          0x24000024   Data           4  system_stm32h7xx.o(.data.SystemCoreClock)
    USBD_CDC                                 0x24000028   Data          56  usbd_cdc.o(.data.USBD_CDC)
    USBD_HS_DeviceDesc                       0x240000b0   Data          18  usbd_desc.o(.data.USBD_HS_DeviceDesc)
    enable_flag                              0x240000c2   Data           1  main.o(.data.enable_flag)
    uwTickFreq                               0x240000c3   Data           1  stm32h7xx_hal.o(.data.uwTickFreq)
    uwTickPrio                               0x240000c4   Data           4  stm32h7xx_hal.o(.data.uwTickPrio)
    USBD_StrDesc                             0x240000c8   Data         512  usbd_desc.o(.bss.USBD_StrDesc)
    UserTxBufferHS                           0x240002c8   Data        2048  usbd_cdc_if.o(.bss.UserTxBufferHS)
    X_IN                                     0x24000ac8   Data           4  main.o(.bss.X_IN)
    Y_IN                                     0x24000acc   Data           4  main.o(.bss.Y_IN)
    four_cur_pos                             0x24000ad0   Data           8  main.o(.bss.four_cur_pos)
    hUsbDeviceHS                             0x24000adc   Data         732  usb_device.o(.bss.hUsbDeviceHS)
    hdma_uart7_tx                            0x24000db8   Data         120  usart.o(.bss.hdma_uart7_tx)
    hspi1                                    0x24000e30   Data         136  spi.o(.bss.hspi1)
    htim3                                    0x24000eb8   Data          76  tim.o(.bss.htim3)
    motor_Tmos                               0x24000f04   Data          40  can_bsp.o(.bss.motor_Tmos)
    motor_pos                                0x24000f2c   Data          40  can_bsp.o(.bss.motor_pos)
    motor_vel                                0x24000f54   Data          40  can_bsp.o(.bss.motor_vel)
    pid_x                                    0x24000f7c   Data          32  main.o(.bss.pid_x)
    t_int                                    0x24000f9c   Data           2  can_bsp.o(.bss.t_int)
    uart_count                               0x24000f9e   Data           1  main.o(.bss.uart_count)
    v_int                                    0x24000fa0   Data           2  can_bsp.o(.bss.v_int)
    __initial_sp                             0x240013a8   Data           0  startup_stm32h723xx.o(STACK)



==============================================================================

Memory Map of the image

  Image Entry point : 0x080002cd

  Load Region LR_IROM1 (Base: 0x08000000, Size: 0x000164b8, Max: 0x00100000, ABSOLUTE)

    Execution Region ER_IROM1 (Exec base: 0x08000000, Load base: 0x08000000, Size: 0x000163b0, Max: 0x00100000, ABSOLUTE)

    Exec Addr    Load Addr    Size         Type   Attr      Idx    E Section Name        Object

    0x08000000   0x08000000   0x000002cc   Data   RO            3    RESET               startup_stm32h723xx.o
    0x080002cc   0x080002cc   0x00000000   Code   RO         3010  * .ARM.Collect$$$$00000000  mc_w.l(entry.o)
    0x080002cc   0x080002cc   0x00000004   Code   RO         3078    .ARM.Collect$$$$00000001  mc_w.l(entry2.o)
    0x080002d0   0x080002d0   0x00000004   Code   RO         3081    .ARM.Collect$$$$00000004  mc_w.l(entry5.o)
    0x080002d4   0x080002d4   0x00000000   Code   RO         3083    .ARM.Collect$$$$00000008  mc_w.l(entry7b.o)
    0x080002d4   0x080002d4   0x00000000   Code   RO         3085    .ARM.Collect$$$$0000000A  mc_w.l(entry8b.o)
    0x080002d4   0x080002d4   0x00000008   Code   RO         3086    .ARM.Collect$$$$0000000B  mc_w.l(entry9a.o)
    0x080002dc   0x080002dc   0x00000000   Code   RO         3088    .ARM.Collect$$$$0000000D  mc_w.l(entry10a.o)
    0x080002dc   0x080002dc   0x00000000   Code   RO         3090    .ARM.Collect$$$$0000000F  mc_w.l(entry11a.o)
    0x080002dc   0x080002dc   0x00000004   Code   RO         3079    .ARM.Collect$$$$00002712  mc_w.l(entry2.o)
    0x080002e0   0x080002e0   0x00000024   Code   RO            4    .text               startup_stm32h723xx.o
    0x08000304   0x08000304   0x00000062   Code   RO         3013    .text               mc_w.l(uldiv.o)
    0x08000366   0x08000366   0x00000024   Code   RO         3015    .text               mc_w.l(memcpya.o)
    0x0800038a   0x0800038a   0x00000024   Code   RO         3017    .text               mc_w.l(memseta.o)
    0x080003ae   0x080003ae   0x00000018   Code   RO         3019    .text               mc_w.l(strcat.o)
    0x080003c6   0x080003c6   0x00000014   Code   RO         3021    .text               mc_w.l(strchr.o)
    0x080003da   0x080003da   0x0000000e   Code   RO         3023    .text               mc_w.l(strlen.o)
    0x080003e8   0x080003e8   0x00000038   Code   RO         3057    .text               mc_w.l(sscanf.o)
    0x08000420   0x08000420   0x0000002c   Code   RO         3106    .text               mc_w.l(uidiv.o)
    0x0800044c   0x0800044c   0x0000001e   Code   RO         3108    .text               mc_w.l(llshl.o)
    0x0800046a   0x0800046a   0x00000020   Code   RO         3110    .text               mc_w.l(llushr.o)
    0x0800048a   0x0800048a   0x00000156   Code   RO         3119    .text               mc_w.l(_scanf_longlong.o)
    0x080005e0   0x080005e0   0x0000014c   Code   RO         3121    .text               mc_w.l(_scanf_int.o)
    0x0800072c   0x0800072c   0x000000e0   Code   RO         3123    .text               mc_w.l(_scanf_str.o)
    0x0800080c   0x0800080c   0x00000360   Code   RO         3125    .text               mc_w.l(scanf_fp.o)
    0x08000b6c   0x08000b6c   0x00000028   Code   RO         3129    .text               mc_w.l(scanf_char.o)
    0x08000b94   0x08000b94   0x00000040   Code   RO         3131    .text               mc_w.l(_sgetc.o)
    0x08000bd4   0x08000bd4   0x00000000   Code   RO         3133    .text               mc_w.l(iusefp.o)
    0x08000bd4   0x08000bd4   0x0000014e   Code   RO         3134    .text               mf_w.l(dadd.o)
    0x08000d22   0x08000d22   0x000000e4   Code   RO         3136    .text               mf_w.l(dmul.o)
    0x08000e06   0x08000e06   0x000000de   Code   RO         3138    .text               mf_w.l(ddiv.o)
    0x08000ee4   0x08000ee4   0x00000030   Code   RO         3140    .text               mf_w.l(dfixul.o)
    0x08000f14   0x08000f14   0x00000030   Code   RO         3142    .text               mf_w.l(cdrcmple.o)
    0x08000f44   0x08000f44   0x00000030   Code   RO         3144    .text               mc_w.l(init.o)
    0x08000f74   0x08000f74   0x00000024   Code   RO         3147    .text               mc_w.l(llsshr.o)
    0x08000f98   0x08000f98   0x0000000a   Code   RO         3149    .text               mc_w.l(isspace_c.o)
    0x08000fa2   0x08000fa2   0x0000001c   Code   RO         3151    .text               mc_w.l(_chval.o)
    0x08000fbe   0x08000fbe   0x00000002   PAD
    0x08000fc0   0x08000fc0   0x0000032c   Code   RO         3153    .text               mc_w.l(_scanf.o)
    0x080012ec   0x080012ec   0x000000ba   Code   RO         3156    .text               mf_w.l(depilogue.o)
    0x080013a6   0x080013a6   0x00000018   Code   RO         3158    .text               mf_w.l(dfltul.o)
    0x080013be   0x080013be   0x00000038   Code   RO         3160    .text               mf_w.l(d2f.o)
    0x080013f6   0x080013f6   0x00000002   PAD
    0x080013f8   0x080013f8   0x00000028   Code   RO         3162    .text               mc_w.l(ctype_c.o)
    0x08001420   0x08001420   0x0000006e   Code   RO         3165    .text               mf_w.l(fepilogue.o)
    0x0800148e   0x0800148e   0x00000002   PAD
    0x08001490   0x08001490   0x000001da   Code   RO         1458    .text.ADC_ConfigureBoostMode  stm32h7xx_hal_adc.o
    0x0800166a   0x0800166a   0x00000006   PAD
    0x08001670   0x08001670   0x00000004   Code   RO          155    .text.BusFault_Handler  stm32h7xx_it.o
    0x08001674   0x08001674   0x00000004   PAD
    0x08001678   0x08001678   0x0000005c   Code   RO          241    .text.CDC_Control_HS  usbd_cdc_if.o
    0x080016d4   0x080016d4   0x00000004   PAD
    0x080016d8   0x080016d8   0x00000004   Code   RO          239    .text.CDC_DeInit_HS  usbd_cdc_if.o
    0x080016dc   0x080016dc   0x00000004   PAD
    0x080016e0   0x080016e0   0x00000032   Code   RO          237    .text.CDC_Init_HS   usbd_cdc_if.o
    0x08001712   0x08001712   0x00000006   PAD
    0x08001718   0x08001718   0x00000024   Code   RO          243    .text.CDC_Receive_HS  usbd_cdc_if.o
    0x0800173c   0x0800173c   0x00000004   PAD
    0x08001740   0x08001740   0x00000018   Code   RO          245    .text.CDC_TransmitCplt_HS  usbd_cdc_if.o
    0x08001758   0x08001758   0x00000010   Code   RO          167    .text.DMA1_Stream0_IRQHandler  stm32h7xx_it.o
    0x08001768   0x08001768   0x00000010   Code   RO          169    .text.DMA1_Stream1_IRQHandler  stm32h7xx_it.o
    0x08001778   0x08001778   0x000001ca   Code   RO          798    .text.DMA_CalcBaseAndBitshift  stm32h7xx_hal_dma.o
    0x08001942   0x08001942   0x00000006   PAD
    0x08001948   0x08001948   0x00000178   Code   RO          800    .text.DMA_CalcDMAMUXChannelBaseAndMask  stm32h7xx_hal_dma.o
    0x08001ac0   0x08001ac0   0x0000012a   Code   RO          802    .text.DMA_CalcDMAMUXRequestGenBaseAndMask  stm32h7xx_hal_dma.o
    0x08001bea   0x08001bea   0x00000006   PAD
    0x08001bf0   0x08001bf0   0x000000f0   Code   RO          796    .text.DMA_CheckFifoParam  stm32h7xx_hal_dma.o
    0x08001ce0   0x08001ce0   0x00000002   Code   RO          161    .text.DebugMon_Handler  stm32h7xx_it.o
    0x08001ce2   0x08001ce2   0x00000006   PAD
    0x08001ce8   0x08001ce8   0x0000000e   Code   RO           17    .text.Error_Handler  main.o
    0x08001cf6   0x08001cf6   0x00000002   PAD
    0x08001cf8   0x08001cf8   0x00000010   Code   RO          171    .text.FDCAN1_IT0_IRQHandler  stm32h7xx_it.o
    0x08001d08   0x08001d08   0x00000010   Code   RO          173    .text.FDCAN1_IT1_IRQHandler  stm32h7xx_it.o
    0x08001d18   0x08001d18   0x000002c2   Code   RO         1720    .text.FDCAN_CalcultateRamBlockAddresses  stm32h7xx_hal_fdcan.o
    0x08001fda   0x08001fda   0x00000006   PAD
    0x08001fe0   0x08001fe0   0x000000b6   Code   RO         1790    .text.FDCAN_CopyMessageToRAM  stm32h7xx_hal_fdcan.o
    0x08002096   0x08002096   0x00000002   PAD
    0x08002098   0x08002098   0x0000005c   Code   RO          217    .text.Get_SerialNum  usbd_desc.o
    0x080020f4   0x080020f4   0x00000004   PAD
    0x080020f8   0x080020f8   0x00000292   Code   RO         1693    .text.HAL_ADCEx_MultiModeConfigChannel  stm32h7xx_hal_adc_ex.o
    0x0800238a   0x0800238a   0x00000006   PAD
    0x08002390   0x08002390   0x00000b92   Code   RO         1520    .text.HAL_ADC_ConfigChannel  stm32h7xx_hal_adc.o
    0x08002f22   0x08002f22   0x00000006   PAD
    0x08002f28   0x08002f28   0x00000502   Code   RO         1438    .text.HAL_ADC_Init  stm32h7xx_hal_adc.o
    0x0800342a   0x0800342a   0x00000006   PAD
    0x08003430   0x08003430   0x00000114   Code   RO           67    .text.HAL_ADC_MspInit  adc.o
    0x08003544   0x08003544   0x00000004   PAD
    0x08003548   0x08003548   0x00000978   Code   RO          812    .text.HAL_DMA_Abort  stm32h7xx_hal_dma.o
    0x08003ec0   0x08003ec0   0x000006aa   Code   RO          814    .text.HAL_DMA_Abort_IT  stm32h7xx_hal_dma.o
    0x0800456a   0x0800456a   0x00000006   PAD
    0x08004570   0x08004570   0x000011c0   Code   RO          818    .text.HAL_DMA_IRQHandler  stm32h7xx_hal_dma.o
    0x08005730   0x08005730   0x00000960   Code   RO          794    .text.HAL_DMA_Init  stm32h7xx_hal_dma.o
    0x08006090   0x08006090   0x00000012   Code   RO         2818    .text.HAL_Delay     delay.o
    0x080060a2   0x080060a2   0x00000006   PAD
    0x080060a8   0x080060a8   0x000000fe   Code   RO         1868    .text.HAL_FDCAN_ActivateNotification  stm32h7xx_hal_fdcan.o
    0x080061a6   0x080061a6   0x00000002   PAD
    0x080061a8   0x080061a8   0x000000ca   Code   RO         1788    .text.HAL_FDCAN_AddMessageToTxFifoQ  stm32h7xx_hal_fdcan.o
    0x08006272   0x08006272   0x00000006   PAD
    0x08006278   0x08006278   0x0000000a   Code   RO         1882    .text.HAL_FDCAN_ClockCalibrationCallback  stm32h7xx_hal_fdcan.o
    0x08006282   0x08006282   0x00000006   PAD
    0x08006288   0x08006288   0x000000a8   Code   RO         1748    .text.HAL_FDCAN_ConfigFifoWatermark  stm32h7xx_hal_fdcan.o
    0x08006330   0x08006330   0x00000116   Code   RO         1740    .text.HAL_FDCAN_ConfigFilter  stm32h7xx_hal_fdcan.o
    0x08006446   0x08006446   0x00000002   PAD
    0x08006448   0x08006448   0x0000005c   Code   RO         1742    .text.HAL_FDCAN_ConfigGlobalFilter  stm32h7xx_hal_fdcan.o
    0x080064a4   0x080064a4   0x00000004   PAD
    0x080064a8   0x080064a8   0x00000008   Code   RO         1910    .text.HAL_FDCAN_ErrorCallback  stm32h7xx_hal_fdcan.o
    0x080064b0   0x080064b0   0x0000000a   Code   RO         1900    .text.HAL_FDCAN_ErrorStatusCallback  stm32h7xx_hal_fdcan.o
    0x080064ba   0x080064ba   0x00000006   PAD
    0x080064c0   0x080064c0   0x000002fc   Code   RO         1800    .text.HAL_FDCAN_GetRxMessage  stm32h7xx_hal_fdcan.o
    0x080067bc   0x080067bc   0x00000004   PAD
    0x080067c0   0x080067c0   0x00000018   Code   RO         1816    .text.HAL_FDCAN_GetTxFifoFreeLevel  stm32h7xx_hal_fdcan.o
    0x080067d8   0x080067d8   0x00000008   Code   RO         1878    .text.HAL_FDCAN_HighPriorityMessageCallback  stm32h7xx_hal_fdcan.o
    0x080067e0   0x080067e0   0x000005e2   Code   RO         1876    .text.HAL_FDCAN_IRQHandler  stm32h7xx_hal_fdcan.o
    0x08006dc2   0x08006dc2   0x00000006   PAD
    0x08006dc8   0x08006dc8   0x000003e0   Code   RO         1716    .text.HAL_FDCAN_Init  stm32h7xx_hal_fdcan.o
    0x080071a8   0x080071a8   0x000000d4   Code   RO           90    .text.HAL_FDCAN_MspInit  fdcan.o
    0x0800727c   0x0800727c   0x00000004   PAD
    0x08007280   0x08007280   0x00000008   Code   RO         1894    .text.HAL_FDCAN_RxBufferNewMessageCallback  stm32h7xx_hal_fdcan.o
    0x08007288   0x08007288   0x0000002e   Code   RO         2769    .text.HAL_FDCAN_RxFifo0Callback  can_bsp.o
    0x080072b6   0x080072b6   0x00000002   PAD
    0x080072b8   0x080072b8   0x0000000a   Code   RO         1888    .text.HAL_FDCAN_RxFifo1Callback  stm32h7xx_hal_fdcan.o
    0x080072c2   0x080072c2   0x00000006   PAD
    0x080072c8   0x080072c8   0x00000050   Code   RO         1786    .text.HAL_FDCAN_Start  stm32h7xx_hal_fdcan.o
    0x08007318   0x08007318   0x0000000a   Code   RO         1908    .text.HAL_FDCAN_TT_GlobalTimeCallback  stm32h7xx_hal_fdcan.o
    0x08007322   0x08007322   0x00000006   PAD
    0x08007328   0x08007328   0x0000000a   Code   RO         1902    .text.HAL_FDCAN_TT_ScheduleSyncCallback  stm32h7xx_hal_fdcan.o
    0x08007332   0x08007332   0x00000006   PAD
    0x08007338   0x08007338   0x0000000c   Code   RO         1906    .text.HAL_FDCAN_TT_StopWatchCallback  stm32h7xx_hal_fdcan.o
    0x08007344   0x08007344   0x00000004   PAD
    0x08007348   0x08007348   0x0000000a   Code   RO         1904    .text.HAL_FDCAN_TT_TimeMarkCallback  stm32h7xx_hal_fdcan.o
    0x08007352   0x08007352   0x00000006   PAD
    0x08007358   0x08007358   0x00000008   Code   RO         1898    .text.HAL_FDCAN_TimeoutOccurredCallback  stm32h7xx_hal_fdcan.o
    0x08007360   0x08007360   0x00000008   Code   RO         1896    .text.HAL_FDCAN_TimestampWraparoundCallback  stm32h7xx_hal_fdcan.o
    0x08007368   0x08007368   0x0000000a   Code   RO         1880    .text.HAL_FDCAN_TxBufferAbortCallback  stm32h7xx_hal_fdcan.o
    0x08007372   0x08007372   0x00000006   PAD
    0x08007378   0x08007378   0x0000000a   Code   RO         1892    .text.HAL_FDCAN_TxBufferCompleteCallback  stm32h7xx_hal_fdcan.o
    0x08007382   0x08007382   0x00000006   PAD
    0x08007388   0x08007388   0x0000000a   Code   RO         1884    .text.HAL_FDCAN_TxEventFifoCallback  stm32h7xx_hal_fdcan.o
    0x08007392   0x08007392   0x00000006   PAD
    0x08007398   0x08007398   0x00000008   Code   RO         1890    .text.HAL_FDCAN_TxFifoEmptyCallback  stm32h7xx_hal_fdcan.o
    0x080073a0   0x080073a0   0x000003a8   Code   RO          742    .text.HAL_GPIO_Init  stm32h7xx_hal_gpio.o
    0x08007748   0x08007748   0x0000002e   Code   RO          748    .text.HAL_GPIO_WritePin  stm32h7xx_hal_gpio.o
    0x08007776   0x08007776   0x00000002   PAD
    0x08007778   0x08007778   0x0000000c   Code   RO         1119    .text.HAL_GetTick   stm32h7xx_hal.o
    0x08007784   0x08007784   0x00000004   PAD
    0x08007788   0x08007788   0x0000001a   Code   RO         1117    .text.HAL_IncTick   stm32h7xx_hal.o
    0x080077a2   0x080077a2   0x00000006   PAD
    0x080077a8   0x080077a8   0x0000007a   Code   RO         1107    .text.HAL_Init      stm32h7xx_hal.o
    0x08007822   0x08007822   0x00000006   PAD
    0x08007828   0x08007828   0x00000086   Code   RO         1109    .text.HAL_InitTick  stm32h7xx_hal.o
    0x080078ae   0x080078ae   0x00000002   PAD
    0x080078b0   0x080078b0   0x0000009e   Code   RO         1066    .text.HAL_MPU_ConfigRegion  stm32h7xx_hal_cortex.o
    0x0800794e   0x0800794e   0x00000002   PAD
    0x08007950   0x08007950   0x00000022   Code   RO         1062    .text.HAL_MPU_Disable  stm32h7xx_hal_cortex.o
    0x08007972   0x08007972   0x00000006   PAD
    0x08007978   0x08007978   0x00000030   Code   RO         1064    .text.HAL_MPU_Enable  stm32h7xx_hal_cortex.o
    0x080079a8   0x080079a8   0x00000024   Code   RO          186    .text.HAL_MspInit   stm32h7xx_hal_msp.o
    0x080079cc   0x080079cc   0x00000004   PAD
    0x080079d0   0x080079d0   0x00000014   Code   RO         1046    .text.HAL_NVIC_EnableIRQ  stm32h7xx_hal_cortex.o
    0x080079e4   0x080079e4   0x00000004   PAD
    0x080079e8   0x080079e8   0x0000002e   Code   RO         1038    .text.HAL_NVIC_SetPriority  stm32h7xx_hal_cortex.o
    0x08007a16   0x08007a16   0x00000002   PAD
    0x08007a18   0x08007a18   0x00000010   Code   RO         1034    .text.HAL_NVIC_SetPriorityGrouping  stm32h7xx_hal_cortex.o
    0x08007a28   0x08007a28   0x00000036   Code   RO          415    .text.HAL_PCDEx_ActivateLPM  stm32h7xx_hal_pcd_ex.o
    0x08007a5e   0x08007a5e   0x00000002   PAD
    0x08007a60   0x08007a60   0x0000000c   Code   RO          427    .text.HAL_PCDEx_LPM_Callback  stm32h7xx_hal_pcd_ex.o
    0x08007a6c   0x08007a6c   0x00000004   PAD
    0x08007a70   0x08007a70   0x00000018   Code   RO          413    .text.HAL_PCDEx_SetRxFiFo  stm32h7xx_hal_pcd_ex.o
    0x08007a88   0x08007a88   0x0000009c   Code   RO          411    .text.HAL_PCDEx_SetTxFiFo  stm32h7xx_hal_pcd_ex.o
    0x08007b24   0x08007b24   0x00000004   PAD
    0x08007b28   0x08007b28   0x00000014   Code   RO          281    .text.HAL_PCD_ConnectCallback  usbd_conf.o
    0x08007b3c   0x08007b3c   0x00000004   PAD
    0x08007b40   0x08007b40   0x00000026   Code   RO          267    .text.HAL_PCD_DataInStageCallback  usbd_conf.o
    0x08007b66   0x08007b66   0x00000002   PAD
    0x08007b68   0x08007b68   0x00000028   Code   RO          265    .text.HAL_PCD_DataOutStageCallback  usbd_conf.o
    0x08007b90   0x08007b90   0x00000014   Code   RO          283    .text.HAL_PCD_DisconnectCallback  usbd_conf.o
    0x08007ba4   0x08007ba4   0x00000004   PAD
    0x08007ba8   0x08007ba8   0x0000005e   Code   RO          364    .text.HAL_PCD_EP_Abort  stm32h7xx_hal_pcd.o
    0x08007c06   0x08007c06   0x00000002   PAD
    0x08007c08   0x08007c08   0x000000a8   Code   RO          382    .text.HAL_PCD_EP_Close  stm32h7xx_hal_pcd.o
    0x08007cb0   0x08007cb0   0x000000c8   Code   RO          392    .text.HAL_PCD_EP_ClrStall  stm32h7xx_hal_pcd.o
    0x08007d78   0x08007d78   0x00000022   Code   RO          386    .text.HAL_PCD_EP_GetRxCount  stm32h7xx_hal_pcd.o
    0x08007d9a   0x08007d9a   0x00000006   PAD
    0x08007da0   0x08007da0   0x000000ea   Code   RO          380    .text.HAL_PCD_EP_Open  stm32h7xx_hal_pcd.o
    0x08007e8a   0x08007e8a   0x00000006   PAD
    0x08007e90   0x08007e90   0x0000006c   Code   RO          384    .text.HAL_PCD_EP_Receive  stm32h7xx_hal_pcd.o
    0x08007efc   0x08007efc   0x00000004   PAD
    0x08007f00   0x08007f00   0x000000de   Code   RO          390    .text.HAL_PCD_EP_SetStall  stm32h7xx_hal_pcd.o
    0x08007fde   0x08007fde   0x00000002   PAD
    0x08007fe0   0x08007fe0   0x0000006c   Code   RO          388    .text.HAL_PCD_EP_Transmit  stm32h7xx_hal_pcd.o
    0x0800804c   0x0800804c   0x00000004   PAD
    0x08008050   0x08008050   0x0000088c   Code   RO          342    .text.HAL_PCD_IRQHandler  stm32h7xx_hal_pcd.o
    0x080088dc   0x080088dc   0x00000004   PAD
    0x080088e0   0x080088e0   0x0000001c   Code   RO          279    .text.HAL_PCD_ISOINIncompleteCallback  usbd_conf.o
    0x080088fc   0x080088fc   0x00000004   PAD
    0x08008900   0x08008900   0x0000001c   Code   RO          277    .text.HAL_PCD_ISOOUTIncompleteCallback  usbd_conf.o
    0x0800891c   0x0800891c   0x00000004   PAD
    0x08008920   0x08008920   0x000002c4   Code   RO          330    .text.HAL_PCD_Init  stm32h7xx_hal_pcd.o
    0x08008be4   0x08008be4   0x00000004   PAD
    0x08008be8   0x08008be8   0x00000078   Code   RO          259    .text.HAL_PCD_MspInit  usbd_conf.o
    0x08008c60   0x08008c60   0x00000052   Code   RO          271    .text.HAL_PCD_ResetCallback  usbd_conf.o
    0x08008cb2   0x08008cb2   0x00000006   PAD
    0x08008cb8   0x08008cb8   0x00000014   Code   RO          275    .text.HAL_PCD_ResumeCallback  usbd_conf.o
    0x08008ccc   0x08008ccc   0x00000004   PAD
    0x08008cd0   0x08008cd0   0x00000014   Code   RO          269    .text.HAL_PCD_SOFCallback  usbd_conf.o
    0x08008ce4   0x08008ce4   0x00000004   PAD
    0x08008ce8   0x08008ce8   0x0000005e   Code   RO          378    .text.HAL_PCD_SetAddress  stm32h7xx_hal_pcd.o
    0x08008d46   0x08008d46   0x00000002   PAD
    0x08008d48   0x08008d48   0x00000018   Code   RO          263    .text.HAL_PCD_SetupStageCallback  usbd_conf.o
    0x08008d60   0x08008d60   0x0000007c   Code   RO          338    .text.HAL_PCD_Start  stm32h7xx_hal_pcd.o
    0x08008ddc   0x08008ddc   0x00000004   PAD
    0x08008de0   0x08008de0   0x0000003e   Code   RO          273    .text.HAL_PCD_SuspendCallback  usbd_conf.o
    0x08008e1e   0x08008e1e   0x00000002   PAD
    0x08008e20   0x08008e20   0x000000a2   Code   RO          951    .text.HAL_PWREx_ConfigSupply  stm32h7xx_hal_pwr_ex.o
    0x08008ec2   0x08008ec2   0x00000006   PAD
    0x08008ec8   0x08008ec8   0x00000012   Code   RO         1001    .text.HAL_PWREx_EnableUSBVoltageDetector  stm32h7xx_hal_pwr_ex.o
    0x08008eda   0x08008eda   0x00000006   PAD
    0x08008ee0   0x08008ee0   0x00000026   Code   RO          592    .text.HAL_RCCEx_GetD3PCLK1Freq  stm32h7xx_hal_rcc_ex.o
    0x08008f06   0x08008f06   0x00000002   PAD
    0x08008f08   0x08008f08   0x000002ac   Code   RO          586    .text.HAL_RCCEx_GetPLL1ClockFreq  stm32h7xx_hal_rcc_ex.o
    0x080091b4   0x080091b4   0x00000004   PAD
    0x080091b8   0x080091b8   0x000002ac   Code   RO          588    .text.HAL_RCCEx_GetPLL2ClockFreq  stm32h7xx_hal_rcc_ex.o
    0x08009464   0x08009464   0x00000004   PAD
    0x08009468   0x08009468   0x000002ac   Code   RO          590    .text.HAL_RCCEx_GetPLL3ClockFreq  stm32h7xx_hal_rcc_ex.o
    0x08009714   0x08009714   0x00000004   PAD
    0x08009718   0x08009718   0x00000ad2   Code   RO          584    .text.HAL_RCCEx_GetPeriphCLKFreq  stm32h7xx_hal_rcc_ex.o
    0x0800a1ea   0x0800a1ea   0x00000006   PAD
    0x0800a1f0   0x0800a1f0   0x00000fec   Code   RO          576    .text.HAL_RCCEx_PeriphCLKConfig  stm32h7xx_hal_rcc_ex.o
    0x0800b1dc   0x0800b1dc   0x00000004   PAD
    0x0800b1e0   0x0800b1e0   0x00000498   Code   RO          545    .text.HAL_RCC_ClockConfig  stm32h7xx_hal_rcc.o
    0x0800b678   0x0800b678   0x00000056   Code   RO          555    .text.HAL_RCC_GetHCLKFreq  stm32h7xx_hal_rcc.o
    0x0800b6ce   0x0800b6ce   0x00000002   PAD
    0x0800b6d0   0x0800b6d0   0x00000026   Code   RO          557    .text.HAL_RCC_GetPCLK1Freq  stm32h7xx_hal_rcc.o
    0x0800b6f6   0x0800b6f6   0x00000002   PAD
    0x0800b6f8   0x0800b6f8   0x00000026   Code   RO          559    .text.HAL_RCC_GetPCLK2Freq  stm32h7xx_hal_rcc.o
    0x0800b71e   0x0800b71e   0x00000002   PAD
    0x0800b720   0x0800b720   0x00000310   Code   RO          547    .text.HAL_RCC_GetSysClockFreq  stm32h7xx_hal_rcc.o
    0x0800ba30   0x0800ba30   0x00000a20   Code   RO          543    .text.HAL_RCC_OscConfig  stm32h7xx_hal_rcc.o
    0x0800c450   0x0800c450   0x00000292   Code   RO         1925    .text.HAL_SPI_Init  stm32h7xx_hal_spi.o
    0x0800c6e2   0x0800c6e2   0x00000006   PAD
    0x0800c6e8   0x0800c6e8   0x000000f4   Code   RO          105    .text.HAL_SPI_MspInit  spi.o
    0x0800c7dc   0x0800c7dc   0x00000004   PAD
    0x0800c7e0   0x0800c7e0   0x00000034   Code   RO         1092    .text.HAL_SYSTICK_CLKSourceConfig  stm32h7xx_hal_cortex.o
    0x0800c814   0x0800c814   0x00000004   PAD
    0x0800c818   0x0800c818   0x00000010   Code   RO         1058    .text.HAL_SYSTICK_Config  stm32h7xx_hal_cortex.o
    0x0800c828   0x0800c828   0x00000008   Code   RO         2384    .text.HAL_TIMEx_Break2Callback  stm32h7xx_hal_tim_ex.o
    0x0800c830   0x0800c830   0x00000008   Code   RO         2382    .text.HAL_TIMEx_BreakCallback  stm32h7xx_hal_tim_ex.o
    0x0800c838   0x0800c838   0x00000008   Code   RO         2378    .text.HAL_TIMEx_CommutCallback  stm32h7xx_hal_tim_ex.o
    0x0800c840   0x0800c840   0x0000017c   Code   RO         2362    .text.HAL_TIMEx_MasterConfigSynchronization  stm32h7xx_hal_tim_ex.o
    0x0800c9bc   0x0800c9bc   0x00000004   PAD
    0x0800c9c0   0x0800c9c0   0x000000a8   Code   RO         2045    .text.HAL_TIM_Base_Init  stm32h7xx_hal_tim.o
    0x0800ca68   0x0800ca68   0x0000004e   Code   RO          119    .text.HAL_TIM_Base_MspInit  tim.o
    0x0800cab6   0x0800cab6   0x00000002   PAD
    0x0800cab8   0x0800cab8   0x00000128   Code   RO         2059    .text.HAL_TIM_Base_Start_IT  stm32h7xx_hal_tim.o
    0x0800cbe0   0x0800cbe0   0x000001d0   Code   RO         2241    .text.HAL_TIM_ConfigClockSource  stm32h7xx_hal_tim.o
    0x0800cdb0   0x0800cdb0   0x00000008   Code   RO         2181    .text.HAL_TIM_IC_CaptureCallback  stm32h7xx_hal_tim.o
    0x0800cdb8   0x0800cdb8   0x000002b4   Code   RO         2179    .text.HAL_TIM_IRQHandler  stm32h7xx_hal_tim.o
    0x0800d06c   0x0800d06c   0x00000004   PAD
    0x0800d070   0x0800d070   0x00000008   Code   RO         2183    .text.HAL_TIM_OC_DelayElapsedCallback  stm32h7xx_hal_tim.o
    0x0800d078   0x0800d078   0x00000008   Code   RO         2185    .text.HAL_TIM_PWM_PulseFinishedCallback  stm32h7xx_hal_tim.o
    0x0800d080   0x0800d080   0x00000022   Code   RO         2867    .text.HAL_TIM_PeriodElapsedCallback  mc.o
    0x0800d0a2   0x0800d0a2   0x00000006   PAD
    0x0800d0a8   0x0800d0a8   0x00000008   Code   RO         2189    .text.HAL_TIM_TriggerCallback  stm32h7xx_hal_tim.o
    0x0800d0b0   0x0800d0b0   0x0000007c   Code   RO         2567    .text.HAL_UARTEx_DisableFifoMode  stm32h7xx_hal_uart_ex.o
    0x0800d12c   0x0800d12c   0x00000004   PAD
    0x0800d130   0x0800d130   0x0000000c   Code   RO         2491    .text.HAL_UARTEx_RxEventCallback  stm32h7xx_hal_uart.o
    0x0800d13c   0x0800d13c   0x00000004   PAD
    0x0800d140   0x0800d140   0x00000008   Code   RO         2549    .text.HAL_UARTEx_RxFifoFullCallback  stm32h7xx_hal_uart_ex.o
    0x0800d148   0x0800d148   0x0000008c   Code   RO         2571    .text.HAL_UARTEx_SetRxFifoThreshold  stm32h7xx_hal_uart_ex.o
    0x0800d1d4   0x0800d1d4   0x00000004   PAD
    0x0800d1d8   0x0800d1d8   0x0000008c   Code   RO         2569    .text.HAL_UARTEx_SetTxFifoThreshold  stm32h7xx_hal_uart_ex.o
    0x0800d264   0x0800d264   0x00000004   PAD
    0x0800d268   0x0800d268   0x00000008   Code   RO         2551    .text.HAL_UARTEx_TxFifoEmptyCallback  stm32h7xx_hal_uart_ex.o
    0x0800d270   0x0800d270   0x00000008   Code   RO         2547    .text.HAL_UARTEx_WakeupCallback  stm32h7xx_hal_uart_ex.o
    0x0800d278   0x0800d278   0x00000008   Code   RO         2489    .text.HAL_UART_ErrorCallback  stm32h7xx_hal_uart.o
    0x0800d280   0x0800d280   0x000006c8   Code   RO         2485    .text.HAL_UART_IRQHandler  stm32h7xx_hal_uart.o
    0x0800d948   0x0800d948   0x000000aa   Code   RO         2397    .text.HAL_UART_Init  stm32h7xx_hal_uart.o
    0x0800d9f2   0x0800d9f2   0x00000006   PAD
    0x0800d9f8   0x0800d9f8   0x000001d4   Code   RO          135    .text.HAL_UART_MspInit  usart.o
    0x0800dbcc   0x0800dbcc   0x00000004   PAD
    0x0800dbd0   0x0800dbd0   0x000000a0   Code   RO         2433    .text.HAL_UART_Receive_IT  stm32h7xx_hal_uart.o
    0x0800dc70   0x0800dc70   0x0000001a   Code   RO           23    .text.HAL_UART_RxCpltCallback  main.o
    0x0800dc8a   0x0800dc8a   0x00000006   PAD
    0x0800dc90   0x0800dc90   0x00000008   Code   RO         2495    .text.HAL_UART_TxCpltCallback  stm32h7xx_hal_uart.o
    0x0800dc98   0x0800dc98   0x00000004   Code   RO          151    .text.HardFault_Handler  stm32h7xx_it.o
    0x0800dc9c   0x0800dc9c   0x00000004   PAD
    0x0800dca0   0x0800dca0   0x0000007a   Code   RO          221    .text.IntToUnicode  usbd_desc.o
    0x0800dd1a   0x0800dd1a   0x00000006   PAD
    0x0800dd20   0x0800dd20   0x00000018   Code   RO         1444    .text.LL_ADC_DisableDeepPowerDown  stm32h7xx_hal_adc.o
    0x0800dd38   0x0800dd38   0x0000001e   Code   RO         1448    .text.LL_ADC_EnableInternalRegulator  stm32h7xx_hal_adc.o
    0x0800dd56   0x0800dd56   0x00000002   PAD
    0x0800dd58   0x0800dd58   0x00000010   Code   RO         1542    .text.LL_ADC_GetCommonPathInternalCh  stm32h7xx_hal_adc.o
    0x0800dd68   0x0800dd68   0x0000001e   Code   RO         1536    .text.LL_ADC_GetOffsetChannel  stm32h7xx_hal_adc.o
    0x0800dd86   0x0800dd86   0x00000002   PAD
    0x0800dd88   0x0800dd88   0x00000010   Code   RO         1456    .text.LL_ADC_INJ_IsConversionOngoing  stm32h7xx_hal_adc.o
    0x0800dd98   0x0800dd98   0x00000010   Code   RO         1442    .text.LL_ADC_IsDeepPowerDownEnabled  stm32h7xx_hal_adc.o
    0x0800dda8   0x0800dda8   0x00000010   Code   RO         1452    .text.LL_ADC_IsEnabled  stm32h7xx_hal_adc.o
    0x0800ddb8   0x0800ddb8   0x00000010   Code   RO         1603    .text.LL_ADC_IsEnabled  stm32h7xx_hal_adc_ex.o
    0x0800ddc8   0x0800ddc8   0x00000010   Code   RO         1446    .text.LL_ADC_IsInternalRegulatorEnabled  stm32h7xx_hal_adc.o
    0x0800ddd8   0x0800ddd8   0x00000010   Code   RO         1450    .text.LL_ADC_REG_IsConversionOngoing  stm32h7xx_hal_adc.o
    0x0800dde8   0x0800dde8   0x00000010   Code   RO         1605    .text.LL_ADC_REG_IsConversionOngoing  stm32h7xx_hal_adc_ex.o
    0x0800ddf8   0x0800ddf8   0x0000003a   Code   RO         1522    .text.LL_ADC_REG_SetSequencerRanks  stm32h7xx_hal_adc.o
    0x0800de32   0x0800de32   0x00000006   PAD
    0x0800de38   0x0800de38   0x00000036   Code   RO         1524    .text.LL_ADC_SetChannelSamplingTime  stm32h7xx_hal_adc.o
    0x0800de6e   0x0800de6e   0x00000002   PAD
    0x0800de70   0x0800de70   0x00000070   Code   RO         1540    .text.LL_ADC_SetChannelSingleDiff  stm32h7xx_hal_adc.o
    0x0800dee0   0x0800dee0   0x0000001a   Code   RO         1454    .text.LL_ADC_SetCommonClock  stm32h7xx_hal_adc.o
    0x0800defa   0x0800defa   0x00000006   PAD
    0x0800df00   0x0800df00   0x0000001a   Code   RO         1544    .text.LL_ADC_SetCommonPathInternalCh  stm32h7xx_hal_adc.o
    0x0800df1a   0x0800df1a   0x00000006   PAD
    0x0800df20   0x0800df20   0x00000024   Code   RO         1534    .text.LL_ADC_SetDataRightShift  stm32h7xx_hal_adc.o
    0x0800df44   0x0800df44   0x00000004   PAD
    0x0800df48   0x0800df48   0x0000005c   Code   RO         1526    .text.LL_ADC_SetOffset  stm32h7xx_hal_adc.o
    0x0800dfa4   0x0800dfa4   0x00000004   PAD
    0x0800dfa8   0x0800dfa8   0x0000003a   Code   RO         1530    .text.LL_ADC_SetOffsetSaturation  stm32h7xx_hal_adc.o
    0x0800dfe2   0x0800dfe2   0x00000006   PAD
    0x0800dfe8   0x0800dfe8   0x0000003a   Code   RO         1528    .text.LL_ADC_SetOffsetSign  stm32h7xx_hal_adc.o
    0x0800e022   0x0800e022   0x00000006   PAD
    0x0800e028   0x0800e028   0x0000003c   Code   RO         1532    .text.LL_ADC_SetOffsetSignedSaturation  stm32h7xx_hal_adc.o
    0x0800e064   0x0800e064   0x00000004   PAD
    0x0800e068   0x0800e068   0x0000004c   Code   RO         1538    .text.LL_ADC_SetOffsetState  stm32h7xx_hal_adc.o
    0x0800e0b4   0x0800e0b4   0x00000004   PAD
    0x0800e0b8   0x0800e0b8   0x00000056   Code   RO           13    .text.MPU_Config    main.o
    0x0800e10e   0x0800e10e   0x00000002   PAD
    0x0800e110   0x0800e110   0x000000be   Code   RO           65    .text.MX_ADC1_Init  adc.o
    0x0800e1ce   0x0800e1ce   0x00000002   PAD
    0x0800e1d0   0x0800e1d0   0x0000004c   Code   RO           80    .text.MX_DMA_Init   dma.o
    0x0800e21c   0x0800e21c   0x00000004   PAD
    0x0800e220   0x0800e220   0x0000006e   Code   RO           88    .text.MX_FDCAN1_Init  fdcan.o
    0x0800e28e   0x0800e28e   0x00000002   PAD
    0x0800e290   0x0800e290   0x0000019e   Code   RO           57    .text.MX_GPIO_Init  gpio.o
    0x0800e42e   0x0800e42e   0x00000002   PAD
    0x0800e430   0x0800e430   0x00000072   Code   RO          103    .text.MX_SPI1_Init  spi.o
    0x0800e4a2   0x0800e4a2   0x00000006   PAD
    0x0800e4a8   0x0800e4a8   0x00000088   Code   RO          117    .text.MX_TIM3_Init  tim.o
    0x0800e530   0x0800e530   0x0000008e   Code   RO          131    .text.MX_UART7_Init  usart.o
    0x0800e5be   0x0800e5be   0x00000002   PAD
    0x0800e5c0   0x0800e5c0   0x0000008e   Code   RO          133    .text.MX_USART10_UART_Init  usart.o
    0x0800e64e   0x0800e64e   0x00000002   PAD
    0x0800e650   0x0800e650   0x0000007a   Code   RO          194    .text.MX_USB_DEVICE_Init  usb_device.o
    0x0800e6ca   0x0800e6ca   0x00000006   PAD
    0x0800e6d0   0x0800e6d0   0x00000004   Code   RO          153    .text.MemManage_Handler  stm32h7xx_it.o
    0x0800e6d4   0x0800e6d4   0x00000004   PAD
    0x0800e6d8   0x0800e6d8   0x00000004   Code   RO          149    .text.NMI_Handler   stm32h7xx_it.o
    0x0800e6dc   0x0800e6dc   0x00000004   PAD
    0x0800e6e0   0x0800e6e0   0x0000006c   Code   RO         1044    .text.NVIC_EncodePriority  stm32h7xx_hal_cortex.o
    0x0800e74c   0x0800e74c   0x00000004   PAD
    0x0800e750   0x0800e750   0x00000010   Code   RO          177    .text.OTG_HS_IRQHandler  stm32h7xx_it.o
    0x0800e760   0x0800e760   0x0000008a   Code   RO          346    .text.PCD_EP_OutSetupPacket_int  stm32h7xx_hal_pcd.o
    0x0800e7ea   0x0800e7ea   0x00000006   PAD
    0x0800e7f0   0x0800e7f0   0x000001c8   Code   RO          344    .text.PCD_EP_OutXfrComplete_int  stm32h7xx_hal_pcd.o
    0x0800e9b8   0x0800e9b8   0x00000132   Code   RO          354    .text.PCD_WriteEmptyTxFifo  stm32h7xx_hal_pcd.o
    0x0800eaea   0x0800eaea   0x00000006   PAD
    0x0800eaf0   0x0800eaf0   0x00000002   Code   RO          163    .text.PendSV_Handler  stm32h7xx_it.o
    0x0800eaf2   0x0800eaf2   0x00000006   PAD
    0x0800eaf8   0x0800eaf8   0x00000110   Code   RO         2963    .text.Pid_Cal       pid.o
    0x0800ec08   0x0800ec08   0x0000004a   Code   RO         2961    .text.Pid_Init      pid.o
    0x0800ec52   0x0800ec52   0x00000006   PAD
    0x0800ec58   0x0800ec58   0x000001ca   Code   RO          578    .text.RCCEx_PLL2_Config  stm32h7xx_hal_rcc_ex.o
    0x0800ee22   0x0800ee22   0x00000006   PAD
    0x0800ee28   0x0800ee28   0x000001ca   Code   RO          580    .text.RCCEx_PLL3_Config  stm32h7xx_hal_rcc_ex.o
    0x0800eff2   0x0800eff2   0x00000006   PAD
    0x0800eff8   0x0800eff8   0x0000002a   Code   RO         1927    .text.SPI_GetPacketSize  stm32h7xx_hal_spi.o
    0x0800f022   0x0800f022   0x00000006   PAD
    0x0800f028   0x0800f028   0x00000002   Code   RO          159    .text.SVC_Handler   stm32h7xx_it.o
    0x0800f02a   0x0800f02a   0x00000006   PAD
    0x0800f030   0x0800f030   0x00000036   Code   RO         2683    .text.SWAPBYTE      usbd_ctlreq.o
    0x0800f066   0x0800f066   0x00000002   PAD
    0x0800f068   0x0800f068   0x00000052   Code   RO         1060    .text.SysTick_Config  stm32h7xx_hal_cortex.o
    0x0800f0ba   0x0800f0ba   0x00000006   PAD
    0x0800f0c0   0x0800f0c0   0x00000008   Code   RO          165    .text.SysTick_Handler  stm32h7xx_it.o
    0x0800f0c8   0x0800f0c8   0x000000d0   Code   RO           15    .text.SystemClock_Config  main.o
    0x0800f198   0x0800f198   0x0000013a   Code   RO         2590    .text.SystemInit    system_stm32h7xx.o
    0x0800f2d2   0x0800f2d2   0x00000006   PAD
    0x0800f2d8   0x0800f2d8   0x00000010   Code   RO          175    .text.TIM3_IRQHandler  stm32h7xx_it.o
    0x0800f2e8   0x0800f2e8   0x000001ba   Code   RO         2049    .text.TIM_Base_SetConfig  stm32h7xx_hal_tim.o
    0x0800f4a2   0x0800f4a2   0x00000006   PAD
    0x0800f4a8   0x0800f4a8   0x00000034   Code   RO         2239    .text.TIM_ETR_SetConfig  stm32h7xx_hal_tim.o
    0x0800f4dc   0x0800f4dc   0x00000004   PAD
    0x0800f4e0   0x0800f4e0   0x00000030   Code   RO         2245    .text.TIM_ITRx_SetConfig  stm32h7xx_hal_tim.o
    0x0800f510   0x0800f510   0x00000050   Code   RO         2243    .text.TIM_TI1_ConfigInputStage  stm32h7xx_hal_tim.o
    0x0800f560   0x0800f560   0x00000052   Code   RO         2247    .text.TIM_TI2_ConfigInputStage  stm32h7xx_hal_tim.o
    0x0800f5b2   0x0800f5b2   0x00000006   PAD
    0x0800f5b8   0x0800f5b8   0x00000032   Code   RO           19    .text.UART7_IRQHandler  main.o
    0x0800f5ea   0x0800f5ea   0x00000006   PAD
    0x0800f5f0   0x0800f5f0   0x00000086   Code   RO         2565    .text.UARTEx_SetNbDataToProcess  stm32h7xx_hal_uart_ex.o
    0x0800f676   0x0800f676   0x00000002   PAD
    0x0800f678   0x0800f678   0x00000148   Code   RO         2403    .text.UART_AdvFeatureConfig  stm32h7xx_hal_uart.o
    0x0800f7c0   0x0800f7c0   0x00000146   Code   RO         2405    .text.UART_CheckIdleState  stm32h7xx_hal_uart.o
    0x0800f906   0x0800f906   0x00000002   PAD
    0x0800f908   0x0800f908   0x00000024   Code   RO         2487    .text.UART_DMAAbortOnError  stm32h7xx_hal_uart.o
    0x0800f92c   0x0800f92c   0x00000004   PAD
    0x0800f930   0x0800f930   0x0000009e   Code   RO         2457    .text.UART_EndRxTransfer  stm32h7xx_hal_uart.o
    0x0800f9ce   0x0800f9ce   0x00000002   PAD
    0x0800f9d0   0x0800f9d0   0x00000044   Code   RO         2493    .text.UART_EndTransmit_IT  stm32h7xx_hal_uart.o
    0x0800fa14   0x0800fa14   0x00000004   PAD
    0x0800fa18   0x0800fa18   0x00000184   Code   RO         2529    .text.UART_RxISR_16BIT  stm32h7xx_hal_uart.o
    0x0800fb9c   0x0800fb9c   0x00000004   PAD
    0x0800fba0   0x0800fba0   0x00000308   Code   RO         2525    .text.UART_RxISR_16BIT_FIFOEN  stm32h7xx_hal_uart.o
    0x0800fea8   0x0800fea8   0x00000180   Code   RO         2531    .text.UART_RxISR_8BIT  stm32h7xx_hal_uart.o
    0x08010028   0x08010028   0x00000304   Code   RO         2527    .text.UART_RxISR_8BIT_FIFOEN  stm32h7xx_hal_uart.o
    0x0801032c   0x0801032c   0x00000004   PAD
    0x08010330   0x08010330   0x00000a4e   Code   RO         2401    .text.UART_SetConfig  stm32h7xx_hal_uart.o
    0x08010d7e   0x08010d7e   0x00000002   PAD
    0x08010d80   0x08010d80   0x00000222   Code   RO         2435    .text.UART_Start_Receive_IT  stm32h7xx_hal_uart.o
    0x08010fa2   0x08010fa2   0x00000006   PAD
    0x08010fa8   0x08010fa8   0x000000fc   Code   RO         2419    .text.UART_WaitOnFlagUntilTimeout  stm32h7xx_hal_uart.o
    0x080110a4   0x080110a4   0x00000004   PAD
    0x080110a8   0x080110a8   0x00000168   Code   RO           21    .text.USART10_IRQHandler  main.o
    0x08011210   0x08011210   0x000000f4   Code   RO         2726    .text.USBD_CDC_DataIn  usbd_cdc.o
    0x08011304   0x08011304   0x00000004   PAD
    0x08011308   0x08011308   0x00000070   Code   RO         2728    .text.USBD_CDC_DataOut  usbd_cdc.o
    0x08011378   0x08011378   0x000000ec   Code   RO         2720    .text.USBD_CDC_DeInit  usbd_cdc.o
    0x08011464   0x08011464   0x00000004   PAD
    0x08011468   0x08011468   0x00000078   Code   RO         2724    .text.USBD_CDC_EP0_RxReady  usbd_cdc.o
    0x080114e0   0x080114e0   0x00000016   Code   RO         2736    .text.USBD_CDC_GetDeviceQualifierDescriptor  usbd_cdc.o
    0x080114f6   0x080114f6   0x00000002   PAD
    0x080114f8   0x080114f8   0x0000006c   Code   RO         2732    .text.USBD_CDC_GetFSCfgDesc  usbd_cdc.o
    0x08011564   0x08011564   0x00000004   PAD
    0x08011568   0x08011568   0x00000070   Code   RO         2730    .text.USBD_CDC_GetHSCfgDesc  usbd_cdc.o
    0x080115d8   0x080115d8   0x0000006c   Code   RO         2734    .text.USBD_CDC_GetOtherSpeedCfgDesc  usbd_cdc.o
    0x08011644   0x08011644   0x00000004   PAD
    0x08011648   0x08011648   0x0000021c   Code   RO         2718    .text.USBD_CDC_Init  usbd_cdc.o
    0x08011864   0x08011864   0x00000004   PAD
    0x08011868   0x08011868   0x0000007e   Code   RO         2746    .text.USBD_CDC_ReceivePacket  usbd_cdc.o
    0x080118e6   0x080118e6   0x00000002   PAD
    0x080118e8   0x080118e8   0x00000034   Code   RO         2738    .text.USBD_CDC_RegisterInterface  usbd_cdc.o
    0x0801191c   0x0801191c   0x00000004   PAD
    0x08011920   0x08011920   0x0000003c   Code   RO         2742    .text.USBD_CDC_SetRxBuffer  usbd_cdc.o
    0x0801195c   0x0801195c   0x00000004   PAD
    0x08011960   0x08011960   0x00000046   Code   RO         2740    .text.USBD_CDC_SetTxBuffer  usbd_cdc.o
    0x080119a6   0x080119a6   0x00000002   PAD
    0x080119a8   0x080119a8   0x000001cc   Code   RO         2722    .text.USBD_CDC_Setup  usbd_cdc.o
    0x08011b74   0x08011b74   0x00000004   PAD
    0x08011b78   0x08011b78   0x00000032   Code   RO         2618    .text.USBD_ClrClassConfig  usbd_core.o
    0x08011baa   0x08011baa   0x00000006   PAD
    0x08011bb0   0x08011bb0   0x00000040   Code   RO         2673    .text.USBD_ClrFeature  usbd_ctlreq.o
    0x08011bf0   0x08011bf0   0x0000000e   Code   RO         2626    .text.USBD_CoreFindEP  usbd_core.o
    0x08011bfe   0x08011bfe   0x00000002   PAD
    0x08011c00   0x08011c00   0x0000000e   Code   RO         2624    .text.USBD_CoreFindIF  usbd_core.o
    0x08011c0e   0x08011c0e   0x00000002   PAD
    0x08011c10   0x08011c10   0x0000001e   Code   RO         2703    .text.USBD_CtlContinueRx  usbd_ioreq.o
    0x08011c2e   0x08011c2e   0x00000002   PAD
    0x08011c30   0x08011c30   0x0000001e   Code   RO         2699    .text.USBD_CtlContinueSendData  usbd_ioreq.o
    0x08011c4e   0x08011c4e   0x00000002   PAD
    0x08011c50   0x08011c50   0x0000001c   Code   RO         2675    .text.USBD_CtlError  usbd_ctlreq.o
    0x08011c6c   0x08011c6c   0x00000004   PAD
    0x08011c70   0x08011c70   0x00000036   Code   RO         2701    .text.USBD_CtlPrepareRx  usbd_ioreq.o
    0x08011ca6   0x08011ca6   0x00000002   PAD
    0x08011ca8   0x08011ca8   0x00000022   Code   RO         2707    .text.USBD_CtlReceiveStatus  usbd_ioreq.o
    0x08011cca   0x08011cca   0x00000006   PAD
    0x08011cd0   0x08011cd0   0x00000032   Code   RO         2697    .text.USBD_CtlSendData  usbd_ioreq.o
    0x08011d02   0x08011d02   0x00000006   PAD
    0x08011d08   0x08011d08   0x00000022   Code   RO         2705    .text.USBD_CtlSendStatus  usbd_ioreq.o
    0x08011d2a   0x08011d2a   0x00000006   PAD
    0x08011d30   0x08011d30   0x00000064   Code   RO         2667    .text.USBD_GetConfig  usbd_ctlreq.o
    0x08011d94   0x08011d94   0x00000004   PAD
    0x08011d98   0x08011d98   0x0000031e   Code   RO         2661    .text.USBD_GetDescriptor  usbd_ctlreq.o
    0x080120b6   0x080120b6   0x00000002   PAD
    0x080120b8   0x080120b8   0x00000076   Code   RO         2648    .text.USBD_GetEpDesc  usbd_core.o
    0x0801212e   0x0801212e   0x00000002   PAD
    0x08012130   0x08012130   0x00000032   Code   RO         2687    .text.USBD_GetLen   usbd_ctlreq.o
    0x08012162   0x08012162   0x00000006   PAD
    0x08012168   0x08012168   0x00000026   Code   RO         2650    .text.USBD_GetNextDesc  usbd_core.o
    0x0801218e   0x0801218e   0x00000002   PAD
    0x08012190   0x08012190   0x00000062   Code   RO         2669    .text.USBD_GetStatus  usbd_ctlreq.o
    0x080121f2   0x080121f2   0x00000006   PAD
    0x080121f8   0x080121f8   0x00000098   Code   RO         2685    .text.USBD_GetString  usbd_ctlreq.o
    0x08012290   0x08012290   0x00000052   Code   RO          289    .text.USBD_Get_USB_Status  usbd_conf.o
    0x080122e2   0x080122e2   0x00000006   PAD
    0x080122e8   0x080122e8   0x0000004e   Code   RO          213    .text.USBD_HS_ConfigStrDescriptor  usbd_desc.o
    0x08012336   0x08012336   0x00000002   PAD
    0x08012338   0x08012338   0x0000001a   Code   RO          203    .text.USBD_HS_DeviceDescriptor  usbd_desc.o
    0x08012352   0x08012352   0x00000006   PAD
    0x08012358   0x08012358   0x0000004e   Code   RO          215    .text.USBD_HS_InterfaceStrDescriptor  usbd_desc.o
    0x080123a6   0x080123a6   0x00000002   PAD
    0x080123a8   0x080123a8   0x0000001a   Code   RO          205    .text.USBD_HS_LangIDStrDescriptor  usbd_desc.o
    0x080123c2   0x080123c2   0x00000006   PAD
    0x080123c8   0x080123c8   0x00000028   Code   RO          207    .text.USBD_HS_ManufacturerStrDescriptor  usbd_desc.o
    0x080123f0   0x080123f0   0x0000004e   Code   RO          209    .text.USBD_HS_ProductStrDescriptor  usbd_desc.o
    0x0801243e   0x0801243e   0x00000002   PAD
    0x08012440   0x08012440   0x00000020   Code   RO          211    .text.USBD_HS_SerialStrDescriptor  usbd_desc.o
    0x08012460   0x08012460   0x0000006a   Code   RO         2604    .text.USBD_Init     usbd_core.o
    0x080124ca   0x080124ca   0x00000006   PAD
    0x080124d0   0x080124d0   0x0000003a   Code   RO          303    .text.USBD_LL_ClearStallEP  usbd_conf.o
    0x0801250a   0x0801250a   0x00000006   PAD
    0x08012510   0x08012510   0x0000003a   Code   RO          297    .text.USBD_LL_CloseEP  usbd_conf.o
    0x0801254a   0x0801254a   0x00000006   PAD
    0x08012550   0x08012550   0x00000190   Code   RO         2628    .text.USBD_LL_DataInStage  usbd_core.o
    0x080126e0   0x080126e0   0x000001b2   Code   RO         2622    .text.USBD_LL_DataOutStage  usbd_core.o
    0x08012892   0x08012892   0x00000006   PAD
    0x08012898   0x08012898   0x0000000a   Code   RO         2644    .text.USBD_LL_DevConnected  usbd_core.o
    0x080128a2   0x080128a2   0x00000006   PAD
    0x080128a8   0x080128a8   0x00000040   Code   RO         2646    .text.USBD_LL_DevDisconnected  usbd_core.o
    0x080128e8   0x080128e8   0x0000001c   Code   RO          313    .text.USBD_LL_GetRxDataSize  usbd_conf.o
    0x08012904   0x08012904   0x00000004   PAD
    0x08012908   0x08012908   0x00000086   Code   RO          285    .text.USBD_LL_Init  usbd_conf.o
    0x0801298e   0x0801298e   0x00000002   PAD
    0x08012990   0x08012990   0x0000005c   Code   RO          305    .text.USBD_LL_IsStallEP  usbd_conf.o
    0x080129ec   0x080129ec   0x00000004   PAD
    0x080129f0   0x080129f0   0x0000006e   Code   RO         2640    .text.USBD_LL_IsoINIncomplete  usbd_core.o
    0x08012a5e   0x08012a5e   0x00000002   PAD
    0x08012a60   0x08012a60   0x0000006e   Code   RO         2642    .text.USBD_LL_IsoOUTIncomplete  usbd_core.o
    0x08012ace   0x08012ace   0x00000002   PAD
    0x08012ad0   0x08012ad0   0x0000004a   Code   RO          295    .text.USBD_LL_OpenEP  usbd_conf.o
    0x08012b1a   0x08012b1a   0x00000006   PAD
    0x08012b20   0x08012b20   0x00000042   Code   RO          311    .text.USBD_LL_PrepareReceive  usbd_conf.o
    0x08012b62   0x08012b62   0x00000006   PAD
    0x08012b68   0x08012b68   0x0000009c   Code   RO         2630    .text.USBD_LL_Reset  usbd_core.o
    0x08012c04   0x08012c04   0x00000004   PAD
    0x08012c08   0x08012c08   0x00000024   Code   RO         2636    .text.USBD_LL_Resume  usbd_core.o
    0x08012c2c   0x08012c2c   0x00000004   PAD
    0x08012c30   0x08012c30   0x0000003e   Code   RO         2638    .text.USBD_LL_SOF   usbd_core.o
    0x08012c6e   0x08012c6e   0x00000002   PAD
    0x08012c70   0x08012c70   0x00000016   Code   RO         2632    .text.USBD_LL_SetSpeed  usbd_core.o
    0x08012c86   0x08012c86   0x00000002   PAD
    0x08012c88   0x08012c88   0x0000003a   Code   RO          307    .text.USBD_LL_SetUSBAddress  usbd_conf.o
    0x08012cc2   0x08012cc2   0x00000006   PAD
    0x08012cc8   0x08012cc8   0x00000094   Code   RO         2620    .text.USBD_LL_SetupStage  usbd_core.o
    0x08012d5c   0x08012d5c   0x00000004   PAD
    0x08012d60   0x08012d60   0x0000003a   Code   RO          301    .text.USBD_LL_StallEP  usbd_conf.o
    0x08012d9a   0x08012d9a   0x00000006   PAD
    0x08012da0   0x08012da0   0x00000032   Code   RO          291    .text.USBD_LL_Start  usbd_conf.o
    0x08012dd2   0x08012dd2   0x00000006   PAD
    0x08012dd8   0x08012dd8   0x0000002c   Code   RO         2634    .text.USBD_LL_Suspend  usbd_core.o
    0x08012e04   0x08012e04   0x00000004   PAD
    0x08012e08   0x08012e08   0x00000042   Code   RO          309    .text.USBD_LL_Transmit  usbd_conf.o
    0x08012e4a   0x08012e4a   0x00000006   PAD
    0x08012e50   0x08012e50   0x00000062   Code   RO         2681    .text.USBD_ParseSetupRequest  usbd_ctlreq.o
    0x08012eb2   0x08012eb2   0x00000006   PAD
    0x08012eb8   0x08012eb8   0x00000072   Code   RO         2608    .text.USBD_RegisterClass  usbd_core.o
    0x08012f2a   0x08012f2a   0x00000006   PAD
    0x08012f30   0x08012f30   0x0000000a   Code   RO         2614    .text.USBD_RunTestMode  usbd_core.o
    0x08012f3a   0x08012f3a   0x00000006   PAD
    0x08012f40   0x08012f40   0x0000008c   Code   RO         2663    .text.USBD_SetAddress  usbd_ctlreq.o
    0x08012fcc   0x08012fcc   0x00000004   PAD
    0x08012fd0   0x08012fd0   0x00000036   Code   RO         2616    .text.USBD_SetClassConfig  usbd_core.o
    0x08013006   0x08013006   0x00000002   PAD
    0x08013008   0x08013008   0x0000017e   Code   RO         2665    .text.USBD_SetConfig  usbd_ctlreq.o
    0x08013186   0x08013186   0x00000002   PAD
    0x08013188   0x08013188   0x0000004e   Code   RO         2671    .text.USBD_SetFeature  usbd_ctlreq.o
    0x080131d6   0x080131d6   0x00000002   PAD
    0x080131d8   0x080131d8   0x00000010   Code   RO         2610    .text.USBD_Start    usbd_core.o
    0x080131e8   0x080131e8   0x000000cc   Code   RO         2659    .text.USBD_StdDevReq  usbd_ctlreq.o
    0x080132b4   0x080132b4   0x00000004   PAD
    0x080132b8   0x080132b8   0x000003ac   Code   RO         2679    .text.USBD_StdEPReq  usbd_ctlreq.o
    0x08013664   0x08013664   0x00000004   PAD
    0x08013668   0x08013668   0x000000f4   Code   RO         2677    .text.USBD_StdItfReq  usbd_ctlreq.o
    0x0801375c   0x0801375c   0x00000004   PAD
    0x08013760   0x08013760   0x00000008   Code   RO          317    .text.USBD_static_free  usbd_conf.o
    0x08013768   0x08013768   0x00000010   Code   RO          315    .text.USBD_static_malloc  usbd_conf.o
    0x08013778   0x08013778   0x000000de   Code   RO          460    .text.USB_ActivateEndpoint  stm32h7xx_ll_usb.o
    0x08013856   0x08013856   0x00000002   PAD
    0x08013858   0x08013858   0x0000002c   Code   RO          502    .text.USB_ActivateSetup  stm32h7xx_ll_usb.o
    0x08013884   0x08013884   0x00000004   PAD
    0x08013888   0x08013888   0x00000112   Code   RO          436    .text.USB_CoreInit  stm32h7xx_ll_usb.o
    0x0801399a   0x0801399a   0x00000006   PAD
    0x080139a0   0x080139a0   0x00000084   Code   RO          438    .text.USB_CoreReset  stm32h7xx_ll_usb.o
    0x08013a24   0x08013a24   0x00000004   PAD
    0x08013a28   0x08013a28   0x00000138   Code   RO          464    .text.USB_DeactivateEndpoint  stm32h7xx_ll_usb.o
    0x08013b60   0x08013b60   0x0000002a   Code   RO          484    .text.USB_DevConnect  stm32h7xx_ll_usb.o
    0x08013b8a   0x08013b8a   0x00000006   PAD
    0x08013b90   0x08013b90   0x0000002a   Code   RO          486    .text.USB_DevDisconnect  stm32h7xx_ll_usb.o
    0x08013bba   0x08013bba   0x00000006   PAD
    0x08013bc0   0x08013bc0   0x000002b8   Code   RO          450    .text.USB_DevInit   stm32h7xx_ll_usb.o
    0x08013e78   0x08013e78   0x00000014   Code   RO          444    .text.USB_DisableGlobalInt  stm32h7xx_ll_usb.o
    0x08013e8c   0x08013e8c   0x00000004   PAD
    0x08013e90   0x08013e90   0x0000009e   Code   RO          504    .text.USB_EP0_OutStart  stm32h7xx_ll_usb.o
    0x08013f2e   0x08013f2e   0x00000002   PAD
    0x08013f30   0x08013f30   0x000000a0   Code   RO          478    .text.USB_EPClearStall  stm32h7xx_ll_usb.o
    0x08013fd0   0x08013fd0   0x000000a8   Code   RO          476    .text.USB_EPSetStall  stm32h7xx_ll_usb.o
    0x08014078   0x08014078   0x000003e8   Code   RO          468    .text.USB_EPStartXfer  stm32h7xx_ll_usb.o
    0x08014460   0x08014460   0x0000011c   Code   RO          472    .text.USB_EPStopXfer  stm32h7xx_ll_usb.o
    0x0801457c   0x0801457c   0x00000004   PAD
    0x08014580   0x08014580   0x00000014   Code   RO          442    .text.USB_EnableGlobalInt  stm32h7xx_ll_usb.o
    0x08014594   0x08014594   0x00000004   PAD
    0x08014598   0x08014598   0x00000080   Code   RO          456    .text.USB_FlushRxFifo  stm32h7xx_ll_usb.o
    0x08014618   0x08014618   0x00000086   Code   RO          454    .text.USB_FlushTxFifo  stm32h7xx_ll_usb.o
    0x0801469e   0x0801469e   0x00000002   PAD
    0x080146a0   0x080146a0   0x0000004c   Code   RO          458    .text.USB_GetDevSpeed  stm32h7xx_ll_usb.o
    0x080146ec   0x080146ec   0x00000004   PAD
    0x080146f0   0x080146f0   0x00000010   Code   RO          448    .text.USB_GetMode   stm32h7xx_ll_usb.o
    0x08014700   0x08014700   0x00000024   Code   RO          494    .text.USB_ReadDevAllInEpInterrupt  stm32h7xx_ll_usb.o
    0x08014724   0x08014724   0x00000004   PAD
    0x08014728   0x08014728   0x00000024   Code   RO          492    .text.USB_ReadDevAllOutEpInterrupt  stm32h7xx_ll_usb.o
    0x0801474c   0x0801474c   0x00000004   PAD
    0x08014750   0x08014750   0x0000004e   Code   RO          498    .text.USB_ReadDevInEPInterrupt  stm32h7xx_ll_usb.o
    0x0801479e   0x0801479e   0x00000002   PAD
    0x080147a0   0x080147a0   0x0000002e   Code   RO          496    .text.USB_ReadDevOutEPInterrupt  stm32h7xx_ll_usb.o
    0x080147ce   0x080147ce   0x00000002   PAD
    0x080147d0   0x080147d0   0x0000001a   Code   RO          488    .text.USB_ReadInterrupts  stm32h7xx_ll_usb.o
    0x080147ea   0x080147ea   0x00000006   PAD
    0x080147f0   0x080147f0   0x000000b4   Code   RO          474    .text.USB_ReadPacket  stm32h7xx_ll_usb.o
    0x080148a4   0x080148a4   0x00000004   PAD
    0x080148a8   0x080148a8   0x000000de   Code   RO          446    .text.USB_SetCurrentMode  stm32h7xx_ll_usb.o
    0x08014986   0x08014986   0x00000002   PAD
    0x08014988   0x08014988   0x00000036   Code   RO          482    .text.USB_SetDevAddress  stm32h7xx_ll_usb.o
    0x080149be   0x080149be   0x00000002   PAD
    0x080149c0   0x080149c0   0x00000022   Code   RO          452    .text.USB_SetDevSpeed  stm32h7xx_ll_usb.o
    0x080149e2   0x080149e2   0x00000006   PAD
    0x080149e8   0x080149e8   0x000001ba   Code   RO          440    .text.USB_SetTurnaroundTime  stm32h7xx_ll_usb.o
    0x08014ba2   0x08014ba2   0x00000006   PAD
    0x08014ba8   0x08014ba8   0x00000082   Code   RO          470    .text.USB_WritePacket  stm32h7xx_ll_usb.o
    0x08014c2a   0x08014c2a   0x00000006   PAD
    0x08014c30   0x08014c30   0x00000004   Code   RO          157    .text.UsageFault_Handler  stm32h7xx_it.o
    0x08014c34   0x08014c34   0x00000004   PAD
    0x08014c38   0x08014c38   0x00000030   Code   RO         1048    .text.__NVIC_EnableIRQ  stm32h7xx_hal_cortex.o
    0x08014c68   0x08014c68   0x00000010   Code   RO         1040    .text.__NVIC_GetPriorityGrouping  stm32h7xx_hal_cortex.o
    0x08014c78   0x08014c78   0x00000042   Code   RO         1042    .text.__NVIC_SetPriority  stm32h7xx_hal_cortex.o
    0x08014cba   0x08014cba   0x00000006   PAD
    0x08014cc0   0x08014cc0   0x0000003c   Code   RO         1036    .text.__NVIC_SetPriorityGrouping  stm32h7xx_hal_cortex.o
    0x08014cfc   0x08014cfc   0x00000004   PAD
    0x08014d00   0x08014d00   0x00000034   Code   RO         2837    .text.all_motors_disable  dmotor.o
    0x08014d34   0x08014d34   0x00000004   PAD
    0x08014d38   0x08014d38   0x00000034   Code   RO         2835    .text.all_motors_enable  dmotor.o
    0x08014d6c   0x08014d6c   0x00000004   PAD
    0x08014d70   0x08014d70   0x00000108   Code   RO         2775    .text.analysis_data  can_bsp.o
    0x08014e78   0x08014e78   0x00000024   Code   RO         2761    .text.can_bsp_init  can_bsp.o
    0x08014e9c   0x08014e9c   0x00000004   PAD
    0x08014ea0   0x08014ea0   0x0000004a   Code   RO         2763    .text.can_filter_init  can_bsp.o
    0x08014eea   0x08014eea   0x00000006   PAD
    0x08014ef0   0x08014ef0   0x00000050   Code   RO         2777    .text.can_motor_data_handler  can_bsp.o
    0x08014f40   0x08014f40   0x00000020   Code   RO         2812    .text.delay_init    delay.o
    0x08014f60   0x08014f60   0x0000005c   Code   RO         2816    .text.delay_ms      delay.o
    0x08014fbc   0x08014fbc   0x00000004   PAD
    0x08014fc0   0x08014fc0   0x00000096   Code   RO         2814    .text.delay_us      delay.o
    0x08015056   0x08015056   0x00000002   PAD
    0x08015058   0x08015058   0x0000002c   Code   RO         2771    .text.fdcan1_rx_callback  can_bsp.o
    0x08015084   0x08015084   0x00000004   PAD
    0x08015088   0x08015088   0x0000003a   Code   RO         2767    .text.fdcanx_receive  can_bsp.o
    0x080150c2   0x080150c2   0x00000006   PAD
    0x080150c8   0x080150c8   0x000000b0   Code   RO         2765    .text.fdcanx_send_data  can_bsp.o
    0x08015178   0x08015178   0x00000016   Code   RO         2829    .text.is_motor_index_valid_for_control  dmotor.o
    0x0801518e   0x0801518e   0x00000002   PAD
    0x08015190   0x08015190   0x0000039c   Code   RO           11    .text.main          main.o
    0x0801552c   0x0801552c   0x00000004   PAD
    0x08015530   0x08015530   0x0000003e   Code   RO         2863    .text.mc_init       mc.o
    0x0801556e   0x0801556e   0x00000002   PAD
    0x08015570   0x08015570   0x00000040   Code   RO         2865    .text.mc_run        mc.o
    0x080155b0   0x080155b0   0x00000046   Code   RO         2833    .text.motor_disable  dmotor.o
    0x080155f6   0x080155f6   0x00000002   PAD
    0x080155f8   0x080155f8   0x00000046   Code   RO         2831    .text.motor_enable  dmotor.o
    0x0801563e   0x0801563e   0x00000002   PAD
    0x08015640   0x08015640   0x000001d4   Code   RO         2974    .text.openmv_data_process_float  openmv.o
    0x08015814   0x08015814   0x00000004   PAD
    0x08015818   0x08015818   0x00000094   Code   RO         2849    .text.pos_speed_ctrl  dmotor.o
    0x080158ac   0x080158ac   0x00000004   PAD
    0x080158b0   0x080158b0   0x00000052   Code   RO         2773    .text.uint_to_float  can_bsp.o
    0x08015902   0x08015902   0x00000002   PAD
    0x08015904   0x08015904   0x00000034   Code   RO         3031    i.__0snprintf       mc_w.l(printfa.o)
    0x08015938   0x08015938   0x0000000e   Code   RO         3169    i.__scatterload_copy  mc_w.l(handlers.o)
    0x08015946   0x08015946   0x00000002   Code   RO         3170    i.__scatterload_null  mc_w.l(handlers.o)
    0x08015948   0x08015948   0x0000000e   Code   RO         3171    i.__scatterload_zeroinit  mc_w.l(handlers.o)
    0x08015956   0x08015956   0x00000002   PAD
    0x08015958   0x08015958   0x00000184   Code   RO         3037    i._fp_digits        mc_w.l(printfa.o)
    0x08015adc   0x08015adc   0x0000000e   Code   RO         3127    i._is_digit         mc_w.l(scanf_fp.o)
    0x08015aea   0x08015aea   0x00000002   PAD
    0x08015aec   0x08015aec   0x000006dc   Code   RO         3038    i._printf_core      mc_w.l(printfa.o)
    0x080161c8   0x080161c8   0x00000024   Code   RO         3039    i._printf_post_padding  mc_w.l(printfa.o)
    0x080161ec   0x080161ec   0x0000002e   Code   RO         3040    i._printf_pre_padding  mc_w.l(printfa.o)
    0x0801621a   0x0801621a   0x00000016   Code   RO         3041    i._snputc           mc_w.l(printfa.o)
    0x08016230   0x08016230   0x00000040   Data   RO         3163    .constdata          mc_w.l(ctype_c.o)
    0x08016270   0x08016270   0x0000004c   Data   RO         1916    .rodata..L__const.HAL_FDCAN_Init.CvtEltSize  stm32h7xx_hal_fdcan.o
    0x080162bc   0x080162bc   0x00000010   Data   RO         2596    .rodata.D1CorePrescTable  system_stm32h7xx.o
    0x080162cc   0x080162cc   0x00000010   Data   RO         1917    .rodata.DLCtoBytes  stm32h7xx_hal_fdcan.o
    0x080162dc   0x080162dc   0x00000008   Data   RO          828    .rodata.DMA_CalcBaseAndBitshift.flagBitshiftOffset  stm32h7xx_hal_dma.o
    0x080162e4   0x080162e4   0x00000004   Data   RO         2853    .rodata.MOTOR_CAN_ID_MAP  dmotor.o
    0x080162e8   0x080162e8   0x00000008   Data   RO         2855    .rodata.MOTOR_DISABLE_DATA  dmotor.o
    0x080162f0   0x080162f0   0x00000008   Data   RO         2854    .rodata.MOTOR_ENABLE_DATA  dmotor.o
    0x080162f8   0x080162f8   0x00000002   Data   RO         2791    .rodata.MOTOR_ID_MAP  can_bsp.o
    0x080162fa   0x080162fa   0x00000008   Data   RO         2582    .rodata.UARTEx_SetNbDataToProcess.denominator  stm32h7xx_hal_uart_ex.o
    0x08016302   0x08016302   0x00000008   Data   RO         2581    .rodata.UARTEx_SetNbDataToProcess.numerator  stm32h7xx_hal_uart_ex.o
    0x0801630a   0x0801630a   0x00000018   Data   RO         2537    .rodata.UARTPrescTable  stm32h7xx_hal_uart.o
    0x08016322   0x08016322   0x00000042   Data   RO          228    .rodata.str1.1      usbd_desc.o
    0x08016364   0x08016364   0x0000000c   Data   RO         2976    .rodata.str1.1      openmv.o
    0x08016370   0x08016370   0x00000040   Data   RO         3168    Region$$Table       anon$$obj.o


    Execution Region RW_IRAM1 (Exec base: 0x20000000, Load base: 0x080163b0, Size: 0x000013a8, Max: 0x00020000, ABSOLUTE)

    Exec Addr    Load Addr    Size         Type   Attr      Idx    E Section Name        Object

    0x20000000   0x080163b0   0x00000001   Data   RW         2751    .data.CDCOutEpAdd   usbd_cdc.o
    0x20000001   0x080163b1   0x00000003   PAD
    0x20000004   0x080163b4   0x00000004   Data   RW         2595    .data.SystemD2Clock  system_stm32h7xx.o
    0x20000008   0x080163b8   0x00000014   Data   RW          249    .data.USBD_Interface_fops_HS  usbd_cdc_if.o
    0x2000001c   0x080163cc   0x00000004   Data   RW          226    .data.USBD_LangIDDesc  usbd_desc.o
    0x20000020   0x080163d0   0x0000001a   Data   RW          227    .data.USBD_StringSerial  usbd_desc.o
    0x2000003a   0x080163ea   0x00000002   PAD
    0x2000003c        -       0x00000001   Zero   RW         2689    .bss.USBD_SetConfig.cfgidx  usbd_ctlreq.o
    0x2000003d   0x080163ea   0x00000003   PAD
    0x20000040        -       0x00000220   Zero   RW          322    .bss.USBD_static_malloc.mem  usbd_conf.o
    0x20000260        -       0x00000800   Zero   RW          250    .bss.UserRxBufferHS  usbd_cdc_if.o
    0x20000a60        -       0x00000008   Zero   RW           36    .bss.first_point_one  main.o
    0x20000a68        -       0x00000008   Zero   RW           44    .bss.four_add_pos   main.o
    0x20000a70        -       0x00000008   Zero   RW           46    .bss.four_tar_pos   main.o
    0x20000a78        -       0x00000070   Zero   RW           71    .bss.hadc1          adc.o
    0x20000ae8        -       0x00000078   Zero   RW           72    .bss.hdma_adc1      adc.o
    0x20000b60        -       0x000000a0   Zero   RW           94    .bss.hfdcan1        fdcan.o
    0x20000c00        -       0x0000050c   Zero   RW          321    .bss.hpcd_USB_OTG_HS  usbd_conf.o
    0x2000110c        -       0x00000094   Zero   RW          140    .bss.huart10        usart.o
    0x200011a0        -       0x00000094   Zero   RW          139    .bss.huart7         usart.o
    0x20001234        -       0x00000028   Zero   RW         2794    .bss.motor_Tcoil    can_bsp.o
    0x2000125c        -       0x00000028   Zero   RW         2798    .bss.motor_tor      can_bsp.o
    0x20001284        -       0x00000020   Zero   RW           32    .bss.pid_y          main.o
    0x200012a4        -       0x00000004   Zero   RW         2821    .bss.reload_debug   delay.o
    0x200012a8        -       0x00000032   Zero   RW           34    .bss.rx_buffer      main.o
    0x200012da        -       0x00000032   Zero   RW           33    .bss.rx_cmd         main.o
    0x2000130c        -       0x00000001   Zero   RW           29    .bss.second_point_count  main.o
    0x2000130d        -       0x00000001   Zero   RW           28    .bss.second_point_index  main.o
    0x2000130e   0x080163ea   0x00000002   PAD
    0x20001310        -       0x00000040   Zero   RW           37    .bss.second_points  main.o
    0x20001350        -       0x00000050   Zero   RW           42    .bss.tar_buffer     main.o
    0x200013a0        -       0x00000001   Zero   RW           35    .bss.task_cmd       main.o
    0x200013a1        -       0x00000001   Zero   RW           43    .bss.test_flag      main.o
    0x200013a2   0x080163ea   0x00000002   PAD
    0x200013a4        -       0x00000004   Zero   RW         1217    .bss.uwTick         stm32h7xx_hal.o


    Execution Region RW_IRAM2 (Exec base: 0x24000000, Load base: 0x080163f0, Size: 0x000013a8, Max: 0x00020000, ABSOLUTE)

    Exec Addr    Load Addr    Size         Type   Attr      Idx    E Section Name        Object

    0x24000000   0x080163f0   0x00000001   Data   RW         2752    .data.CDCCmdEpAdd   usbd_cdc.o
    0x24000001   0x080163f1   0x00000001   Data   RW         2750    .data.CDCInEpAdd    usbd_cdc.o
    0x24000002   0x080163f2   0x00000002   PAD
    0x24000004   0x080163f4   0x00000020   Data   RW          223    .data.HS_Desc       usbd_desc.o
    0x24000024   0x08016414   0x00000004   Data   RW         2594    .data.SystemCoreClock  system_stm32h7xx.o
    0x24000028   0x08016418   0x00000038   Data   RW         2748    .data.USBD_CDC      usbd_cdc.o
    0x24000060   0x08016450   0x00000043   Data   RW         2753    .data.USBD_CDC_CfgDesc  usbd_cdc.o
    0x240000a3   0x08016493   0x00000001   PAD
    0x240000a4   0x08016494   0x0000000a   Data   RW         2749    .data.USBD_CDC_DeviceQualifierDesc  usbd_cdc.o
    0x240000ae   0x0801649e   0x00000002   PAD
    0x240000b0   0x080164a0   0x00000012   Data   RW          224    .data.USBD_HS_DeviceDesc  usbd_desc.o
    0x240000c2   0x080164b2   0x00000001   Data   RW           30    .data.enable_flag   main.o
    0x240000c3   0x080164b3   0x00000001   Data   RW         1216    .data.uwTickFreq    stm32h7xx_hal.o
    0x240000c4   0x080164b4   0x00000004   Data   RW         1215    .data.uwTickPrio    stm32h7xx_hal.o
    0x240000c8        -       0x00000200   Zero   RW          229    .bss.USBD_StrDesc   usbd_desc.o
    0x240002c8        -       0x00000800   Zero   RW          251    .bss.UserTxBufferHS  usbd_cdc_if.o
    0x24000ac8        -       0x00000004   Zero   RW           26    .bss.X_IN           main.o
    0x24000acc        -       0x00000004   Zero   RW           27    .bss.Y_IN           main.o
    0x24000ad0        -       0x00000008   Zero   RW           45    .bss.four_cur_pos   main.o
    0x24000ad8        -       0x00000004   Zero   RW         2820    .bss.g_fac_us       delay.o
    0x24000adc        -       0x000002dc   Zero   RW          196    .bss.hUsbDeviceHS   usb_device.o
    0x24000db8        -       0x00000078   Zero   RW          141    .bss.hdma_uart7_tx  usart.o
    0x24000e30        -       0x00000088   Zero   RW          109    .bss.hspi1          spi.o
    0x24000eb8        -       0x0000004c   Zero   RW          123    .bss.htim3          tim.o
    0x24000f04        -       0x00000028   Zero   RW         2793    .bss.motor_Tmos     can_bsp.o
    0x24000f2c        -       0x00000028   Zero   RW         2792    .bss.motor_pos      can_bsp.o
    0x24000f54        -       0x00000028   Zero   RW         2796    .bss.motor_vel      can_bsp.o
    0x24000f7c        -       0x00000020   Zero   RW           31    .bss.pid_x          main.o
    0x24000f9c        -       0x00000002   Zero   RW         2797    .bss.t_int          can_bsp.o
    0x24000f9e        -       0x00000001   Zero   RW           41    .bss.uart_count     main.o
    0x24000f9f   0x080164b8   0x00000001   PAD
    0x24000fa0        -       0x00000002   Zero   RW         2795    .bss.v_int          can_bsp.o
    0x24000fa2   0x080164b8   0x00000006   PAD
    0x24000fa8        -       0x00000400   Zero   RW            1    STACK               startup_stm32h723xx.o


==============================================================================

Image component sizes


      Code (inc. data)   RO Data    RW Data    ZI Data      Debug   Object Name

       466          0          0          0        232       9013   adc.o
       860          8          2          0        204       8017   can_bsp.o
       292          0          0          0          8       1565   delay.o
        76          0          0          0          0       5196   dma.o
       414          0         20          0          0       7348   dmotor.o
       322          0          0          0        160      10912   fdcan.o
       414          0          0          0          0       3030   gpio.o
      1668         24          0          1        353       8170   main.o
       160          0          0          0          0       4448   mc.o
       468          0         12          0          0       1579   openmv.o
       346          0          0          0          0       1222   pid.o
       358          0          0          0        136       8084   spi.o
        36          8        716          0       1024        812   startup_stm32h723xx.o
       294          0          0          5          4      14589   stm32h7xx_hal.o
      5554          0          0          0          0      25018   stm32h7xx_hal_adc.o
       690          0          0          0          0      23474   stm32h7xx_hal_adc_ex.o
       770          0          0          0          0      11240   stm32h7xx_hal_cortex.o
     12446          8          8          0          0      12438   stm32h7xx_hal_dma.o
      5398          0         92          0          0      33492   stm32h7xx_hal_fdcan.o
       982          0          0          0          0       6954   stm32h7xx_hal_gpio.o
        36          0          0          0          0       2202   stm32h7xx_hal_msp.o
      5182          0          0          0          0      14318   stm32h7xx_hal_pcd.o
       246          0          0          0          0       5471   stm32h7xx_hal_pcd_ex.o
       180          0          0          0          0       9248   stm32h7xx_hal_pwr_ex.o
      4714         66          0          0          0      11368   stm32h7xx_hal_rcc.o
      9852        118          0          0          0      18640   stm32h7xx_hal_rcc_ex.o
       700          0          0          0          0      19920   stm32h7xx_hal_spi.o
      2356          0          0          0          0      37500   stm32h7xx_hal_tim.o
       404          0          0          0          0      18167   stm32h7xx_hal_tim_ex.o
      8766        342         24          0          0      29328   stm32h7xx_hal_uart.o
       562          0         16          0          0       8861   stm32h7xx_hal_uart_ex.o
       130          0          0          0          0       1577   stm32h7xx_it.o
      5212          0          0          0          0      19220   stm32h7xx_ll_usb.o
       314          0         16          8          0       5169   system_stm32h7xx.o
       214          0          0          0         76       9444   tim.o
       752          0          0          0        416      11580   usart.o
       122          0          0          0        732       3112   usb_device.o
      2370         12          0        136          0      11016   usbd_cdc.o
       206         36          0         20       4096       2570   usbd_cdc_if.o
      1350          4          0          0       1836      18257   usbd_conf.o
      2130          0          0          0          0       8955   usbd_core.o
      3430         46          0          0          1       8585   usbd_ctlreq.o
       572          0         66         80        512       3454   usbd_desc.o
       232          0          0          0          0       4174   usbd_ioreq.o

    ----------------------------------------------------------------------
     83096        688       1036        260       9804     478737   Object Totals
         0          0         64          0          0          0   (incl. Generated)
      1050         16          0         10         14          0   (incl. Padding)

    ----------------------------------------------------------------------

      Code (inc. data)   RO Data    RW Data    ZI Data      Debug   Library Member Name

        28          0          0          0          0         68   _chval.o
       812          4          0          0          0        112   _scanf.o
       332          0          0          0          0         96   _scanf_int.o
       342          0          0          0          0        100   _scanf_longlong.o
       224          0          0          0          0         96   _scanf_str.o
        64          0          0          0          0         84   _sgetc.o
        40          6         64          0          0         68   ctype_c.o
         0          0          0          0          0          0   entry.o
         0          0          0          0          0          0   entry10a.o
         0          0          0          0          0          0   entry11a.o
         8          4          0          0          0          0   entry2.o
         4          0          0          0          0          0   entry5.o
         0          0          0          0          0          0   entry7b.o
         0          0          0          0          0          0   entry8b.o
         8          4          0          0          0          0   entry9a.o
        30          0          0          0          0          0   handlers.o
        48         10          0          0          0         68   init.o
        10          0          0          0          0         68   isspace_c.o
         0          0          0          0          0          0   iusefp.o
        30          0          0          0          0         68   llshl.o
        36          0          0          0          0         68   llsshr.o
        32          0          0          0          0         68   llushr.o
        36          0          0          0          0         68   memcpya.o
        36          0          0          0          0        108   memseta.o
      2300         84          0          0          0        524   printfa.o
        40          8          0          0          0         84   scanf_char.o
       878         12          0          0          0        216   scanf_fp.o
        56          8          0          0          0         84   sscanf.o
        24          0          0          0          0         68   strcat.o
        20          0          0          0          0         68   strchr.o
        14          0          0          0          0         68   strlen.o
        44          0          0          0          0         80   uidiv.o
        98          0          0          0          0         92   uldiv.o
        48          0          0          0          0         68   cdrcmple.o
        56          0          0          0          0         88   d2f.o
       334          0          0          0          0        148   dadd.o
       222          0          0          0          0        100   ddiv.o
       186          0          0          0          0        176   depilogue.o
        48          0          0          0          0         68   dfixul.o
        24          0          0          0          0         76   dfltul.o
       228          0          0          0          0         96   dmul.o
       110          0          0          0          0        168   fepilogue.o

    ----------------------------------------------------------------------
      6860        140         64          0          0       3412   Library Totals
        10          0          0          0          0          0   (incl. Padding)

    ----------------------------------------------------------------------

      Code (inc. data)   RO Data    RW Data    ZI Data      Debug   Library Name

      5594        140         64          0          0       2424   mc_w.l
      1256          0          0          0          0        988   mf_w.l

    ----------------------------------------------------------------------
      6860        140         64          0          0       3412   Library Totals

    ----------------------------------------------------------------------

==============================================================================


      Code (inc. data)   RO Data    RW Data    ZI Data      Debug   

     89956        828       1100        260       9804     479693   Grand Totals
     89956        828       1100        260       9804     479693   ELF Image Totals
     89956        828       1100        260          0          0   ROM Totals

==============================================================================

    Total RO  Size (Code + RO Data)                91056 (  88.92kB)
    Total RW  Size (RW Data + ZI Data)             10064 (   9.83kB)
    Total ROM Size (Code + RO Data + RW Data)      91316 (  89.18kB)

==============================================================================

